C51 COMPILER V9.60.0.0   APP_PWR_OFF                                                       03/08/2021 17:08:26 PAGE 1   


C51 COMPILER V9.60.0.0, COMPILATION OF MODULE APP_PWR_OFF
OBJECT MODULE PLACED IN .\Output\App_pwr_off.obj
COMPILER INVOKED BY: C:\Keil_v5\C51\BIN\C51.EXE ..\Main\App_pwr_off.c OPTIMIZE(8,SPEED) BROWSE INCDIR(..\Library;..\Main
                    -;..\Library\Device\Include;..\Main\0AC;..\Main) DEFINE(FOSC_160000) DEBUG OBJECTEXTEND PRINT(.\LST\App_pwr_off.lst) TABS
                    -(2) OBJECT(.\Output\App_pwr_off.obj)

line level    source

   1          #include "includes.h"
   2          #include "App_Hall.h"
   3          #include "App_Key.h"
   4          #include "Sys_Init.h"
   5          #include "Sys_Time0_IRQ.h"
   6          #include "APP_EMR_Power.h"
   7          
   8          #define DEF_PWR_OFF_DELAY   200         //*10ms
   9          
  10          static u8 ucPwr_off_status;
  11          
  12          void pwr_off_init(void)
  13          {
  14   1        ucPwr_off_status = 0;
  15   1      }
  16          
  17          void pwr_off_set(void)
  18          {
  19   1        ucPwr_off_status = 1;
  20   1      }
  21          
  22          void pwr_off_server(void)
  23          {
  24   1        static xdata u16 uwTime_cnt = 0;
  25   1          static u16 uwDelay = 0; 
  26   1          
  27   1        if(1 == ucPwr_off_status)
  28   1        {
  29   2          uwTime_cnt++;
  30   2          if(uwTime_cnt >= DEF_PWR_OFF_DELAY)
  31   2          {
  32   3            uwTime_cnt = 0;
  33   3            
  34   3            //
  35   3            ucPwr_off_status = 0;
  36   3            a_oLed_bat_low = 1;
  37   3            a_oLed_dc_in = 1;
  38   3            a_oLed_emr_b = 1;
  39   3            a_oLed_data_w = 1;
  40   3                  a_oPwr_on = 0;        //pwr off
  41   3                  APP_EMR_Power_OFF();    // EMR供电脚拉低
  42   3                  //延时等待电压下降
  43   3                  mTime0_DLY_US(&uwDelay,50000);
  44   3            while(1)
  45   3                  {
  46   4                      if(mTime0_DLY_US(&uwDelay,10000))
  47   4                          continue;
  48   4                      
  49   4                      if(0 == a_iDC_Input)
  50   4                      {
  51   5                          uwTime_cnt++;
  52   5                          if(uwTime_cnt >= 100)
  53   5                          {
C51 COMPILER V9.60.0.0   APP_PWR_OFF                                                       03/08/2021 17:08:26 PAGE 2   

  54   6                              uwTime_cnt = 0;
  55   6                              break;          //充电器接入
  56   6                          }
  57   5                      }
  58   4                      else
  59   4                      {
  60   5                          uwTime_cnt = 0;
  61   5                      }
  62   4                  }
  63   3                  //关机失败
  64   3                  a_oPwr_on = 1;    //pwr on
  65   3                  pwr_on_set(2);      //进入开机状态    
  66   3          }
  67   2        }
  68   1        else
  69   1        {
  70   2          uwTime_cnt = 0;
  71   2        }
  72   1      }


MODULE INFORMATION:   STATIC OVERLAYABLE
   CODE SIZE        =    156    ----
   CONSTANT SIZE    =   ----    ----
   XDATA SIZE       =      2    ----
   PDATA SIZE       =   ----    ----
   DATA SIZE        =      3    ----
   IDATA SIZE       =   ----    ----
   BIT SIZE         =   ----    ----
END OF MODULE INFORMATION.


C51 COMPILATION COMPLETE.  0 WARNING(S),  0 ERROR(S)
