C51 COMPILER V9.60.0.0   APP_KEY                                                           03/08/2021 17:08:26 PAGE 1   


C51 COMPILER V9.60.0.0, COMPILATION OF MODULE APP_KEY
OBJECT MODULE PLACED IN .\Output\App_Key.obj
COMPILER INVOKED BY: C:\Keil_v5\C51\BIN\C51.EXE ..\Main\App_Key.c OPTIMIZE(8,SPEED) BROWSE INCDIR(..\Library;..\Main;..\
                    -Library\Device\Include;..\Main\0AC;..\Main) DEFINE(FOSC_160000) DEBUG OBJECTEXTEND PRINT(.\LST\App_Key.lst) TABS(2) OBJE
                    -CT(.\Output\App_Key.obj)

line level    source

   1          #include "includes.h"
   2          #include "App_Key.h"
   3          #include "Sys_Init.h"
   4          #include "App_BT_Uart0.h"
   5          #include "App_pwr_off.h"
   6          #include "App_Charge_bat.h"
   7          #include "APP_EMR_Power.h"
   8          #include "APP_Low_Power_Mode.h"
   9          
  10          //*5ms
  11          #define c_uwPwr_key_DC_on       20
  12          #define c_uwPwr_key_long_off    500
  13          #define c_uwPwr_key_one_on      300
  14          #define c_uwOpen_led_time       500
  15          
  16          #define M_PWR_ON()  {a_oPwr_on=1;}
  17          #define M_PWR_OFF()  {a_oPwr_on=0;}
  18          
  19          u8 ucPwr_on_status;
  20          bit bPwr_on_frist;
  21          u16 uwPwr_key_long;
  22          
  23          //u16 power_on_state2 = 0xff;
  24          
  25          #if 0
              u8 ucPwr_wake_up_sign;
              
              void app_set_wake_up_sign(u8 value)
              {
                  ucPwr_wake_up_sign = value;
              }
              
              u8 app_get_wake_up_sign(void)
              {
                  return ucPwr_wake_up_sign;
              }
              #endif
  38          
  39          void app_key_init(void)
  40          { 
  41   1          M_PWR_OFF();            //关闭电源
  42   1          ucPwr_on_status = 0;
  43   1          bPwr_on_frist = 0;
  44   1          uwPwr_key_long = 0;
  45   1      }
  46          
  47          u8 pwr_on_status(void)
  48          {
  49   1          return ucPwr_on_status;
  50   1      }
  51          
  52          void pwr_on_set(u8 status)
  53          {
C51 COMPILER V9.60.0.0   APP_KEY                                                           03/08/2021 17:08:26 PAGE 2   

  54   1          ucPwr_on_status = status;
  55   1      }
  56          
  57          static void app_key_process(void)
  58          {
  59   1          app_bt_send_key_on();
  60   1      }
  61          
  62          void app_key_server(void)
  63          {
  64   1          switch(ucPwr_on_status)
  65   1          {
  66   2              case 0:
  67   2              {
  68   3                  //未开机
  69   3                  //power_on_state2 = 1;
  70   3                  //接上充电器自动开机
  71   3                  if(1 == DC_input_status())
  72   3                  {
  73   4                      ucPwr_on_status = 2;     //开机完成
  74   4                      APP_EMR_Power_ON();
  75   4                      M_PWR_ON();
  76   4                      //APP_System_Sleep_State(APP_CMD_SYSTEM_NORMAL_OPERATION_MODE);
  77   4                      return;
  78   4                  }
  79   3                      
  80   3                  //long key
  81   3                  if(1 == a_iPwr_key)
  82   3                  {
  83   4                      //
  84   4                      uwPwr_key_long++;
  85   4                      if(uwPwr_key_long >= c_uwPwr_key_DC_on)
  86   4                      {
  87   5                          uwPwr_key_long = 0;
  88   5      
  89   5                          //
  90   5                          M_PWR_ON();
  91   5                          ucPwr_on_status = 1;     //开机中   
  92   5                          bPwr_on_frist = 1;
  93   5                          APP_EMR_Power_ON();
  94   5                      }
  95   4                  }
  96   3                  else
  97   3                  {
  98   4                      if(uwPwr_key_long > 0)
  99   4                          uwPwr_key_long--;
 100   4                  }
 101   3              }break;
 102   2      
 103   2              case 1:
 104   2              {
 105   3                  //开机中 
 106   3                  a_oLed_bat_low = 0;
 107   3                a_oLed_dc_in = 0;
 108   3                a_oLed_emr_b = 0;
 109   3                a_oLed_data_w = 0;
 110   3                              
 111   3                  //延时
 112   3                  uwPwr_key_long++;
 113   3                  if(uwPwr_key_long >= c_uwOpen_led_time)
 114   3                  {
 115   4                      uwPwr_key_long = 0;
C51 COMPILER V9.60.0.0   APP_KEY                                                           03/08/2021 17:08:26 PAGE 3   

 116   4                      ucPwr_on_status = 2;        //开机完成
 117   4                      //APP_System_Sleep_State(APP_CMD_SYSTEM_NORMAL_OPERATION_MODE);
 118   4                      connect_ctrl_rst();         //重新请求连接，更新文件状态LED
 119   4                  }
 120   3              
 121   3              }break;
 122   2      
 123   2              case 2:
 124   2              {
 125   3                  
 126   3                  //power_on_state2 = 2;
 127   3                  //已经开机
 128   3                  if(1 == a_iPwr_key)
 129   3                  {
 130   4                      if(0 == bPwr_on_frist)
 131   4                      {
 132   5                          uwPwr_key_long++;
 133   5                          if(uwPwr_key_long >= c_uwPwr_key_long_off)
 134   5                          {
 135   6                              uwPwr_key_long = 0;
 136   6      
 137   6                              if(0 == DC_input_status())  //不接充电器才能关机
 138   6                              {
 139   7                                  app_bt_send_key_long(); //通知蓝牙准备关机，等待返回关闭命令
 140   7                                  pwr_off_set();          //自身延时强制关机
 141   7                              }
 142   6                          }
 143   5                      }
 144   4                  }
 145   3                  else
 146   3                  {
 147   4                      if(0 == bPwr_on_frist)
 148   4                      {
 149   5                          if((uwPwr_key_long >= 3) && (uwPwr_key_long < c_uwPwr_key_one_on)) //15ms ~ c_uwPwr_ke
             -y_one_on
 150   5                          {
 151   6                              //if(APP_Get_System_Sleep_Current_Status() != APP_CMD_SYSTEM_DEEP_SLEEP_MODE)
 152   6                              //if(app_get_wake_up_sign() !=  sleep)
 153   6                              {
 154   7                                  //单次按下
 155   7                                  uwPwr_key_long = 0;
 156   7                                  app_key_process();
 157   7                              }
 158   6                          }
 159   5                      }
 160   4                      else
 161   4                      {
 162   5                          bPwr_on_frist = 0;
 163   5                      }
 164   4                      
 165   4                      if(uwPwr_key_long > 0)
 166   4                          uwPwr_key_long--;
 167   4                  }
 168   3              }break;
 169   2          }
 170   1      }


MODULE INFORMATION:   STATIC OVERLAYABLE
   CODE SIZE        =    246    ----
   CONSTANT SIZE    =   ----    ----
   XDATA SIZE       =   ----    ----
C51 COMPILER V9.60.0.0   APP_KEY                                                           03/08/2021 17:08:26 PAGE 4   

   PDATA SIZE       =   ----    ----
   DATA SIZE        =      3    ----
   IDATA SIZE       =   ----    ----
   BIT SIZE         =      1    ----
END OF MODULE INFORMATION.


C51 COMPILATION COMPLETE.  0 WARNING(S),  0 ERROR(S)
