BL51 BANKED LINKER/LOCATER V6.22                                                        11/04/2020  15:29:23  PAGE 1


BL51 BANKED LINKER/LOCATER V6.22, INVOKED BY:
C:\KEIL_MDK\C51\BIN\BL51.EXE .\Output\Main.obj, .\Output\Sys_Init.obj, .\Output\Sys_Time0_IRQ.obj, .\Output\Sys_Adc.obj,
>>  .\Output\Sys_Uart0_IRQ.obj, .\Output\App_BT_Uart0.obj, .\Output\App_Key.obj, .\Output\App_Charge_bat.obj, .\Output\A
>> pp_pwr_off.obj, .\Output\App_iap_info.obj, .\Output\App_blue_led.obj, .\Output\App_Reset_BT.obj, .\Output\APP_Adc.obj
>> , .\Output\Delay.obj, .\Output\STARTUP.obj TO .\Output\Demo PRINT (.\LST\Demo.m51) RAMSIZE (256) DISABLEWARNING (16)


MEMORY MODEL: SMALL


INPUT MODULES INCLUDED:
  .\Output\Main.obj (MAIN)
  .\Output\Sys_Init.obj (SYS_INIT)
  .\Output\Sys_Time0_IRQ.obj (SYS_TIME0_IRQ)
  .\Output\Sys_Adc.obj (SYS_ADC)
  .\Output\Sys_Uart0_IRQ.obj (SYS_UART0_IRQ)
  .\Output\App_BT_Uart0.obj (APP_BT_UART0)
  .\Output\App_Key.obj (APP_KEY)
  .\Output\App_Charge_bat.obj (APP_CHARGE_BAT)
  .\Output\App_pwr_off.obj (APP_PWR_OFF)
  .\Output\App_iap_info.obj (APP_IAP_INFO)
  .\Output\App_blue_led.obj (APP_BLUE_LED)
  .\Output\App_Reset_BT.obj (APP_RESET_BT)
  .\Output\APP_Adc.obj (APP_ADC)
  .\Output\Delay.obj (DELAY)
  .\Output\STARTUP.obj (?C_STARTUP)
  C:\KEIL_MDK\C51\LIB\C51S.LIB (?C_INIT)
  C:\KEIL_MDK\C51\LIB\C51S.LIB (?C?CLDPTR)
  C:\KEIL_MDK\C51\LIB\C51S.LIB (?C?CLDOPTR)
  C:\KEIL_MDK\C51\LIB\C51S.LIB (?C?CSTOPTR)
  C:\KEIL_MDK\C51\LIB\C51S.LIB (?C?ILDPTR)
  C:\KEIL_MDK\C51\LIB\C51S.LIB (?C?ISTPTR)


LINK MAP OF MODULE:  .\Output\Demo (MAIN)


            TYPE    BASE      LENGTH    RELOCATION   SEGMENT NAME
            -----------------------------------------------------

            * * * * * * *   D A T A   M E M O R Y   * * * * * * *
            REG     0000H     0008H     ABSOLUTE     "REG BANK 0"
            DATA    0008H     0017H     UNIT         ?DT?APP_BT_UART0
            DATA    001FH     0001H     UNIT         ?DT?APP_BT_SYSTEM_OPERATION?APP_BT_UART0
            BIT     0020H.0   0000H.2   UNIT         ?BI?SYS_TIME0_IRQ
            BIT     0020H.2   0000H.1   UNIT         ?BI?SYS_UART0_IRQ
            BIT     0020H.3   0000H.1   UNIT         ?BI?APP_BT_UART0
            BIT     0020H.4   0000H.1   UNIT         ?BI?APP_KEY
                    0020H.5   0000H.3                *** GAP ***
            DATA    0021H     001DH     UNIT         _DATA_GROUP_
            DATA    003EH     0012H     UNIT         ?DT?SYS_UART0_IRQ
            DATA    0050H     0008H     UNIT         ?DT?APP_CHARGE_BAT
            DATA    0058H     0006H     UNIT         ?DT?APP_KEY
            DATA    005EH     0005H     UNIT         ?DT?APP_ADC
            DATA    0063H     0004H     UNIT         ?DT?APP_PWR_OFF
            DATA    0067H     0003H     UNIT         ?DT?SYS_TIME0_IRQ
            DATA    006AH     0003H     UNIT         ?DT?APP_BLUE_LED
            DATA    006DH     0002H     UNIT         ?DT?MAIN
BL51 BANKED LINKER/LOCATER V6.22                                                      11/04/2020  15:29:23  PAGE 2


            DATA    006FH     0002H     UNIT         ?DT?SYS_ADC
            DATA    0071H     0002H     UNIT         ?DT?APP_RESET_BT
            DATA    0073H     0001H     UNIT         ?DT?APP_BT_SYSTEM_SHUTDOWN?APP_BT_UART0
            IDATA   0074H     0001H     UNIT         ?STACK

            * * * * * * *  X D A T A   M E M O R Y  * * * * * * *
            XDATA   0000H     0025H     UNIT         _XDATA_GROUP_
            XDATA   0025H     000FH     UNIT         ?XD?APP_CHARGE_BAT
            XDATA   0034H     0002H     UNIT         ?XD?APP_PWR_OFF
            XDATA   0036H     0001H     UNIT         ?XD?APP_BLUE_LED

            * * * * * * *   C O D E   M E M O R Y   * * * * * * *
            CODE    0000H     0003H     ABSOLUTE     
            CODE    0003H     0008H     UNIT         ?PR?_UART0_SEND_BYTE?SYS_UART0_IRQ
            CODE    000BH     0003H     ABSOLUTE     
            CODE    000EH     0013H     UNIT         ?PR?APP_BT_SHUT_DOWN_TIME_CLR?APP_BT_UART0
            CODE    0021H     0001H     UNIT         ?PR?MODULE_INIT?SYS_INIT
                    0022H     0001H                  *** GAP ***
            CODE    0023H     0003H     ABSOLUTE     
            CODE    0026H     02BCH     UNIT         ?PR?DC_INPUT_CHECK?APP_CHARGE_BAT
            CODE    02E2H     0160H     UNIT         ?PR?APP_KEY_SERVER?APP_KEY
            CODE    0442H     013CH     UNIT         ?PR?_APP_BT_PROCESS_CMD?APP_BT_UART0
            CODE    057EH     010DH     UNIT         ?PR?BLUE_LED_SERVER?APP_BLUE_LED
            CODE    068BH     00B2H     UNIT         ?C?LIB_CODE
            CODE    073DH     009AH     UNIT         ?C_C51STARTUP
            CODE    07D7H     0098H     UNIT         ?PR?PWR_OFF_SERVER?APP_PWR_OFF
            CODE    086FH     0095H     UNIT         ?PR?_APP_BT_SEND?APP_BT_UART0
            CODE    0904H     0091H     UNIT         ?PR?MODIFY_HIRC_VLAUE?SYS_INIT
            CODE    0995H     0087H     UNIT         ?PR?LED_CTRL?APP_CHARGE_BAT
            CODE    0A1CH     0080H     UNIT         ?PR?_IAP_FLAG_WRITE?APP_IAP_INFO
            CODE    0A9CH     007BH     UNIT         ?C_INITSEG
            CODE    0B17H     006DH     UNIT         ?PR?_APP_BT_PROCESS?APP_BT_UART0
            CODE    0B84H     006CH     UNIT         ?PR?UART0_IRQHANDLER?SYS_UART0_IRQ
            CODE    0BF0H     0068H     UNIT         ?PR?CONNECT_CTRL?APP_BT_UART0
            CODE    0C58H     0062H     UNIT         ?PR?_TIME0_DLY?SYS_TIME0_IRQ
            CODE    0CBAH     005DH     UNIT         ?PR?_IAP_FLAG_READ?APP_IAP_INFO
            CODE    0D17H     005BH     UNIT         ?PR?_IAP_FLAG_ERASE?APP_IAP_INFO
            CODE    0D72H     0053H     UNIT         ?PR?BAT_ADC_DATA?APP_CHARGE_BAT
            CODE    0DC5H     004DH     UNIT         ?PR?MAIN?MAIN
            CODE    0E12H     004DH     UNIT         ?PR?APP_ADC_SERVER?APP_ADC
            CODE    0E5FH     0044H     UNIT         ?PR?PORT_INIT?SYS_INIT
            CODE    0EA3H     0042H     UNIT         ?PR?_IAP_INFO_READ?APP_IAP_INFO
            CODE    0EE5H     0041H     UNIT         ?PR?RCC_INIT?SYS_INIT
            CODE    0F26H     0040H     UNIT         ?PR?ADC_SERVER?SYS_ADC
            CODE    0F66H     003FH     UNIT         ?PR?_UART0_SEND_BYTE_PUSH?SYS_UART0_IRQ
            CODE    0FA5H     0032H     UNIT         ?PR?TMR0_IRQHANDLER?SYS_TIME0_IRQ
            CODE    0FD7H     0031H     UNIT         ?PR?IAP_INFO_WRITE?APP_IAP_INFO
            CODE    1008H     002FH     UNIT         ?PR?TRIGGER_IAP?APP_IAP_INFO
            CODE    1037H     002BH     UNIT         ?PR?UART0_INIT?SYS_UART0_IRQ
            CODE    1062H     0026H     UNIT         ?PR?_DELAY_MS?DELAY
            CODE    1088H     001EH     UNIT         ?PR?ADC_INIT?SYS_ADC
            CODE    10A6H     001EH     UNIT         ?PR?_BLUE_LED_MODE?APP_BLUE_LED
            CODE    10C4H     001DH     UNIT         ?PR?REV_TIMEOUT?APP_BT_UART0
            CODE    10E1H     001CH     UNIT         ?PR?APP_RESET_BT_SERVER?APP_RESET_BT
            CODE    10FDH     001BH     UNIT         ?PR?_APP_BT_ADC_DATA?APP_BT_UART0
            CODE    1118H     0019H     UNIT         ?PR?TIME0_INIT?SYS_TIME0_IRQ
            CODE    1131H     0018H     UNIT         ?PR?APP_CHARGE_BAT_SERVER?APP_CHARGE_BAT
BL51 BANKED LINKER/LOCATER V6.22                                                      11/04/2020  15:29:23  PAGE 3


            CODE    1149H     0017H     UNIT         ?PR?APP_BT_SEND_KEY_ON?APP_BT_UART0
            CODE    1160H     0017H     UNIT         ?PR?APP_BT_SEND_KEY_LONG?APP_BT_UART0
            CODE    1177H     0017H     UNIT         ?PR?APP_BT_SYSTEM_OPERATION?APP_BT_UART0
            CODE    118EH     0017H     UNIT         ?PR?APP_BT_SYSTEM_SHUTDOWN?APP_BT_UART0
            CODE    11A5H     0016H     UNIT         ?PR?_POWER_LED?APP_CHARGE_BAT
            CODE    11BBH     0012H     UNIT         ?PR?APP_CHARGE_BAT_INIT?APP_CHARGE_BAT
            CODE    11CDH     0011H     UNIT         ?PR?APP_BT_INIT?APP_BT_UART0
            CODE    11DEH     000FH     UNIT         ?PR?SYS_INIT?SYS_INIT
            CODE    11EDH     000DH     UNIT         ?PR?_PUTCHAR?SYS_UART0_IRQ
            CODE    11FAH     000CH     UNIT         ?PR?APP_KEY_INIT?APP_KEY
            CODE    1206H     000CH     UNIT         ?PR?_DELAY_US?DELAY
            CODE    1212H     0009H     UNIT         ?PR?IAP_IAPA_INC?APP_IAP_INFO
            CODE    121BH     0009H     UNIT         ?PR?APP_RESET_BT_START?APP_RESET_BT
            CODE    1224H     0006H     UNIT         ?PR?APP_BT_SERVER?APP_BT_UART0
            CODE    122AH     0006H     UNIT         ?PR?CONNECT_CTRL_RST?APP_BT_UART0
            CODE    1230H     0005H     UNIT         ?PR?ADC_DATA_GET?SYS_ADC
            CODE    1235H     0005H     UNIT         ?PR?BLUE_LED_INIT?APP_BLUE_LED
            CODE    123AH     0004H     UNIT         ?PR?PWR_OFF_INIT?APP_PWR_OFF
            CODE    123EH     0004H     UNIT         ?PR?PWR_OFF_SET?APP_PWR_OFF
            CODE    1242H     0003H     UNIT         ?PR?APP_BT_POWER_LED_STATUS?APP_BT_UART0
            CODE    1245H     0003H     UNIT         ?PR?PWR_ON_STATUS?APP_KEY
            CODE    1248H     0003H     UNIT         ?PR?_PWR_ON_SET?APP_KEY
            CODE    124BH     0003H     UNIT         ?PR?APP_KEY_PROCESS?APP_KEY
            CODE    124EH     0003H     UNIT         ?PR?DC_INPUT_STATUS?APP_CHARGE_BAT



OVERLAY MAP OF MODULE:   .\Output\Demo (MAIN)


SEGMENT                                            DATA_GROUP          XDATA_GROUP
  +--> CALLED SEGMENT                            START    LENGTH     START    LENGTH
------------------------------------------------------------------------------------
?PR?UART0_IRQHANDLER?SYS_UART0_IRQ               -----    -----      -----    -----
  +--> ?PR?_APP_BT_PROCESS?APP_BT_UART0

?PR?_APP_BT_PROCESS?APP_BT_UART0                 -----    -----      -----    -----
  +--> ?PR?_APP_BT_PROCESS_CMD?APP_BT_UART0

?PR?_APP_BT_PROCESS_CMD?APP_BT_UART0             0021H    0003H      0000H    0008H
  +--> ?PR?_BLUE_LED_MODE?APP_BLUE_LED
  +--> ?PR?PWR_OFF_SET?APP_PWR_OFF
  +--> ?PR?_POWER_LED?APP_CHARGE_BAT
  +--> ?PR?_IAP_INFO_READ?APP_IAP_INFO
  +--> ?PR?IAP_INFO_WRITE?APP_IAP_INFO
  +--> ?PR?APP_RESET_BT_START?APP_RESET_BT

?PR?_IAP_INFO_READ?APP_IAP_INFO                  0031H    0006H      0015H    0005H
  +--> ?PR?_IAP_FLAG_READ?APP_IAP_INFO

?PR?_IAP_FLAG_READ?APP_IAP_INFO                  0037H    0007H      -----    -----
  +--> ?PR?TRIGGER_IAP?APP_IAP_INFO
  +--> ?PR?IAP_IAPA_INC?APP_IAP_INFO

?PR?IAP_INFO_WRITE?APP_IAP_INFO                  -----    -----      0008H    0005H
  +--> ?PR?_IAP_FLAG_ERASE?APP_IAP_INFO
  +--> ?PR?_IAP_FLAG_WRITE?APP_IAP_INFO
BL51 BANKED LINKER/LOCATER V6.22                                                      11/04/2020  15:29:23  PAGE 4



?PR?_IAP_FLAG_ERASE?APP_IAP_INFO                 -----    -----      -----    -----
  +--> ?PR?TRIGGER_IAP?APP_IAP_INFO

?PR?_IAP_FLAG_WRITE?APP_IAP_INFO                 0024H    0007H      -----    -----
  +--> ?PR?TRIGGER_IAP?APP_IAP_INFO
  +--> ?PR?IAP_IAPA_INC?APP_IAP_INFO

*** NEW ROOT ***************************************************

?C_C51STARTUP                                    -----    -----      -----    -----
  +--> ?PR?MAIN?MAIN
  +--> ?C_INITSEG

?PR?MAIN?MAIN                                    -----    -----      -----    -----
  +--> ?PR?SYS_INIT?SYS_INIT
  +--> ?PR?PWR_OFF_INIT?APP_PWR_OFF
  +--> ?PR?APP_CHARGE_BAT_INIT?APP_CHARGE_BAT
  +--> ?PR?APP_KEY_INIT?APP_KEY
  +--> ?PR?APP_BT_INIT?APP_BT_UART0
  +--> ?PR?_DELAY_MS?DELAY
  +--> ?PR?ADC_SERVER?SYS_ADC
  +--> ?PR?_TIME0_DLY?SYS_TIME0_IRQ
  +--> ?PR?APP_KEY_SERVER?APP_KEY
  +--> ?PR?APP_CHARGE_BAT_SERVER?APP_CHARGE_BAT
  +--> ?PR?APP_BT_SERVER?APP_BT_UART0
  +--> ?PR?PWR_OFF_SERVER?APP_PWR_OFF
  +--> ?PR?APP_ADC_SERVER?APP_ADC
  +--> ?PR?PWR_ON_STATUS?APP_KEY
  +--> ?PR?BLUE_LED_SERVER?APP_BLUE_LED

?PR?SYS_INIT?SYS_INIT                            -----    -----      -----    -----
  +--> ?PR?RCC_INIT?SYS_INIT
  +--> ?PR?TIME0_INIT?SYS_TIME0_IRQ
  +--> ?PR?ADC_INIT?SYS_ADC
  +--> ?PR?PORT_INIT?SYS_INIT
  +--> ?PR?UART0_INIT?SYS_UART0_IRQ

?PR?RCC_INIT?SYS_INIT                            -----    -----      -----    -----
  +--> ?PR?MODIFY_HIRC_VLAUE?SYS_INIT

?PR?APP_BT_INIT?APP_BT_UART0                     -----    -----      -----    -----
  +--> ?PR?UART0_INIT?SYS_UART0_IRQ

?PR?_DELAY_MS?DELAY                              0031H    0004H      -----    -----
  +--> ?PR?_DELAY_US?DELAY

?PR?_TIME0_DLY?SYS_TIME0_IRQ                     0031H    0004H      -----    -----

?PR?APP_KEY_SERVER?APP_KEY                       -----    -----      -----    -----
  +--> ?PR?CONNECT_CTRL_RST?APP_BT_UART0
  +--> ?PR?_BLUE_LED_MODE?APP_BLUE_LED
  +--> ?PR?APP_BT_SHUT_DOWN_TIME_CLR?APP_BT_...
  +--> ?PR?APP_BT_SEND_KEY_LONG?APP_BT_UART0
  +--> ?PR?APP_KEY_PROCESS?APP_KEY

?PR?APP_BT_SHUT_DOWN_TIME_CLR?APP_BT_...         0031H    0001H      -----    -----
BL51 BANKED LINKER/LOCATER V6.22                                                      11/04/2020  15:29:23  PAGE 5


  +--> ?PR?_APP_BT_SEND?APP_BT_UART0

?PR?_APP_BT_SEND?APP_BT_UART0                    0033H    0008H      0015H    0010H
  +--> ?PR?_UART0_SEND_BYTE_PUSH?SYS_UART0_IRQ

?PR?APP_BT_SEND_KEY_LONG?APP_BT_UART0            0031H    0001H      -----    -----
  +--> ?PR?_APP_BT_SEND?APP_BT_UART0

?PR?APP_KEY_PROCESS?APP_KEY                      -----    -----      -----    -----
  +--> ?PR?APP_BT_SEND_KEY_ON?APP_BT_UART0

?PR?APP_BT_SEND_KEY_ON?APP_BT_UART0              0031H    0001H      -----    -----
  +--> ?PR?_APP_BT_SEND?APP_BT_UART0

?PR?APP_CHARGE_BAT_SERVER?APP_CHARGE_BAT         -----    -----      -----    -----
  +--> ?PR?BAT_ADC_DATA?APP_CHARGE_BAT
  +--> ?PR?DC_INPUT_CHECK?APP_CHARGE_BAT
  +--> ?PR?PWR_ON_STATUS?APP_KEY
  +--> ?PR?DC_INPUT_STATUS?APP_CHARGE_BAT
  +--> ?PR?LED_CTRL?APP_CHARGE_BAT

?PR?BAT_ADC_DATA?APP_CHARGE_BAT                  -----    -----      -----    -----
  +--> ?PR?ADC_DATA_GET?SYS_ADC

?PR?DC_INPUT_CHECK?APP_CHARGE_BAT                -----    -----      -----    -----
  +--> ?PR?PWR_ON_STATUS?APP_KEY
  +--> ?PR?APP_BT_POWER_LED_STATUS?APP_BT_UART0
  +--> ?PR?APP_BT_SEND_KEY_LONG?APP_BT_UART0
  +--> ?PR?PWR_OFF_SET?APP_PWR_OFF

?PR?APP_BT_SERVER?APP_BT_UART0                   -----    -----      -----    -----
  +--> ?PR?CONNECT_CTRL?APP_BT_UART0
  +--> ?PR?REV_TIMEOUT?APP_BT_UART0

?PR?CONNECT_CTRL?APP_BT_UART0                    -----    -----      000DH    0008H
  +--> ?PR?_IAP_INFO_READ?APP_IAP_INFO
  +--> ?PR?_APP_BT_SEND?APP_BT_UART0
  +--> ?PR?PWR_OFF_SET?APP_PWR_OFF

?PR?PWR_OFF_SERVER?APP_PWR_OFF                   -----    -----      -----    -----
  +--> ?PR?_TIME0_DLY?SYS_TIME0_IRQ
  +--> ?PR?_PWR_ON_SET?APP_KEY

?PR?APP_ADC_SERVER?APP_ADC                       -----    -----      -----    -----
  +--> ?PR?ADC_DATA_GET?SYS_ADC
  +--> ?PR?_APP_BT_ADC_DATA?APP_BT_UART0

?PR?_APP_BT_ADC_DATA?APP_BT_UART0                0031H    0002H      -----    -----
  +--> ?PR?_APP_BT_SEND?APP_BT_UART0



SYMBOL TABLE OF MODULE:  .\Output\Demo (MAIN)

  VALUE           TYPE          NAME
  ----------------------------------

BL51 BANKED LINKER/LOCATER V6.22                                                      11/04/2020  15:29:23  PAGE 6


  -------         MODULE        MAIN
  C:0000H         SYMBOL        _ICE_DUMMY_
  D:0080H         PUBLIC        P0
  D:0090H         PUBLIC        P1
  D:00A0H         PUBLIC        P2
  D:00B0H         PUBLIC        P3
  B:00A8H.7       PUBLIC        EA
  D:00D8H         PUBLIC        PWMCON0
  D:00A8H         PUBLIC        IE
  D:00B8H         PUBLIC        IP
  C:0DC5H         PUBLIC        main
  D:0098H         PUBLIC        SCON
  D:0088H         PUBLIC        TCON
  D:00F8H         PUBLIC        SCON_1
  D:00E8H         PUBLIC        ADCCON0
  D:00C0H         PUBLIC        I2CON
  D:00C8H         PUBLIC        T2CON
  D:00D0H         PUBLIC        PSW
  -------         PROC          MAIN
  -------         DO            
  D:006DH         SYMBOL        uwMain_Clk
  -------         ENDDO         
  C:0DC5H         LINE#         15
  C:0DC5H         LINE#         16
  C:0DC5H         LINE#         19
  C:0DC7H         LINE#         21
  C:0DCAH         LINE#         23
  C:0DCCH         LINE#         25
  C:0DCDH         LINE#         29
  C:0DD0H         LINE#         30
  C:0DD3H         LINE#         31
  C:0DD6H         LINE#         32
  C:0DD9H         LINE#         33
  C:0DE0H         LINE#         34
  C:0DE0H         LINE#         35
  C:0DE0H         LINE#         36
  C:0DE3H         LINE#         37
  C:0DE6H         LINE#         38
  C:0DE6H         LINE#         39
  C:0DE8H         LINE#         40
  C:0DE8H         LINE#         41
  C:0DF8H         LINE#         42
  C:0DF8H         LINE#         43
  C:0DFBH         LINE#         44
  C:0DFEH         LINE#         45
  C:0E01H         LINE#         46
  C:0E04H         LINE#         47
  C:0E07H         LINE#         49
  C:0E0DH         LINE#         50
  C:0E0DH         LINE#         51
  C:0E10H         LINE#         52
  C:0E10H         LINE#         53
  C:0E10H         LINE#         54
  -------         ENDPROC       MAIN
  -------         ENDMOD        MAIN

  -------         MODULE        SYS_INIT
BL51 BANKED LINKER/LOCATER V6.22                                                      11/04/2020  15:29:23  PAGE 7


  C:0000H         SYMBOL        _ICE_DUMMY_
  D:00B1H         PUBLIC        P0M1
  D:00B3H         PUBLIC        P1M1
  D:00B2H         PUBLIC        P0M2
  D:0080H         PUBLIC        P0
  D:00B4H         PUBLIC        P1M2
  D:0090H         PUBLIC        P1
  D:00ACH         PUBLIC        P3M1
  D:00A0H         PUBLIC        P2
  D:00B0H         PUBLIC        P3
  D:00ADH         PUBLIC        P3M2
  D:0084H         PUBLIC        RCTRIM0
  D:0085H         PUBLIC        RCTRIM1
  B:00A8H.7       PUBLIC        EA
  D:00D8H         PUBLIC        PWMCON0
  D:00A8H         PUBLIC        IE
  D:0096H         PUBLIC        CKSWT
  D:00C7H         PUBLIC        TA
  D:00B8H         PUBLIC        IP
  D:0097H         PUBLIC        CKEN
  C:0904H         SYMBOL        MODIFY_HIRC_VLAUE
  D:0098H         PUBLIC        SCON
  D:0088H         PUBLIC        TCON
  D:009FH         PUBLIC        CHPCON
  C:0E5FH         SYMBOL        Port_init
  D:00F8H         PUBLIC        SCON_1
  D:00A4H         PUBLIC        IAPTRG
  C:0EE5H         SYMBOL        RCC_Init
  D:00E8H         PUBLIC        ADCCON0
  D:00C0H         PUBLIC        I2CON
  C:0021H         PUBLIC        Module_Init
  D:00A7H         PUBLIC        IAPAH
  D:00AEH         PUBLIC        IAPFD
  D:00C8H         PUBLIC        T2CON
  D:00A6H         PUBLIC        IAPAL
  D:00AFH         PUBLIC        IAPCN
  B:00D0H.5       PUBLIC        F0
  C:11DEH         PUBLIC        SYS_Init
  D:00D0H         PUBLIC        PSW
  -------         PROC          MODIFY_HIRC_VLAUE
  -------         DO            
  D:0007H         SYMBOL        hircmap0
  D:0005H         SYMBOL        hircmap1
  D:0006H         SYMBOL        trimvalue16bit
  -------         ENDDO         
  C:0904H         LINE#         36
  C:0904H         LINE#         37
  C:0904H         LINE#         41
  C:0917H         LINE#         42
  C:091AH         LINE#         43
  C:091DH         LINE#         44
  C:0920H         LINE#         45
  C:0933H         LINE#         46
  C:0935H         LINE#         47
  C:0938H         LINE#         48
  C:093AH         LINE#         49
  C:094DH         LINE#         50
BL51 BANKED LINKER/LOCATER V6.22                                                      11/04/2020  15:29:23  PAGE 8


  C:094FH         LINE#         51
  C:0962H         LINE#         52
  C:0973H         LINE#         53
  C:097BH         LINE#         54
  C:097FH         LINE#         55
  C:0984H         LINE#         56
  C:0987H         LINE#         57
  C:098AH         LINE#         58
  C:098CH         LINE#         59
  C:098FH         LINE#         60
  C:0992H         LINE#         61
  C:0994H         LINE#         62
  -------         ENDPROC       MODIFY_HIRC_VLAUE
  -------         PROC          RCC_INIT
  C:0EE5H         LINE#         71
  C:0EE5H         LINE#         72
  C:0EE5H         LINE#         76
  C:0EF8H         LINE#         77
  C:0F0BH         LINE#         78
  C:0F1EH         LINE#         80
  C:0F23H         LINE#         82
  -------         ENDPROC       RCC_INIT
  -------         PROC          SYS_INIT
  C:11DEH         LINE#         111
  C:11DEH         LINE#         112
  C:11DEH         LINE#         113
  C:11E1H         LINE#         114
  C:11E4H         LINE#         115
  C:11E7H         LINE#         116
  C:11EAH         LINE#         117
  -------         ENDPROC       SYS_INIT
  -------         PROC          MODULE_INIT
  C:0021H         LINE#         127
  C:0021H         LINE#         128
  C:0021H         LINE#         130
  -------         ENDPROC       MODULE_INIT
  -------         PROC          PORT_INIT
  C:0E5FH         LINE#         132
  C:0E5FH         LINE#         133
  C:0E5FH         LINE#         134
  C:0E6CH         LINE#         136
  C:0E72H         LINE#         137
  C:0E78H         LINE#         140
  C:0E7EH         LINE#         141
  C:0E84H         LINE#         142
  C:0E8AH         LINE#         145
  C:0E90H         LINE#         146
  C:0E96H         LINE#         149
  C:0E9CH         LINE#         152
  C:0EA2H         LINE#         153
  -------         ENDPROC       PORT_INIT
  -------         ENDMOD        SYS_INIT

  -------         MODULE        SYS_TIME0_IRQ
  C:0000H         SYMBOL        _ICE_DUMMY_
  D:0080H         PUBLIC        P0
  D:0090H         PUBLIC        P1
BL51 BANKED LINKER/LOCATER V6.22                                                      11/04/2020  15:29:23  PAGE 9


  D:0068H         SYMBOL        uwTick_Cnt
  D:00A0H         PUBLIC        P2
  D:00B0H         PUBLIC        P3
  D:00D8H         PUBLIC        PWMCON0
  C:0C58H         PUBLIC        _Time0_DLY
  D:00A8H         PUBLIC        IE
  D:00B8H         PUBLIC        IP
  D:0098H         PUBLIC        SCON
  C:0FA5H         PUBLIC        TMR0_IRQHandler
  D:0089H         PUBLIC        TMOD
  D:0088H         PUBLIC        TCON
  C:1118H         PUBLIC        Time0_Init
  B:0020H.0       PUBLIC        fMain_INT
  D:00F8H         PUBLIC        SCON_1
  B:00A8H.1       PUBLIC        ET0
  B:0088H.5       PUBLIC        TF0
  D:008CH         PUBLIC        TH0
  D:008AH         PUBLIC        TL0
  B:00B8H.1       PUBLIC        PT0
  B:0088H.4       PUBLIC        TR0
  D:00E8H         PUBLIC        ADCCON0
  D:00C0H         PUBLIC        I2CON
  D:00B7H         PUBLIC        IPH
  D:00C8H         PUBLIC        T2CON
  D:008EH         PUBLIC        CKCON
  B:0020H.1       SYMBOL        fTick_Busy
  D:00D0H         PUBLIC        PSW
  -------         PROC          TIME0_INIT
  C:1118H         LINE#         21
  C:1118H         LINE#         22
  C:1118H         LINE#         23
  C:111EH         LINE#         25
  C:1121H         LINE#         26
  C:1124H         LINE#         28
  C:1127H         LINE#         29
  C:1129H         LINE#         31
  C:112CH         LINE#         32
  C:112EH         LINE#         34
  C:1130H         LINE#         35
  -------         ENDPROC       TIME0_INIT
  -------         PROC          _TIME0_DLY
  D:0001H         SYMBOL        puwReg
  D:0004H         SYMBOL        uwTime
  -------         DO            
  D:0031H         SYMBOL        uwTick
  D:0033H         SYMBOL        uwTmp
  -------         ENDDO         
  C:0C58H         LINE#         37
  C:0C58H         LINE#         38
  C:0C58H         LINE#         42
  C:0C63H         LINE#         43
  C:0C63H         LINE#         44
  C:0C66H         LINE#         45
  C:0C66H         LINE#         47
  C:0C68H         LINE#         48
  C:0C6EH         LINE#         49
  C:0C70H         LINE#         51
BL51 BANKED LINKER/LOCATER V6.22                                                      11/04/2020  15:29:23  PAGE 10


  C:0C7EH         LINE#         52
  C:0C7EH         LINE#         53
  C:0C90H         LINE#         54
  C:0C92H         LINE#         56
  C:0C92H         LINE#         57
  C:0CA3H         LINE#         58
  C:0CA3H         LINE#         61
  C:0CACH         LINE#         62
  C:0CACH         LINE#         63
  C:0CB4H         LINE#         64
  C:0CB7H         LINE#         65
  C:0CB7H         LINE#         67
  C:0CB9H         LINE#         68
  -------         ENDPROC       _TIME0_DLY
  -------         PROC          TMR0_IRQHANDLER
  -------         DO            
  D:0067H         SYMBOL        ubBusy_Cnt
  -------         ENDDO         
  C:0FA5H         LINE#         70
  C:0FA9H         LINE#         74
  C:0FA9H         LINE#         75
  C:0FAFH         LINE#         76
  C:0FB1H         LINE#         80
  C:0FB3H         LINE#         81
  C:0FB6H         LINE#         82
  C:0FB6H         LINE#         83
  C:0FB8H         LINE#         84
  C:0FBAH         LINE#         86
  C:0FBAH         LINE#         87
  C:0FC2H         LINE#         88
  C:0FC6H         LINE#         89
  C:0FC6H         LINE#         90
  C:0FCFH         LINE#         91
  C:0FD2H         LINE#         92
  C:0FD2H         LINE#         93
  C:0FD2H         LINE#         97
  -------         ENDPROC       TMR0_IRQHANDLER
  -------         ENDMOD        SYS_TIME0_IRQ

  -------         MODULE        SYS_ADC
  C:0000H         SYMBOL        _ICE_DUMMY_
  D:00F6H         PUBLIC        AINDIDS
  D:00B1H         PUBLIC        P0M1
  C:1088H         PUBLIC        Adc_Init
  D:00B2H         PUBLIC        P0M2
  D:0080H         PUBLIC        P0
  D:0090H         PUBLIC        P1
  D:00A0H         PUBLIC        P2
  D:00B0H         PUBLIC        P3
  C:0F26H         PUBLIC        Adc_server
  D:00D8H         PUBLIC        PWMCON0
  D:00A8H         PUBLIC        IE
  B:00E8H.7       PUBLIC        ADCF
  D:00B8H         PUBLIC        IP
  B:00E8H.6       PUBLIC        ADCS
  D:0098H         PUBLIC        SCON
  D:0088H         PUBLIC        TCON
BL51 BANKED LINKER/LOCATER V6.22                                                      11/04/2020  15:29:23  PAGE 11


  D:00F8H         PUBLIC        SCON_1
  D:00E8H         PUBLIC        ADCCON0
  D:00E1H         PUBLIC        ADCCON1
  D:00C0H         PUBLIC        I2CON
  D:00C3H         PUBLIC        ADCRH
  C:1230H         PUBLIC        Adc_Data_Get
  D:00C8H         PUBLIC        T2CON
  D:00C2H         PUBLIC        ADCRL
  D:006FH         SYMBOL        uwAdc_data
  D:00D0H         PUBLIC        PSW
  -------         PROC          ADC_INIT
  C:1088H         LINE#         19
  C:1088H         LINE#         20
  C:1088H         LINE#         21
  C:109DH         LINE#         22
  C:109FH         LINE#         23
  C:10A1H         LINE#         24
  C:10A5H         LINE#         25
  -------         ENDPROC       ADC_INIT
  -------         PROC          ADC_DATA_GET
  C:1230H         LINE#         27
  C:1230H         LINE#         28
  C:1230H         LINE#         29
  C:1234H         LINE#         30
  -------         ENDPROC       ADC_DATA_GET
  -------         PROC          ADC_SERVER
  -------         DO            
  D:0006H         SYMBOL        uwTmp
  -------         ENDDO         
  C:0F26H         LINE#         32
  C:0F26H         LINE#         33
  C:0F26H         LINE#         36
  C:0F29H         LINE#         37
  C:0F29H         LINE#         39
  C:0F29H         LINE#         40
  C:0F2BH         LINE#         42
  C:0F3CH         LINE#         44
  C:0F45H         LINE#         45
  C:0F4EH         LINE#         47
  C:0F63H         LINE#         50
  C:0F65H         LINE#         51
  -------         ENDPROC       ADC_SERVER
  -------         ENDMOD        SYS_ADC

  -------         MODULE        SYS_UART0_IRQ
  C:0000H         SYMBOL        _ICE_DUMMY_
  D:00B1H         PUBLIC        P0M1
  D:00B2H         PUBLIC        P0M2
  D:0080H         PUBLIC        P0
  D:0090H         PUBLIC        P1
  D:00A0H         PUBLIC        P2
  D:00B0H         PUBLIC        P3
  D:00D8H         PUBLIC        PWMCON0
  D:00A8H         PUBLIC        IE
  B:00A8H.4       PUBLIC        ES
  B:0020H.2       SYMBOL        fTX_Busy
  D:00B8H         PUBLIC        IP
BL51 BANKED LINKER/LOCATER V6.22                                                      11/04/2020  15:29:23  PAGE 12


  B:0098H.0       PUBLIC        RI
  B:0098H.1       PUBLIC        TI
  B:00B8H.4       PUBLIC        PS
  D:0099H         PUBLIC        SBUF
  D:0087H         PUBLIC        PCON
  C:0003H         PUBLIC        _Uart0_Send_Byte
  D:0098H         PUBLIC        SCON
  C:0F66H         PUBLIC        _Uart0_Send_Byte_Push
  D:0089H         PUBLIC        TMOD
  D:0088H         PUBLIC        TCON
  D:0091H         PUBLIC        SFRS
  C:1037H         PUBLIC        Uart0_Init
  D:00F8H         PUBLIC        SCON_1
  D:008DH         PUBLIC        TH1
  B:0088H.6       PUBLIC        TR1
  D:00E8H         PUBLIC        ADCCON0
  D:00C0H         PUBLIC        I2CON
  C:0B84H         PUBLIC        Uart0_IRQHandler
  D:00B7H         PUBLIC        IPH
  D:003EH         SYMBOL        ubTX_Uart_Read
  D:00C8H         PUBLIC        T2CON
  D:00C4H         PUBLIC        T3CON
  D:003FH         SYMBOL        ubTX_Uart_Buff
  D:008EH         PUBLIC        CKCON
  D:004FH         SYMBOL        ubTX_Uart_Save
  D:00D0H         PUBLIC        PSW
  C:11EDH         PUBLIC        _putchar
  -------         PROC          UART0_IRQHANDLER
  C:0B84H         LINE#         21
  C:0BA1H         LINE#         23
  C:0BA3H         LINE#         26
  C:0BA6H         LINE#         27
  C:0BA6H         LINE#         28
  C:0BA8H         LINE#         29
  C:0BADH         LINE#         30
  C:0BADH         LINE#         33
  C:0BB0H         LINE#         34
  C:0BB0H         LINE#         35
  C:0BB2H         LINE#         37
  C:0BB8H         LINE#         38
  C:0BB8H         LINE#         39
  C:0BC1H         LINE#         40
  C:0BC3H         LINE#         43
  C:0BC5H         LINE#         44
  C:0BCCH         LINE#         45
  C:0BCCH         LINE#         46
  C:0BCFH         LINE#         47
  C:0BCFH         LINE#         48
  C:0BD1H         LINE#         50
  C:0BD1H         LINE#         51
  C:0BD3H         LINE#         52
  C:0BD3H         LINE#         53
  C:0BD3H         LINE#         55
  C:0BD5H         LINE#         56
  -------         ENDPROC       UART0_IRQHANDLER
  -------         PROC          UART0_INIT
  C:1037H         LINE#         65
BL51 BANKED LINKER/LOCATER V6.22                                                      11/04/2020  15:29:23  PAGE 13


  C:1037H         LINE#         66
  C:1037H         LINE#         70
  C:103DH         LINE#         73
  C:1040H         LINE#         74
  C:1043H         LINE#         76
  C:1046H         LINE#         77
  C:1049H         LINE#         78
  C:104CH         LINE#         81
  C:104FH         LINE#         83
  C:1051H         LINE#         114
  C:1054H         LINE#         115
  C:1056H         LINE#         117
  C:1058H         LINE#         119
  C:105AH         LINE#         122
  C:105CH         LINE#         123
  C:105FH         LINE#         124
  C:1061H         LINE#         125
  -------         ENDPROC       UART0_INIT
  -------         PROC          _UART0_SEND_BYTE
  D:0007H         SYMBOL        ch
  C:0003H         LINE#         135
  C:0003H         LINE#         136
  C:0003H         LINE#         137
  C:0005H         LINE#         138
  C:0007H         LINE#         139
  C:000AH         LINE#         140
  -------         ENDPROC       _UART0_SEND_BYTE
  -------         PROC          _UART0_SEND_BYTE_PUSH
  D:0007H         SYMBOL        ubData
  -------         DO            
  D:0006H         SYMBOL        ubTmp
  -------         ENDDO         
  C:0F66H         LINE#         154
  C:0F66H         LINE#         155
  C:0F66H         LINE#         159
  C:0F6DH         LINE#         160
  C:0F6DH         LINE#         161
  C:0F72H         LINE#         162
  C:0F74H         LINE#         163
  C:0F7BH         LINE#         164
  C:0F7BH         LINE#         165
  C:0F80H         LINE#         166
  C:0F83H         LINE#         167
  C:0F83H         LINE#         168
  C:0F86H         LINE#         169
  C:0F86H         LINE#         171
  C:0F89H         LINE#         172
  C:0F89H         LINE#         176
  C:0F91H         LINE#         179
  C:0F93H         LINE#         180
  C:0F9AH         LINE#         181
  C:0F9AH         LINE#         182
  C:0F9DH         LINE#         183
  C:0F9DH         LINE#         186
  C:0FA0H         LINE#         187
  C:0FA0H         LINE#         188
  C:0FA2H         LINE#         189
BL51 BANKED LINKER/LOCATER V6.22                                                      11/04/2020  15:29:23  PAGE 14


  C:0FA2H         LINE#         191
  C:0FA4H         LINE#         192
  -------         ENDPROC       _UART0_SEND_BYTE_PUSH
  -------         PROC          _PUTCHAR
  D:0004H         SYMBOL        c
  C:11EDH         LINE#         197
  C:11EFH         LINE#         198
  C:11EFH         LINE#         202
  C:11F7H         LINE#         205
  C:11F9H         LINE#         206
  -------         ENDPROC       _PUTCHAR
  -------         ENDMOD        SYS_UART0_IRQ

  -------         MODULE        APP_BT_UART0
  C:0000H         SYMBOL        _ICE_DUMMY_
  D:0080H         PUBLIC        P0
  C:10FDH         PUBLIC        _app_bt_adc_data
  D:0090H         PUBLIC        P1
  D:00A0H         PUBLIC        P2
  D:00B0H         PUBLIC        P3
  C:0BF0H         SYMBOL        connect_ctrl
  C:086FH         PUBLIC        _app_bt_send
  D:00D8H         PUBLIC        PWMCON0
  D:00A8H         PUBLIC        IE
  C:11CDH         PUBLIC        app_bt_init
  D:00B8H         PUBLIC        IP
  C:10C4H         SYMBOL        rev_timeOut
  D:0013H         PUBLIC        pen_up_mark_status
  C:1242H         PUBLIC        app_bt_power_led_status
  D:0014H         PUBLIC        emr_writing_state
  D:0098H         PUBLIC        SCON
  D:0088H         PUBLIC        TCON
  D:0015H         SYMBOL        ucRxSatus
  D:0016H         PUBLIC        emr_writing_count
  C:1177H         PUBLIC        app_bt_system_operation
  C:122AH         PUBLIC        connect_ctrl_rst
  C:1160H         PUBLIC        app_bt_send_key_long
  D:00F8H         PUBLIC        SCON_1
  B:0020H.3       SYMBOL        bConnect_one
  D:0018H         SYMBOL        ucConnect_num
  D:00E8H         PUBLIC        ADCCON0
  D:00C0H         PUBLIC        I2CON
  C:0B17H         PUBLIC        _app_bt_process
  C:118EH         PUBLIC        app_bt_system_shutdown
  D:00C8H         PUBLIC        T2CON
  D:0019H         PUBLIC        ucBlue_sleep_mode
  D:001AH         SYMBOL        uwRev_time_out
  C:1149H         PUBLIC        app_bt_send_key_on
  C:000EH         PUBLIC        app_bt_shut_down_time_clr
  C:0442H         SYMBOL        _app_bt_process_cmd
  C:1224H         PUBLIC        app_bt_server
  D:001CH         PUBLIC        force_page_feed_current_state
  D:001DH         PUBLIC        bt_connection_status
  D:001EH         PUBLIC        current_writing_status
  D:00D0H         PUBLIC        PSW
  -------         PROC          APP_BT_INIT
  C:11CDH         LINE#         69
BL51 BANKED LINKER/LOCATER V6.22                                                      11/04/2020  15:29:23  PAGE 15


  C:11CDH         LINE#         70
  C:11CDH         LINE#         71
  C:11D0H         LINE#         73
  C:11D3H         LINE#         74
  C:11D7H         LINE#         75
  C:11D9H         LINE#         76
  C:11DBH         LINE#         77
  C:11DDH         LINE#         78
  -------         ENDPROC       APP_BT_INIT
  -------         PROC          _APP_BT_PROCESS
  D:0007H         SYMBOL        ucData
  -------         DO            
  D:0008H         SYMBOL        ucRxLen
  D:0009H         SYMBOL        ucRxCount
  D:000AH         SYMBOL        ucRxBuffTemp
  D:0007H         SYMBOL        ucSum
  D:0006H         SYMBOL        i
  -------         ENDDO         
  C:0B17H         LINE#         80
  C:0B17H         LINE#         81
  C:0B17H         LINE#         88
  C:0B1CH         LINE#         90
  C:0B28H         LINE#         91
  C:0B28H         LINE#         92
  C:0B28H         LINE#         93
  C:0B28H         LINE#         94
  C:0B2DH         LINE#         95
  C:0B2DH         LINE#         96
  C:0B30H         LINE#         97
  C:0B30H         LINE#         98
  C:0B31H         LINE#         100
  C:0B31H         LINE#         101
  C:0B31H         LINE#         102
  C:0B33H         LINE#         103
  C:0B36H         LINE#         104
  C:0B40H         LINE#         105
  C:0B43H         LINE#         106
  C:0B44H         LINE#         108
  C:0B44H         LINE#         109
  C:0B44H         LINE#         110
  C:0B4EH         LINE#         111
  C:0B55H         LINE#         112
  C:0B55H         LINE#         113
  C:0B57H         LINE#         114
  C:0B61H         LINE#         115
  C:0B61H         LINE#         116
  C:0B68H         LINE#         117
  C:0B6BH         LINE#         118
  C:0B73H         LINE#         119
  C:0B73H         LINE#         123
  C:0B7EH         LINE#         124
  C:0B7EH         LINE#         125
  C:0B7EH         LINE#         126
  C:0B7EH         LINE#         127
  C:0B80H         LINE#         129
  C:0B80H         LINE#         130
  C:0B80H         LINE#         131
BL51 BANKED LINKER/LOCATER V6.22                                                      11/04/2020  15:29:23  PAGE 16


  C:0B83H         LINE#         132
  C:0B83H         LINE#         133
  C:0B83H         LINE#         134
  -------         ENDPROC       _APP_BT_PROCESS
  -------         PROC          _APP_BT_SEND
  D:0007H         SYMBOL        ucCmd
  D:0034H         SYMBOL        pData
  D:0037H         SYMBOL        uwLen
  D:0039H         SYMBOL        ucRW
  -------         DO            
  X:0015H         SYMBOL        ucRxSatusBuf
  D:0006H         SYMBOL        ucSum
  D:003AH         SYMBOL        i
  -------         ENDDO         
  C:086FH         LINE#         137
  C:0875H         LINE#         138
  C:0875H         LINE#         140
  C:0877H         LINE#         143
  C:087DH         LINE#         145
  C:0883H         LINE#         146
  C:0885H         LINE#         148
  C:0889H         LINE#         149
  C:088BH         LINE#         151
  C:088EH         LINE#         152
  C:0890H         LINE#         154
  C:089DH         LINE#         155
  C:089DH         LINE#         156
  C:08BCH         LINE#         157
  C:08CAH         LINE#         158
  C:08CEH         LINE#         159
  C:08DBH         LINE#         161
  C:08EFH         LINE#         162
  C:08EFH         LINE#         163
  C:08FFH         LINE#         164
  C:0903H         LINE#         165
  -------         ENDPROC       _APP_BT_SEND
  -------         PROC          APP_BT_SERVER
  C:1224H         LINE#         167
  C:1224H         LINE#         168
  C:1224H         LINE#         169
  C:1227H         LINE#         170
  -------         ENDPROC       APP_BT_SERVER
  -------         PROC          _APP_BT_PROCESS_CMD
  D:0007H         SYMBOL        ucCmd
  D:0021H         SYMBOL        pData
  -------         DO            
  X:0000H         SYMBOL        uwRom_var
  X:0002H         SYMBOL        uwRom_crc
  X:0004H         SYMBOL        uwRx_var
  X:0006H         SYMBOL        uwRx_crc
  -------         ENDDO         
  C:0442H         LINE#         173
  C:0448H         LINE#         174
  C:0448H         LINE#         179
  C:0468H         LINE#         180
  C:0468H         LINE#         182
  C:0468H         LINE#         183
BL51 BANKED LINKER/LOCATER V6.22                                                      11/04/2020  15:29:23  PAGE 17


  C:0468H         LINE#         184
  C:0471H         LINE#         186
  C:047DH         LINE#         187
  C:047DH         LINE#         188
  C:0482H         LINE#         189
  C:0485H         LINE#         190
  C:048CH         LINE#         191
  C:048CH         LINE#         192
  C:048FH         LINE#         193
  C:0492H         LINE#         194
  C:0495H         LINE#         197
  C:0496H         LINE#         198
  C:0496H         LINE#         199
  C:0498H         LINE#         201
  C:0498H         LINE#         202
  C:04A5H         LINE#         203
  C:04A5H         LINE#         204
  C:04A9H         LINE#         205
  C:04A9H         LINE#         206
  C:04ACH         LINE#         207
  C:04ACH         LINE#         208
  C:04B2H         LINE#         209
  C:04B2H         LINE#         210
  C:04B4H         LINE#         211
  C:04B7H         LINE#         215
  C:04B7H         LINE#         216
  C:04B9H         LINE#         223
  C:04BDH         LINE#         224
  C:04BDH         LINE#         225
  C:04C2H         LINE#         226
  C:04C2H         LINE#         228
  C:04C8H         LINE#         230
  C:04C8H         LINE#         231
  C:04CCH         LINE#         232
  C:04CCH         LINE#         233
  C:04CFH         LINE#         234
  C:04CFH         LINE#         235
  C:04D1H         LINE#         236
  C:04D5H         LINE#         237
  C:04D5H         LINE#         238
  C:04DAH         LINE#         239
  C:04DAH         LINE#         240
  C:04DDH         LINE#         241
  C:04DDH         LINE#         242
  C:04E0H         LINE#         245
  C:04E0H         LINE#         246
  C:04E5H         LINE#         247
  C:04E8H         LINE#         248
  C:04E8H         LINE#         249
  C:04E8H         LINE#         251
  C:04E8H         LINE#         252
  C:04E8H         LINE#         254
  C:04EBH         LINE#         260
  C:04EBH         LINE#         262
  C:04EBH         LINE#         263
  C:04EBH         LINE#         264
  C:04F7H         LINE#         265
BL51 BANKED LINKER/LOCATER V6.22                                                      11/04/2020  15:29:23  PAGE 18


  C:04F7H         LINE#         266
  C:04FAH         LINE#         267
  C:04FBH         LINE#         269
  C:04FBH         LINE#         270
  C:0500H         LINE#         271
  C:0505H         LINE#         273
  C:0508H         LINE#         274
  C:0508H         LINE#         275
  C:0509H         LINE#         277
  C:0509H         LINE#         278
  C:0509H         LINE#         279
  C:050BH         LINE#         281
  C:0525H         LINE#         282
  C:053DH         LINE#         283
  C:054FH         LINE#         286
  C:0577H         LINE#         287
  C:0577H         LINE#         288
  C:057AH         LINE#         289
  C:057AH         LINE#         290
  C:057AH         LINE#         292
  C:057AH         LINE#         293
  C:057AH         LINE#         294
  C:057DH         LINE#         295
  C:057DH         LINE#         296
  C:057DH         LINE#         297
  -------         ENDPROC       _APP_BT_PROCESS_CMD
  -------         PROC          REV_TIMEOUT
  C:10C4H         LINE#         299
  C:10C4H         LINE#         300
  C:10C4H         LINE#         301
  C:10C8H         LINE#         302
  C:10C8H         LINE#         303
  C:10D0H         LINE#         304
  C:10D9H         LINE#         305
  C:10D9H         LINE#         306
  C:10DEH         LINE#         307
  C:10E0H         LINE#         308
  C:10E0H         LINE#         309
  C:10E0H         LINE#         310
  -------         ENDPROC       REV_TIMEOUT
  -------         PROC          CONNECT_CTRL_RST
  C:122AH         LINE#         312
  C:122AH         LINE#         313
  C:122AH         LINE#         314
  C:122CH         LINE#         315
  C:122FH         LINE#         316
  -------         ENDPROC       CONNECT_CTRL_RST
  -------         PROC          CONNECT_CTRL
  -------         DO            
  D:0012H         SYMBOL        ucTime_cnt
  X:000DH         SYMBOL        ucTmp
  X:0011H         SYMBOL        uwRom_var
  X:0013H         SYMBOL        uwRom_crc
  -------         ENDDO         
  C:0BF0H         LINE#         318
  C:0BF0H         LINE#         319
  C:0BF0H         LINE#         325
BL51 BANKED LINKER/LOCATER V6.22                                                      11/04/2020  15:29:23  PAGE 19


  C:0BF3H         LINE#         326
  C:0BF3H         LINE#         327
  C:0BF5H         LINE#         328
  C:0BFCH         LINE#         329
  C:0BFCH         LINE#         330
  C:0BFFH         LINE#         332
  C:0C11H         LINE#         333
  C:0C1EH         LINE#         334
  C:0C21H         LINE#         335
  C:0C2EH         LINE#         336
  C:0C31H         LINE#         337
  C:0C45H         LINE#         340
  C:0C47H         LINE#         341
  C:0C4EH         LINE#         342
  C:0C4EH         LINE#         343
  C:0C51H         LINE#         344
  C:0C54H         LINE#         345
  C:0C54H         LINE#         346
  C:0C54H         LINE#         347
  C:0C54H         LINE#         349
  C:0C54H         LINE#         350
  C:0C57H         LINE#         351
  C:0C57H         LINE#         352
  -------         ENDPROC       CONNECT_CTRL
  -------         PROC          APP_BT_SEND_KEY_ON
  -------         DO            
  D:0031H         SYMBOL        ucTemp
  -------         ENDDO         
  C:1149H         LINE#         354
  C:1149H         LINE#         355
  C:1149H         LINE#         358
  C:114CH         LINE#         359
  -------         ENDPROC       APP_BT_SEND_KEY_ON
  -------         PROC          APP_BT_SEND_KEY_LONG
  -------         DO            
  D:0031H         SYMBOL        ucTemp
  -------         ENDDO         
  C:1160H         LINE#         362
  C:1160H         LINE#         363
  C:1160H         LINE#         366
  C:1163H         LINE#         367
  -------         ENDPROC       APP_BT_SEND_KEY_LONG
  -------         PROC          APP_BT_SYSTEM_OPERATION
  -------         DO            
  D:001FH         SYMBOL        ucTemp
  -------         ENDDO         
  C:1177H         LINE#         370
  C:1177H         LINE#         371
  C:1177H         LINE#         374
  C:117AH         LINE#         375
  -------         ENDPROC       APP_BT_SYSTEM_OPERATION
  -------         PROC          APP_BT_SYSTEM_SHUTDOWN
  -------         DO            
  D:0073H         SYMBOL        ucTemp
  -------         ENDDO         
  C:118EH         LINE#         378
  C:118EH         LINE#         379
BL51 BANKED LINKER/LOCATER V6.22                                                      11/04/2020  15:29:23  PAGE 20


  C:118EH         LINE#         382
  C:1191H         LINE#         383
  -------         ENDPROC       APP_BT_SYSTEM_SHUTDOWN
  -------         PROC          APP_BT_SHUT_DOWN_TIME_CLR
  -------         DO            
  D:0031H         SYMBOL        ucTemp
  -------         ENDDO         
  C:000EH         LINE#         386
  C:000EH         LINE#         387
  C:000EH         LINE#         390
  -------         ENDPROC       APP_BT_SHUT_DOWN_TIME_CLR
  -------         PROC          APP_BT_POWER_LED_STATUS
  C:1242H         LINE#         393
  C:1242H         LINE#         394
  C:1242H         LINE#         395
  C:1244H         LINE#         396
  -------         ENDPROC       APP_BT_POWER_LED_STATUS
  -------         PROC          _APP_BT_ADC_DATA
  D:0004H         SYMBOL        uwAdc
  -------         DO            
  D:0031H         SYMBOL        TMP
  -------         ENDDO         
  C:10FDH         LINE#         397
  C:10FFH         LINE#         398
  C:10FFH         LINE#         400
  C:1101H         LINE#         401
  C:1104H         LINE#         402
  -------         ENDPROC       _APP_BT_ADC_DATA
  -------         ENDMOD        APP_BT_UART0

  -------         MODULE        APP_KEY
  C:0000H         SYMBOL        _ICE_DUMMY_
  D:0080H         PUBLIC        P0
  D:0090H         PUBLIC        P1
  D:0058H         PUBLIC        ucLed_Num
  D:00A0H         PUBLIC        P2
  D:00B0H         PUBLIC        P3
  C:11FAH         PUBLIC        app_key_init
  D:00D8H         PUBLIC        PWMCON0
  D:00A8H         PUBLIC        IE
  B:0090H.5       PUBLIC        a_iPwr_key
  D:00B8H         PUBLIC        IP
  C:1245H         PUBLIC        pwr_on_status
  B:0080H.3       PUBLIC        a_iDC_Input
  B:0080H.5       PUBLIC        a_oPwr_on
  D:0059H         PUBLIC        second_boot_sign
  B:0090H.4       PUBLIC        a_oReset_BT
  D:0098H         PUBLIC        SCON
  D:0088H         PUBLIC        TCON
  B:0090H.0       PUBLIC        a_oLed_pwr_low
  D:005AH         PUBLIC        ucPwr_on_current_status
  D:00F8H         PUBLIC        SCON_1
  C:1248H         PUBLIC        _pwr_on_set
  C:124BH         SYMBOL        app_key_process
  B:0090H.1       PUBLIC        a_oLed_blue
  D:00E8H         PUBLIC        ADCCON0
  D:005BH         PUBLIC        ucPwr_on_status
BL51 BANKED LINKER/LOCATER V6.22                                                      11/04/2020  15:29:23  PAGE 21


  D:00C0H         PUBLIC        I2CON
  B:0080H.0       PUBLIC        a_oLed_full
  D:005CH         PUBLIC        uwPwr_key_long
  B:0020H.4       PUBLIC        bPwr_on_frist
  D:00C8H         PUBLIC        T2CON
  C:02E2H         PUBLIC        app_key_server
  D:00D0H         PUBLIC        PSW
  -------         PROC          APP_KEY_INIT
  C:11FAH         LINE#         44
  C:11FAH         LINE#         45
  C:11FAH         LINE#         46
  C:11FCH         LINE#         47
  C:11FFH         LINE#         48
  C:1201H         LINE#         49
  C:1205H         LINE#         50
  -------         ENDPROC       APP_KEY_INIT
  -------         PROC          PWR_ON_STATUS
  C:1245H         LINE#         52
  C:1245H         LINE#         53
  C:1245H         LINE#         54
  C:1247H         LINE#         55
  -------         ENDPROC       PWR_ON_STATUS
  -------         PROC          _PWR_ON_SET
  D:0007H         SYMBOL        status
  C:1248H         LINE#         57
  C:1248H         LINE#         58
  C:1248H         LINE#         59
  C:124AH         LINE#         60
  -------         ENDPROC       _PWR_ON_SET
  -------         PROC          APP_KEY_PROCESS
  C:124BH         LINE#         62
  C:124BH         LINE#         63
  C:124BH         LINE#         64
  -------         ENDPROC       APP_KEY_PROCESS
  -------         PROC          APP_KEY_SERVER
  C:02E2H         LINE#         67
  C:02E2H         LINE#         68
  C:02E2H         LINE#         69
  C:02F7H         LINE#         70
  C:02F7H         LINE#         71
  C:02F7H         LINE#         72
  C:02F7H         LINE#         84
  C:02FCH         LINE#         85
  C:02FCH         LINE#         86
  C:0302H         LINE#         87
  C:0302H         LINE#         88
  C:0305H         LINE#         89
  C:0307H         LINE#         90
  C:030AH         LINE#         91
  C:0311H         LINE#         92
  C:0314H         LINE#         93
  C:0314H         LINE#         94
  C:0315H         LINE#         96
  C:0315H         LINE#         97
  C:0318H         LINE#         98
  C:0318H         LINE#         100
  C:0320H         LINE#         101
BL51 BANKED LINKER/LOCATER V6.22                                                      11/04/2020  15:29:23  PAGE 22


  C:032CH         LINE#         102
  C:032CH         LINE#         103
  C:0331H         LINE#         113
  C:0333H         LINE#         114
  C:0335H         LINE#         115
  C:0337H         LINE#         127
  C:033AH         LINE#         128
  C:033CH         LINE#         130
  C:033EH         LINE#         133
  C:0341H         LINE#         134
  C:0347H         LINE#         136
  C:034DH         LINE#         137
  C:0353H         LINE#         138
  C:0353H         LINE#         139
  C:0356H         LINE#         140
  C:0358H         LINE#         141
  C:035AH         LINE#         142
  C:035CH         LINE#         143
  C:035CH         LINE#         144
  C:035CH         LINE#         145
  C:035DH         LINE#         147
  C:035DH         LINE#         148
  C:036BH         LINE#         149
  C:0373H         LINE#         150
  C:0373H         LINE#         151
  C:0373H         LINE#         152
  C:0374H         LINE#         154
  C:0374H         LINE#         155
  C:0374H         LINE#         170
  C:037CH         LINE#         171
  C:0388H         LINE#         172
  C:0388H         LINE#         173
  C:038DH         LINE#         180
  C:039FH         LINE#         181
  C:039FH         LINE#         183
  C:039FH         LINE#         184
  C:039FH         LINE#         185
  C:03A1H         LINE#         186
  C:03A4H         LINE#         187
  C:03A7H         LINE#         188
  C:03A9H         LINE#         189
  C:03ABH         LINE#         190
  C:03ADH         LINE#         191
  C:03AFH         LINE#         193
  C:03AFH         LINE#         194
  C:03AFH         LINE#         195
  C:03B1H         LINE#         196
  C:03B3H         LINE#         197
  C:03B6H         LINE#         198
  C:03B9H         LINE#         199
  C:03BBH         LINE#         200
  C:03BDH         LINE#         201
  C:03BFH         LINE#         203
  C:03BFH         LINE#         204
  C:03BFH         LINE#         205
  C:03C1H         LINE#         206
  C:03C3H         LINE#         207
BL51 BANKED LINKER/LOCATER V6.22                                                      11/04/2020  15:29:23  PAGE 23


  C:03C5H         LINE#         208
  C:03C8H         LINE#         209
  C:03CBH         LINE#         210
  C:03CDH         LINE#         211
  C:03CFH         LINE#         213
  C:03CFH         LINE#         222
  C:03CFH         LINE#         223
  C:03CFH         LINE#         224
  C:03D2H         LINE#         225
  C:03D5H         LINE#         226
  C:03DAH         LINE#         227
  C:03DDH         LINE#         228
  C:03DDH         LINE#         229
  C:03DDH         LINE#         231
  C:03DFH         LINE#         232
  C:03DFH         LINE#         234
  C:03E0H         LINE#         236
  C:03E0H         LINE#         237
  C:03E0H         LINE#         239
  C:03E3H         LINE#         240
  C:03E3H         LINE#         241
  C:03E6H         LINE#         242
  C:03E6H         LINE#         243
  C:03EEH         LINE#         244
  C:03F7H         LINE#         245
  C:03F7H         LINE#         246
  C:03FCH         LINE#         249
  C:03FCH         LINE#         250
  C:03FFH         LINE#         253
  C:03FFH         LINE#         254
  C:0402H         LINE#         257
  C:0402H         LINE#         258
  C:0402H         LINE#         259
  C:0402H         LINE#         260
  C:0402H         LINE#         261
  C:0403H         LINE#         263
  C:0403H         LINE#         264
  C:0406H         LINE#         265
  C:0406H         LINE#         266
  C:041BH         LINE#         267
  C:041BH         LINE#         270
  C:0420H         LINE#         271
  C:0423H         LINE#         274
  C:0423H         LINE#         275
  C:0426H         LINE#         277
  C:0426H         LINE#         278
  C:042AH         LINE#         279
  C:042AH         LINE#         281
  C:042AH         LINE#         282
  C:042AH         LINE#         283
  C:042CH         LINE#         285
  C:042CH         LINE#         286
  C:042EH         LINE#         287
  C:042EH         LINE#         289
  C:0439H         LINE#         290
  C:0441H         LINE#         291
  C:0441H         LINE#         292
BL51 BANKED LINKER/LOCATER V6.22                                                      11/04/2020  15:29:23  PAGE 24


  C:0441H         LINE#         293
  C:0441H         LINE#         294
  -------         ENDPROC       APP_KEY_SERVER
  -------         ENDMOD        APP_KEY

  -------         MODULE        APP_CHARGE_BAT
  C:0000H         SYMBOL        _ICE_DUMMY_
  D:0080H         PUBLIC        P0
  D:0050H         PUBLIC        ucLed_mode_pwr_low_bat
  D:0090H         PUBLIC        P1
  D:00A0H         PUBLIC        P2
  D:00B0H         PUBLIC        P3
  C:1131H         PUBLIC        App_charge_bat_server
  D:00D8H         PUBLIC        PWMCON0
  D:0051H         PUBLIC        ucLed_mode_full
  D:00A8H         PUBLIC        IE
  B:0090H.7       PUBLIC        a_iCHRG_Check
  D:0052H         SYMBOL        ucCHRG_full
  D:00B8H         PUBLIC        IP
  C:11BBH         PUBLIC        App_charge_bat_init
  C:124EH         PUBLIC        DC_input_status
  B:0080H.3       PUBLIC        a_iDC_Input
  D:0053H         PUBLIC        ucLed_mode_full_bat
  B:0080H.5       PUBLIC        a_oPwr_on
  B:0090H.4       PUBLIC        a_oReset_BT
  D:0098H         PUBLIC        SCON
  D:0088H         PUBLIC        TCON
  B:0090H.0       PUBLIC        a_oLed_pwr_low
  C:0D72H         SYMBOL        bat_adc_data
  D:00F8H         PUBLIC        SCON_1
  C:11A5H         PUBLIC        _power_led
  C:0995H         SYMBOL        led_ctrl
  D:00E8H         PUBLIC        ADCCON0
  D:00C0H         PUBLIC        I2CON
  B:0080H.0       PUBLIC        a_oLed_full
  D:0054H         PUBLIC        ucLed_mode_pwr_low
  D:00C8H         PUBLIC        T2CON
  D:0055H         PUBLIC        system_operation_status
  D:0056H         PUBLIC        ucDC_input
  D:0057H         SYMBOL        ucAdc_bat_data
  D:00D0H         PUBLIC        PSW
  C:0026H         SYMBOL        DC_input_check
  -------         PROC          APP_CHARGE_BAT_INIT
  C:11BBH         LINE#         59
  C:11BBH         LINE#         60
  C:11BBH         LINE#         61
  C:11BEH         LINE#         64
  C:11C1H         LINE#         65
  C:11C3H         LINE#         67
  C:11C5H         LINE#         68
  C:11C7H         LINE#         69
  C:11C9H         LINE#         70
  C:11CCH         LINE#         71
  -------         ENDPROC       APP_CHARGE_BAT_INIT
  -------         PROC          BAT_ADC_DATA
  -------         DO            
  X:0025H         SYMBOL        ucTime
BL51 BANKED LINKER/LOCATER V6.22                                                      11/04/2020  15:29:23  PAGE 25


  X:0026H         SYMBOL        uwAdc_add
  X:0028H         SYMBOL        ucAdc_cnt
  D:0006H         SYMBOL        uwAdc_tmp
  -------         ENDDO         
  C:0D72H         LINE#         73
  C:0D72H         LINE#         74
  C:0D72H         LINE#         80
  C:0D78H         LINE#         81
  C:0D7EH         LINE#         82
  C:0D7EH         LINE#         83
  C:0D80H         LINE#         85
  C:0D91H         LINE#         87
  C:0D9DH         LINE#         88
  C:0DA3H         LINE#         89
  C:0DA9H         LINE#         90
  C:0DA9H         LINE#         91
  C:0DABH         LINE#         93
  C:0DBDH         LINE#         94
  C:0DC4H         LINE#         95
  C:0DC4H         LINE#         96
  C:0DC4H         LINE#         97
  -------         ENDPROC       BAT_ADC_DATA
  -------         PROC          DC_INPUT_STATUS
  C:124EH         LINE#         100
  C:124EH         LINE#         101
  C:124EH         LINE#         102
  C:1250H         LINE#         103
  -------         ENDPROC       DC_INPUT_STATUS
  -------         PROC          DC_INPUT_CHECK
  -------         DO            
  X:0029H         SYMBOL        ucInput_Time_cnt1
  X:002AH         SYMBOL        ucInput_Time_cnt2
  X:002BH         SYMBOL        ucCHRG_Time_cnt1
  X:002CH         SYMBOL        ucCHRG_Time_cnt2
  X:002DH         SYMBOL        uwBat_Low_off_time
  X:002FH         SYMBOL        ucTime_cnt_1S
  -------         ENDDO         
  C:0026H         LINE#         105
  C:0026H         LINE#         106
  C:0026H         LINE#         115
  C:002EH         LINE#         116
  C:002EH         LINE#         117
  C:0031H         LINE#         118
  C:0031H         LINE#         120
  C:0036H         LINE#         121
  C:003CH         LINE#         122
  C:0042H         LINE#         123
  C:0042H         LINE#         124
  C:0044H         LINE#         125
  C:0047H         LINE#         127
  C:0047H         LINE#         128
  C:0049H         LINE#         130
  C:0049H         LINE#         132
  C:004EH         LINE#         133
  C:0052H         LINE#         134
  C:0058H         LINE#         135
  C:0058H         LINE#         136
BL51 BANKED LINKER/LOCATER V6.22                                                      11/04/2020  15:29:23  PAGE 26


  C:005AH         LINE#         137
  C:005CH         LINE#         138
  C:005CH         LINE#         139
  C:005CH         LINE#         142
  C:005FH         LINE#         143
  C:005FH         LINE#         145
  C:0064H         LINE#         146
  C:006AH         LINE#         147
  C:0070H         LINE#         148
  C:0070H         LINE#         149
  C:0072H         LINE#         150
  C:0074H         LINE#         151
  C:0074H         LINE#         152
  C:0076H         LINE#         154
  C:0076H         LINE#         156
  C:007BH         LINE#         157
  C:007FH         LINE#         158
  C:0085H         LINE#         159
  C:0085H         LINE#         160
  C:0087H         LINE#         161
  C:008AH         LINE#         162
  C:008AH         LINE#         163
  C:008AH         LINE#         164
  C:008AH         LINE#         166
  C:0093H         LINE#         167
  C:0093H         LINE#         168
  C:00A6H         LINE#         171
  C:00ACH         LINE#         172
  C:00ACH         LINE#         174
  C:00B0H         LINE#         175
  C:00B0H         LINE#         176
  C:00B2H         LINE#         177
  C:00B4H         LINE#         178
  C:00B7H         LINE#         179
  C:00B9H         LINE#         181
  C:00B9H         LINE#         182
  C:00B9H         LINE#         184
  C:00B9H         LINE#         185
  C:00BBH         LINE#         187
  C:00BBH         LINE#         193
  C:00C1H         LINE#         194
  C:00C1H         LINE#         195
  C:00C6H         LINE#         196
  C:00C6H         LINE#         197
  C:00C9H         LINE#         198
  C:00C9H         LINE#         199
  C:00CCH         LINE#         200
  C:00CFH         LINE#         201
  C:00D1H         LINE#         202
  C:00D4H         LINE#         204
  C:00D4H         LINE#         205
  C:00D9H         LINE#         206
  C:00D9H         LINE#         207
  C:00DCH         LINE#         208
  C:00E1H         LINE#         209
  C:00E1H         LINE#         210
  C:00E4H         LINE#         211
BL51 BANKED LINKER/LOCATER V6.22                                                      11/04/2020  15:29:23  PAGE 27


  C:00E6H         LINE#         212
  C:00EAH         LINE#         213
  C:00EAH         LINE#         215
  C:00EDH         LINE#         216
  C:00EFH         LINE#         218
  C:00EFH         LINE#         219
  C:00F1H         LINE#         221
  C:00F1H         LINE#         222
  C:00F4H         LINE#         223
  C:00FCH         LINE#         224
  C:0105H         LINE#         225
  C:0105H         LINE#         226
  C:010BH         LINE#         227
  C:0110H         LINE#         228
  C:0110H         LINE#         229
  C:0114H         LINE#         231
  C:0114H         LINE#         233
  C:0114H         LINE#         234
  C:0117H         LINE#         235
  C:011AH         LINE#         236
  C:011DH         LINE#         237
  C:011FH         LINE#         238
  C:011FH         LINE#         239
  C:011FH         LINE#         240
  C:011FH         LINE#         241
  C:0122H         LINE#         242
  C:0122H         LINE#         243
  C:0124H         LINE#         245
  C:0124H         LINE#         247
  C:0128H         LINE#         248
  C:0128H         LINE#         249
  C:012AH         LINE#         250
  C:012CH         LINE#         251
  C:012EH         LINE#         252
  C:0131H         LINE#         254
  C:0131H         LINE#         255
  C:0133H         LINE#         257
  C:0135H         LINE#         258
  C:0136H         LINE#         260
  C:0136H         LINE#         266
  C:013CH         LINE#         267
  C:013CH         LINE#         268
  C:0141H         LINE#         269
  C:0141H         LINE#         270
  C:0144H         LINE#         271
  C:0144H         LINE#         272
  C:0147H         LINE#         273
  C:0149H         LINE#         274
  C:0149H         LINE#         275
  C:014BH         LINE#         277
  C:014BH         LINE#         278
  C:0150H         LINE#         279
  C:0150H         LINE#         280
  C:0153H         LINE#         282
  C:0156H         LINE#         283
  C:015BH         LINE#         284
  C:015BH         LINE#         285
BL51 BANKED LINKER/LOCATER V6.22                                                      11/04/2020  15:29:23  PAGE 28


  C:015EH         LINE#         286
  C:0160H         LINE#         287
  C:0164H         LINE#         288
  C:0164H         LINE#         290
  C:0167H         LINE#         291
  C:0169H         LINE#         293
  C:0169H         LINE#         294
  C:016BH         LINE#         296
  C:016BH         LINE#         298
  C:016EH         LINE#         299
  C:0176H         LINE#         300
  C:017FH         LINE#         301
  C:017FH         LINE#         302
  C:0185H         LINE#         303
  C:018BH         LINE#         304
  C:018BH         LINE#         306
  C:018BH         LINE#         308
  C:018BH         LINE#         309
  C:018EH         LINE#         310
  C:0191H         LINE#         311
  C:0194H         LINE#         312
  C:0196H         LINE#         313
  C:0196H         LINE#         314
  C:0198H         LINE#         316
  C:0198H         LINE#         318
  C:019BH         LINE#         319
  C:019BH         LINE#         320
  C:019BH         LINE#         321
  C:019BH         LINE#         322
  C:019BH         LINE#         324
  C:01A2H         LINE#         325
  C:01A3H         LINE#         327
  C:01A3H         LINE#         329
  C:01AEH         LINE#         332
  C:01B1H         LINE#         333
  C:01B6H         LINE#         334
  C:01B6H         LINE#         335
  C:01B9H         LINE#         336
  C:01BBH         LINE#         338
  C:01BBH         LINE#         339
  C:01BEH         LINE#         340
  C:01BEH         LINE#         341
  C:01C5H         LINE#         342
  C:01C5H         LINE#         344
  C:01C8H         LINE#         346
  C:01CEH         LINE#         352
  C:01D4H         LINE#         353
  C:01D4H         LINE#         354
  C:01D9H         LINE#         355
  C:01D9H         LINE#         356
  C:01DCH         LINE#         357
  C:01DCH         LINE#         358
  C:01DFH         LINE#         359
  C:01E1H         LINE#         360
  C:01E3H         LINE#         361
  C:01E4H         LINE#         363
  C:01E4H         LINE#         364
BL51 BANKED LINKER/LOCATER V6.22                                                      11/04/2020  15:29:23  PAGE 29


  C:01ECH         LINE#         365
  C:01F8H         LINE#         366
  C:01F8H         LINE#         367
  C:01FEH         LINE#         368
  C:0204H         LINE#         369
  C:0204H         LINE#         370
  C:0209H         LINE#         371
  C:020AH         LINE#         373
  C:020AH         LINE#         374
  C:0211H         LINE#         375
  C:0211H         LINE#         376
  C:0214H         LINE#         377
  C:0216H         LINE#         378
  C:0218H         LINE#         379
  C:021AH         LINE#         380
  C:021AH         LINE#         382
  C:021BH         LINE#         383
  C:0224H         LINE#         384
  C:0224H         LINE#         385
  C:0229H         LINE#         386
  C:0229H         LINE#         387
  C:022CH         LINE#         388
  C:022DH         LINE#         389
  C:0234H         LINE#         390
  C:0234H         LINE#         392
  C:0237H         LINE#         393
  C:0239H         LINE#         395
  C:0239H         LINE#         396
  C:0239H         LINE#         398
  C:0239H         LINE#         399
  C:0239H         LINE#         400
  C:023AH         LINE#         401
  C:0244H         LINE#         402
  C:0244H         LINE#         409
  C:024AH         LINE#         410
  C:024AH         LINE#         411
  C:024FH         LINE#         412
  C:024FH         LINE#         413
  C:0252H         LINE#         414
  C:0252H         LINE#         415
  C:0255H         LINE#         416
  C:0257H         LINE#         417
  C:0259H         LINE#         418
  C:025BH         LINE#         420
  C:025BH         LINE#         421
  C:025EH         LINE#         422
  C:0266H         LINE#         423
  C:026FH         LINE#         424
  C:026FH         LINE#         425
  C:0275H         LINE#         426
  C:027BH         LINE#         427
  C:027BH         LINE#         428
  C:0280H         LINE#         429
  C:0280H         LINE#         430
  C:0284H         LINE#         432
  C:0284H         LINE#         433
  C:0288H         LINE#         434
BL51 BANKED LINKER/LOCATER V6.22                                                      11/04/2020  15:29:23  PAGE 30


  C:0288H         LINE#         435
  C:028BH         LINE#         436
  C:028EH         LINE#         437
  C:0290H         LINE#         438
  C:0292H         LINE#         439
  C:0292H         LINE#         440
  C:0294H         LINE#         441
  C:0299H         LINE#         442
  C:0299H         LINE#         443
  C:029EH         LINE#         444
  C:029EH         LINE#         445
  C:02A1H         LINE#         446
  C:02A3H         LINE#         447
  C:02A7H         LINE#         448
  C:02A7H         LINE#         450
  C:02AAH         LINE#         451
  C:02ACH         LINE#         453
  C:02ACH         LINE#         454
  C:02ACH         LINE#         455
  C:02ACH         LINE#         456
  C:02ACH         LINE#         459
  C:02ACH         LINE#         461
  C:02ACH         LINE#         463
  C:02B2H         LINE#         464
  C:02B8H         LINE#         465
  C:02B8H         LINE#         466
  C:02BAH         LINE#         468
  C:02C8H         LINE#         469
  C:02D7H         LINE#         470
  C:02D7H         LINE#         471
  C:02DBH         LINE#         473
  C:02DEH         LINE#         474
  C:02E1H         LINE#         475
  C:02E1H         LINE#         476
  C:02E1H         LINE#         477
  C:02E1H         LINE#         478
  C:02E1H         LINE#         480
  -------         ENDPROC       DC_INPUT_CHECK
  -------         PROC          _POWER_LED
  D:0007H         SYMBOL        status
  C:11A5H         LINE#         482
  C:11A5H         LINE#         483
  C:11A5H         LINE#         484
  C:11A8H         LINE#         485
  C:11A8H         LINE#         486
  C:11ADH         LINE#         487
  C:11ADH         LINE#         488
  C:11B0H         LINE#         489
  C:11B0H         LINE#         490
  C:11B3H         LINE#         491
  C:11B6H         LINE#         492
  C:11B7H         LINE#         494
  C:11B7H         LINE#         495
  C:11BAH         LINE#         496
  C:11BAH         LINE#         497
  -------         ENDPROC       _POWER_LED
  -------         PROC          LED_CTRL
BL51 BANKED LINKER/LOCATER V6.22                                                      11/04/2020  15:29:23  PAGE 31


  -------         DO            
  X:0030H         SYMBOL        ucDisp_time_pwr_low
  X:0031H         SYMBOL        ucDisp_time_full
  X:0032H         SYMBOL        ucDisp_cpl_pwr_low
  X:0033H         SYMBOL        ucDisp_cpl_full
  -------         ENDDO         
  C:0995H         LINE#         499
  C:0995H         LINE#         500
  C:0995H         LINE#         506
  C:09A1H         LINE#         507
  C:09A1H         LINE#         508
  C:09A1H         LINE#         509
  C:09A1H         LINE#         510
  C:09A3H         LINE#         511
  C:09A8H         LINE#         512
  C:09ADH         LINE#         513
  C:09AFH         LINE#         515
  C:09AFH         LINE#         516
  C:09AFH         LINE#         517
  C:09B1H         LINE#         518
  C:09B6H         LINE#         519
  C:09B6H         LINE#         520
  C:09B8H         LINE#         522
  C:09B8H         LINE#         523
  C:09B8H         LINE#         524
  C:09BEH         LINE#         525
  C:09C4H         LINE#         526
  C:09C4H         LINE#         527
  C:09C6H         LINE#         529
  C:09CCH         LINE#         530
  C:09CCH         LINE#         531
  C:09CEH         LINE#         532
  C:09D0H         LINE#         533
  C:09D2H         LINE#         535
  C:09D2H         LINE#         536
  C:09D4H         LINE#         537
  C:09D9H         LINE#         538
  C:09D9H         LINE#         539
  C:09D9H         LINE#         540
  C:09D9H         LINE#         541
  C:09D9H         LINE#         544
  C:09E5H         LINE#         545
  C:09E5H         LINE#         546
  C:09E5H         LINE#         547
  C:09E5H         LINE#         548
  C:09E7H         LINE#         549
  C:09ECH         LINE#         550
  C:09F1H         LINE#         551
  C:09F2H         LINE#         553
  C:09F2H         LINE#         554
  C:09F2H         LINE#         555
  C:09F4H         LINE#         556
  C:09F9H         LINE#         557
  C:09F9H         LINE#         558
  C:09FBH         LINE#         560
  C:09FBH         LINE#         561
  C:09FBH         LINE#         562
BL51 BANKED LINKER/LOCATER V6.22                                                      11/04/2020  15:29:23  PAGE 32


  C:0A01H         LINE#         563
  C:0A07H         LINE#         564
  C:0A07H         LINE#         565
  C:0A09H         LINE#         567
  C:0A0FH         LINE#         568
  C:0A0FH         LINE#         569
  C:0A11H         LINE#         570
  C:0A13H         LINE#         571
  C:0A14H         LINE#         573
  C:0A14H         LINE#         574
  C:0A16H         LINE#         575
  C:0A1BH         LINE#         576
  C:0A1BH         LINE#         577
  C:0A1BH         LINE#         578
  C:0A1BH         LINE#         579
  C:0A1BH         LINE#         580
  -------         ENDPROC       LED_CTRL
  -------         PROC          APP_CHARGE_BAT_SERVER
  C:1131H         LINE#         583
  C:1131H         LINE#         584
  C:1131H         LINE#         585
  C:1134H         LINE#         586
  C:1137H         LINE#         588
  C:1145H         LINE#         589
  C:1145H         LINE#         590
  C:1148H         LINE#         591
  C:1148H         LINE#         592
  -------         ENDPROC       APP_CHARGE_BAT_SERVER
  -------         ENDMOD        APP_CHARGE_BAT

  -------         MODULE        APP_PWR_OFF
  C:0000H         SYMBOL        _ICE_DUMMY_
  D:0080H         PUBLIC        P0
  D:0090H         PUBLIC        P1
  D:00A0H         PUBLIC        P2
  D:00B0H         PUBLIC        P3
  D:00D8H         PUBLIC        PWMCON0
  D:00A8H         PUBLIC        IE
  C:123AH         PUBLIC        pwr_off_init
  D:00B8H         PUBLIC        IP
  C:123EH         PUBLIC        pwr_off_set
  B:0080H.3       PUBLIC        a_iDC_Input
  B:0080H.5       PUBLIC        a_oPwr_on
  B:0090H.4       PUBLIC        a_oReset_BT
  D:0098H         PUBLIC        SCON
  D:0088H         PUBLIC        TCON
  D:0065H         PUBLIC        exit_sleep_flag
  B:0090H.0       PUBLIC        a_oLed_pwr_low
  D:0066H         SYMBOL        ucPwr_off_status
  D:00F8H         PUBLIC        SCON_1
  B:0090H.1       PUBLIC        a_oLed_blue
  D:00E8H         PUBLIC        ADCCON0
  D:00C0H         PUBLIC        I2CON
  B:0080H.0       PUBLIC        a_oLed_full
  D:00C8H         PUBLIC        T2CON
  C:07D7H         PUBLIC        pwr_off_server
  D:00D0H         PUBLIC        PSW
BL51 BANKED LINKER/LOCATER V6.22                                                      11/04/2020  15:29:23  PAGE 33


  -------         PROC          PWR_OFF_INIT
  C:123AH         LINE#         11
  C:123AH         LINE#         12
  C:123AH         LINE#         13
  C:123DH         LINE#         14
  -------         ENDPROC       PWR_OFF_INIT
  -------         PROC          PWR_OFF_SET
  C:123EH         LINE#         16
  C:123EH         LINE#         17
  C:123EH         LINE#         18
  C:1241H         LINE#         19
  -------         ENDPROC       PWR_OFF_SET
  -------         PROC          PWR_OFF_SERVER
  -------         DO            
  X:0034H         SYMBOL        uwTime_cnt
  D:0063H         SYMBOL        uwDelay
  -------         ENDDO         
  C:07D7H         LINE#         21
  C:07D7H         LINE#         22
  C:07D7H         LINE#         26
  C:07E0H         LINE#         27
  C:07E0H         LINE#         28
  C:07EEH         LINE#         29
  C:07FDH         LINE#         30
  C:07FDH         LINE#         31
  C:0801H         LINE#         34
  C:0803H         LINE#         35
  C:0805H         LINE#         36
  C:0807H         LINE#         37
  C:0809H         LINE#         38
  C:080BH         LINE#         39
  C:080DH         LINE#         41
  C:0819H         LINE#         42
  C:0819H         LINE#         43
  C:0819H         LINE#         44
  C:0829H         LINE#         45
  C:0829H         LINE#         47
  C:082CH         LINE#         48
  C:082CH         LINE#         49
  C:083AH         LINE#         50
  C:0849H         LINE#         51
  C:0849H         LINE#         52
  C:084DH         LINE#         53
  C:084FH         LINE#         54
  C:084FH         LINE#         55
  C:084FH         LINE#         57
  C:084FH         LINE#         58
  C:0856H         LINE#         59
  C:0856H         LINE#         60
  C:0858H         LINE#         62
  C:085AH         LINE#         63
  C:085FH         LINE#         65
  C:0863H         LINE#         66
  C:0866H         LINE#         67
  C:0866H         LINE#         68
  C:0867H         LINE#         70
  C:0867H         LINE#         71
BL51 BANKED LINKER/LOCATER V6.22                                                      11/04/2020  15:29:23  PAGE 34


  C:086EH         LINE#         72
  C:086EH         LINE#         73
  -------         ENDPROC       PWR_OFF_SERVER
  -------         ENDMOD        APP_PWR_OFF

  -------         MODULE        APP_IAP_INFO
  C:0000H         SYMBOL        _ICE_DUMMY_
  D:0080H         PUBLIC        P0
  D:0090H         PUBLIC        P1
  D:00A0H         PUBLIC        P2
  D:00B0H         PUBLIC        P3
  B:00A8H.7       PUBLIC        EA
  D:00D8H         PUBLIC        PWMCON0
  D:00A8H         PUBLIC        IE
  C:1008H         SYMBOL        Trigger_IAP
  D:00C7H         PUBLIC        TA
  D:00B8H         PUBLIC        IP
  C:0D17H         PUBLIC        _iap_flag_erase
  D:0098H         PUBLIC        SCON
  D:0088H         PUBLIC        TCON
  C:0CBAH         PUBLIC        _iap_flag_read
  D:009FH         PUBLIC        CHPCON
  D:00A5H         PUBLIC        IAPUEN
  D:00F8H         PUBLIC        SCON_1
  C:0A1CH         PUBLIC        _iap_flag_write
  C:0EA3H         PUBLIC        _iap_info_read
  D:00A4H         PUBLIC        IAPTRG
  C:1212H         SYMBOL        iap_iapa_inc
  C:0FD7H         PUBLIC        iap_info_write
  D:00E8H         PUBLIC        ADCCON0
  D:00C0H         PUBLIC        I2CON
  D:00A7H         PUBLIC        IAPAH
  D:00AEH         PUBLIC        IAPFD
  D:00C8H         PUBLIC        T2CON
  D:00A6H         PUBLIC        IAPAL
  D:00AFH         PUBLIC        IAPCN
  B:00D0H.5       PUBLIC        F0
  D:00D0H         PUBLIC        PSW
  -------         PROC          IAP_IAPA_INC
  C:1212H         LINE#         9
  C:1212H         LINE#         10
  C:1212H         LINE#         11
  C:1214H         LINE#         12
  C:1218H         LINE#         13
  C:1218H         LINE#         14
[...]
  D:0006H         SYMBOL        u16IAPStartAddress
  D:0039H         SYMBOL        buf
  D:003CH         SYMBOL        size
  -------         DO            
  D:003DH         SYMBOL        i
  -------         ENDDO         
  C:0CBAH         LINE#         18
  C:0CC0H         LINE#         19
BL51 BANKED LINKER/LOCATER V6.22                                                      11/04/2020  15:29:23  PAGE 35


  C:0CC0H         LINE#         22
  C:0CD3H         LINE#         23
  C:0CD6H         LINE#         24
  C:0CD8H         LINE#         25
  C:0CDBH         LINE#         26
  C:0CE5H         LINE#         27
  C:0CE5H         LINE#         28
  C:0CE8H         LINE#         29
  C:0CEBH         LINE#         31
  C:0CFCH         LINE#         33
  C:0CFFH         LINE#         34
  C:0D03H         LINE#         36
  C:0D16H         LINE#         37
  -------         ENDPROC       _IAP_FLAG_READ
  -------         PROC          _IAP_FLAG_WRITE
  D:0006H         SYMBOL        u16IAPStartAddress
  D:0026H         SYMBOL        buf
  D:0029H         SYMBOL        size
  -------         DO            
  D:002AH         SYMBOL        i
  -------         ENDDO         
  C:0A1CH         LINE#         39
  C:0A22H         LINE#         40
  C:0A22H         LINE#         43
  C:0A35H         LINE#         44
  C:0A48H         LINE#         45
  C:0A4BH         LINE#         46
  C:0A4DH         LINE#         47
  C:0A50H         LINE#         50
  C:0A5AH         LINE#         51
  C:0A5AH         LINE#         52
  C:0A6BH         LINE#         53
  C:0A6EH         LINE#         55
  C:0A71H         LINE#         56
  C:0A75H         LINE#         58
  C:0A88H         LINE#         59
  C:0A9BH         LINE#         60
  -------         ENDPROC       _IAP_FLAG_WRITE
  -------         PROC          _IAP_FLAG_ERASE
  D:0006H         SYMBOL        u16IAPStartAddress
  C:0D17H         LINE#         62
  C:0D17H         LINE#         63
  C:0D17H         LINE#         64
  C:0D2AH         LINE#         65
  C:0D3DH         LINE#         66
  C:0D40H         LINE#         67
  C:0D43H         LINE#         69
  C:0D46H         LINE#         70
  C:0D48H         LINE#         71
  C:0D4BH         LINE#         73
  C:0D5EH         LINE#         74
  C:0D71H         LINE#         75
  -------         ENDPROC       _IAP_FLAG_ERASE
  -------         PROC          TRIGGER_IAP
  C:1008H         LINE#         77
  C:1008H         LINE#         78
  C:1008H         LINE#         79
BL51 BANKED LINKER/LOCATER V6.22                                                      11/04/2020  15:29:23  PAGE 36


  C:101BH         LINE#         80
  C:1023H         LINE#         81
  C:1023H         LINE#         82
  C:1036H         LINE#         83
  C:1036H         LINE#         84
  -------         ENDPROC       TRIGGER_IAP
  -------         PROC          _IAP_INFO_READ
  D:0031H         SYMBOL        puwRom_var
  D:0034H         SYMBOL        puwRom_crc
  -------         DO            
  X:0015H         SYMBOL        TMP
  -------         ENDDO         
  C:0EA3H         LINE#         86
  C:0EA9H         LINE#         87
  C:0EA9H         LINE#         89
  C:0EB9H         LINE#         91
  C:0ECFH         LINE#         92
  -------         ENDPROC       _IAP_INFO_READ
  -------         PROC          IAP_INFO_WRITE
  -------         DO            
  X:0008H         SYMBOL        TMP
  -------         ENDDO         
  C:0FD7H         LINE#         95
  C:0FD7H         LINE#         96
  C:0FD7H         LINE#         99
  C:0FDDH         LINE#         100
  C:0FE0H         LINE#         101
  C:0FE2H         LINE#         102
  C:0FE4H         LINE#         103
  C:0FE6H         LINE#         104
  C:0FEDH         LINE#         105
  C:0FFDH         LINE#         110
  C:1000H         LINE#         111
  C:1003H         LINE#         112
  C:1006H         LINE#         113
  -------         ENDPROC       IAP_INFO_WRITE
  -------         ENDMOD        APP_IAP_INFO

  -------         MODULE        APP_BLUE_LED
  C:0000H         SYMBOL        _ICE_DUMMY_
  D:0080H         PUBLIC        P0
  D:0090H         PUBLIC        P1
  D:00A0H         PUBLIC        P2
  D:00B0H         PUBLIC        P3
  D:00D8H         PUBLIC        PWMCON0
  D:00A8H         PUBLIC        IE
  D:00B8H         PUBLIC        IP
  D:0098H         PUBLIC        SCON
  D:0088H         PUBLIC        TCON
  C:057EH         PUBLIC        blue_led_server
  D:00F8H         PUBLIC        SCON_1
  C:10A6H         PUBLIC        _blue_led_mode
  D:006AH         SYMBOL        ucLed_disp_n
  B:0090H.1       PUBLIC        a_oLed_blue
  C:1235H         PUBLIC        blue_led_init
  D:00E8H         PUBLIC        ADCCON0
  D:00C0H         PUBLIC        I2CON
BL51 BANKED LINKER/LOCATER V6.22                                                      11/04/2020  15:29:23  PAGE 37


  D:00C8H         PUBLIC        T2CON
  D:006BH         PUBLIC        ucLed_mode
  D:00D0H         PUBLIC        PSW
  D:006CH         PUBLIC        ucDisp_time
  -------         PROC          BLUE_LED_INIT
  C:1235H         LINE#         26
  C:1235H         LINE#         27
  C:1235H         LINE#         28
  -------         ENDPROC       BLUE_LED_INIT
  -------         PROC          _BLUE_LED_MODE
  D:0007H         SYMBOL        mode
  C:10A6H         LINE#         31
  C:10A6H         LINE#         32
  C:10A6H         LINE#         33
  C:10A8H         LINE#         36
  C:10B0H         LINE#         37
  C:10B0H         LINE#         38
  C:10B0H         LINE#         39
  C:10B0H         LINE#         40
  C:10B3H         LINE#         42
  C:10B7H         LINE#         43
  C:10B7H         LINE#         44
  C:10B7H         LINE#         45
  C:10B7H         LINE#         46
  C:10B9H         LINE#         48
  C:10B9H         LINE#         49
  C:10B9H         LINE#         50
  C:10BCH         LINE#         52
  C:10C0H         LINE#         53
  C:10C0H         LINE#         54
  C:10C3H         LINE#         55
  C:10C3H         LINE#         56
  C:10C3H         LINE#         57
  C:10C3H         LINE#         58
  -------         ENDPROC       _BLUE_LED_MODE
  -------         PROC          BLUE_LED_SERVER
  -------         DO            
  X:0036H         SYMBOL        ucDisp_cpl
  -------         ENDDO         
  C:057EH         LINE#         60
  C:057EH         LINE#         61
  C:057EH         LINE#         64
  C:0599H         LINE#         65
  C:0599H         LINE#         66
  C:0599H         LINE#         67
  C:0599H         LINE#         68
  C:059BH         LINE#         69
  C:059EH         LINE#         70
  C:05A3H         LINE#         71
  C:05A4H         LINE#         73
  C:05A4H         LINE#         74
  C:05A4H         LINE#         79
  C:05A9H         LINE#         80
  C:05A9H         LINE#         81
  C:05ABH         LINE#         82
  C:05B5H         LINE#         83
  C:05B5H         LINE#         84
BL51 BANKED LINKER/LOCATER V6.22                                                      11/04/2020  15:29:23  PAGE 38


  C:05B8H         LINE#         85
  C:05BAH         LINE#         86
  C:05BCH         LINE#         87
  C:05BCH         LINE#         88
  C:05BCH         LINE#         89
  C:05BFH         LINE#         91
  C:05BFH         LINE#         92
  C:05C1H         LINE#         93
  C:05C4H         LINE#         94
  C:05C4H         LINE#         95
  C:05C4H         LINE#         96
  C:05C7H         LINE#         98
  C:05C7H         LINE#         99
  C:05C7H         LINE#         100
  C:05C9H         LINE#         101
  C:05D3H         LINE#         102
  C:05D3H         LINE#         103
  C:05D6H         LINE#         105
  C:05DCH         LINE#         106
  C:05DCH         LINE#         107
  C:05DCH         LINE#         108
  C:05DCH         LINE#         109
  C:05DFH         LINE#         111
  C:05DFH         LINE#         112
  C:05E1H         LINE#         113
  C:05E2H         LINE#         114
  C:05E2H         LINE#         115
  C:05E2H         LINE#         116
  C:05E5H         LINE#         118
  C:05E5H         LINE#         119
  C:05E5H         LINE#         124
  C:05E7H         LINE#         125
  C:05F1H         LINE#         126
  C:05F1H         LINE#         127
  C:05F4H         LINE#         129
  C:05FAH         LINE#         130
  C:05FAH         LINE#         131
  C:05FCH         LINE#         132
  C:05FEH         LINE#         133
  C:05FFH         LINE#         135
  C:05FFH         LINE#         136
  C:0601H         LINE#         137
  C:0602H         LINE#         138
  C:0602H         LINE#         139
  C:0602H         LINE#         140
  C:0605H         LINE#         142
  C:0605H         LINE#         143
  C:0605H         LINE#         144
  C:0611H         LINE#         145
  C:0611H         LINE#         146
  C:0615H         LINE#         147
  C:0615H         LINE#         148
  C:0617H         LINE#         149
  C:061EH         LINE#         150
  C:061EH         LINE#         151
  C:0621H         LINE#         153
  C:0625H         LINE#         154
BL51 BANKED LINKER/LOCATER V6.22                                                      11/04/2020  15:29:23  PAGE 39


  C:0625H         LINE#         155
  C:0627H         LINE#         157
  C:062DH         LINE#         158
  C:062DH         LINE#         159
  C:062DH         LINE#         160
  C:062DH         LINE#         161
  C:062FH         LINE#         163
  C:062FH         LINE#         164
  C:0631H         LINE#         165
  C:0632H         LINE#         166
  C:0632H         LINE#         167
  C:0634H         LINE#         169
  C:0634H         LINE#         170
  C:0636H         LINE#         171
  C:0639H         LINE#         174
  C:0639H         LINE#         175
  C:0639H         LINE#         176
  C:0639H         LINE#         177
  C:0639H         LINE#         178
  C:063BH         LINE#         180
  C:063BH         LINE#         181
  C:063DH         LINE#         182
  C:0644H         LINE#         183
  C:0644H         LINE#         184
  C:0647H         LINE#         186
  C:064BH         LINE#         187
  C:064BH         LINE#         188
  C:064DH         LINE#         190
  C:0653H         LINE#         191
  C:0653H         LINE#         192
  C:0653H         LINE#         193
  C:0653H         LINE#         194
  C:0655H         LINE#         196
  C:0655H         LINE#         197
  C:0657H         LINE#         198
  C:0658H         LINE#         199
  C:0658H         LINE#         200
  C:065AH         LINE#         202
  C:065AH         LINE#         203
  C:065CH         LINE#         204
  C:065FH         LINE#         207
  C:065FH         LINE#         208
  C:065FH         LINE#         209
  C:065FH         LINE#         210
  C:065FH         LINE#         211
  C:0661H         LINE#         213
  C:0661H         LINE#         214
  C:0661H         LINE#         215
  C:0663H         LINE#         216
  C:066AH         LINE#         217
  C:066AH         LINE#         218
  C:066DH         LINE#         220
  C:0671H         LINE#         221
  C:0671H         LINE#         222
  C:0673H         LINE#         224
  C:0679H         LINE#         225
  C:0679H         LINE#         226
BL51 BANKED LINKER/LOCATER V6.22                                                      11/04/2020  15:29:23  PAGE 40


  C:067BH         LINE#         227
  C:067DH         LINE#         228
  C:067EH         LINE#         230
  C:067EH         LINE#         231
  C:0680H         LINE#         232
  C:0681H         LINE#         233
  C:0681H         LINE#         234
  C:0683H         LINE#         236
  C:0683H         LINE#         237
  C:0685H         LINE#         238
  C:068AH         LINE#         239
  C:068AH         LINE#         240
  C:068AH         LINE#         241
  C:068AH         LINE#         242
  C:068AH         LINE#         244
  -------         ENDPROC       BLUE_LED_SERVER
  -------         ENDMOD        APP_BLUE_LED

  -------         MODULE        APP_RESET_BT
  C:0000H         SYMBOL        _ICE_DUMMY_
  D:0080H         PUBLIC        P0
  D:0090H         PUBLIC        P1
  D:00A0H         PUBLIC        P2
  D:00B0H         PUBLIC        P3
  D:0071H         SYMBOL        uwReset_time
  D:00D8H         PUBLIC        PWMCON0
  D:00A8H         PUBLIC        IE
  C:121BH         PUBLIC        App_Reset_BT_start
  D:00B8H         PUBLIC        IP
  B:0090H.4       PUBLIC        a_oReset_BT
  D:0098H         PUBLIC        SCON
  D:0088H         PUBLIC        TCON
  D:00F8H         PUBLIC        SCON_1
  D:00E8H         PUBLIC        ADCCON0
  D:00C0H         PUBLIC        I2CON
  D:00C8H         PUBLIC        T2CON
  D:00D0H         PUBLIC        PSW
  C:10E1H         PUBLIC        App_Reset_BT_server
  -------         PROC          APP_RESET_BT_START
  C:121BH         LINE#         12
  C:121BH         LINE#         13
  C:121BH         LINE#         14
  C:121DH         LINE#         15
  C:1223H         LINE#         16
  -------         ENDPROC       APP_RESET_BT_START
  -------         PROC          APP_RESET_BT_SERVER
  C:10E1H         LINE#         18
  C:10E1H         LINE#         19
  C:10E1H         LINE#         20
  C:10ECH         LINE#         21
  C:10ECH         LINE#         22
  C:10F4H         LINE#         23
  C:10FAH         LINE#         24
  C:10FAH         LINE#         25
  C:10FCH         LINE#         26
  C:10FCH         LINE#         27
  C:10FCH         LINE#         28
BL51 BANKED LINKER/LOCATER V6.22                                                      11/04/2020  15:29:23  PAGE 41


  -------         ENDPROC       APP_RESET_BT_SERVER
  -------         ENDMOD        APP_RESET_BT

  -------         MODULE        APP_ADC
  C:0000H         SYMBOL        _ICE_DUMMY_
  D:0080H         PUBLIC        P0
  D:0090H         PUBLIC        P1
  D:00A0H         PUBLIC        P2
  D:00B0H         PUBLIC        P3
  D:00D8H         PUBLIC        PWMCON0
  D:00A8H         PUBLIC        IE
  D:00B8H         PUBLIC        IP
  D:0098H         PUBLIC        SCON
  D:0088H         PUBLIC        TCON
  D:00F8H         PUBLIC        SCON_1
  C:0E12H         PUBLIC        APP_Adc_server
  D:00E8H         PUBLIC        ADCCON0
  D:00C0H         PUBLIC        I2CON
  D:00C8H         PUBLIC        T2CON
  D:00D0H         PUBLIC        PSW
  -------         PROC          APP_ADC_SERVER
  -------         DO            
  D:005EH         SYMBOL        uwTime
  D:0060H         SYMBOL        uwAdd_Adc
  D:0062H         SYMBOL        ucAdd_cnt
  D:0006H         SYMBOL        uwAdc
  -------         ENDDO         
  C:0E12H         LINE#         17
  C:0E12H         LINE#         18
  C:0E12H         LINE#         24
  C:0E1AH         LINE#         25
  C:0E23H         LINE#         26
  C:0E23H         LINE#         27
  C:0E28H         LINE#         29
  C:0E2BH         LINE#         30
  C:0E35H         LINE#         32
  C:0E37H         LINE#         33
  C:0E3EH         LINE#         34
  C:0E3EH         LINE#         35
  C:0E41H         LINE#         37
  C:0E53H         LINE#         38
  C:0E59H         LINE#         39
  C:0E5EH         LINE#         40
  C:0E5EH         LINE#         41
  C:0E5EH         LINE#         42
  -------         ENDPROC       APP_ADC_SERVER
  -------         ENDMOD        APP_ADC

  -------         MODULE        DELAY
  C:1206H         SEGMENT       ?PR?_DELAY_US?DELAY
  C:1062H         SEGMENT       ?PR?_DELAY_MS?DELAY
  D:0031H         SEGMENT       ?DT?_DELAY_MS?DELAY
  C:1062H         PUBLIC        _DELAY_MS
  C:1206H         PUBLIC        _DELAY_US
  C:106BH         SYMBOL        ?C0002
  C:1087H         SYMBOL        ?C0005
  C:1085H         SYMBOL        ?C0006
BL51 BANKED LINKER/LOCATER V6.22                                                      11/04/2020  15:29:23  PAGE 42


  D:0031H         SYMBOL        ?_DELAY_MS?BYTE
  N:0000H         SYMBOL        DELAY
  D:0033H         SYMBOL        I?142
  C:1207H         SYMBOL        LOOP
  D:0031H         SYMBOL        UWTIME?141
  C:1206H         LINE#         36
  C:1207H         LINE#         42
  C:1209H         LINE#         44
  C:120AH         LINE#         46
  C:120BH         LINE#         48
  C:120DH         LINE#         50
  C:120FH         LINE#         54
  C:1211H         LINE#         58
  C:1062H         LINE#         68
  C:1064H         LINE#         69
  C:1066H         LINE#         75
  C:1067H         LINE#         76
  C:1069H         LINE#         77
  C:106BH         LINE#         79
  C:106CH         LINE#         80
  C:106EH         LINE#         81
  C:1070H         LINE#         82
  C:1072H         LINE#         83
  C:1074H         LINE#         84
  C:1076H         LINE#         89
  C:1078H         LINE#         90
  C:107AH         LINE#         91
  C:107DH         LINE#         94
  C:107FH         LINE#         95
  C:1081H         LINE#         96
  C:1083H         LINE#         97
  C:1085H         LINE#         99
  C:1087H         LINE#         102
  -------         ENDMOD        DELAY

  -------         MODULE        ?C_STARTUP
  C:073DH         SEGMENT       ?C_C51STARTUP
  I:0074H         SEGMENT       ?STACK
  C:0000H         PUBLIC        ?C_STARTUP
  D:00E0H         SYMBOL        ACC
  D:00F0H         SYMBOL        B
  D:0083H         SYMBOL        DPH
  D:0082H         SYMBOL        DPL
  N:0000H         SYMBOL        IBPSTACK
  N:0100H         SYMBOL        IBPSTACKTOP
  N:0080H         SYMBOL        IDATALEN
  C:0740H         SYMBOL        IDATALOOP
  N:0000H         SYMBOL        PBPSTACK
  N:0000H         SYMBOL        PBPSTACKTOP
  N:0000H         SYMBOL        PDATALEN
  N:0000H         SYMBOL        PDATASTART
  N:0000H         SYMBOL        PPAGE
  N:0000H         SYMBOL        PPAGEENABLE
  D:00A0H         SYMBOL        PPAGE_SFR
  D:0081H         SYMBOL        SP
  C:073DH         SYMBOL        STARTUP1
  N:0000H         SYMBOL        XBPSTACK
BL51 BANKED LINKER/LOCATER V6.22                                                      11/04/2020  15:29:23  PAGE 43


  N:0000H         SYMBOL        XBPSTACKTOP
  N:02FFH         SYMBOL        XDATALEN
  C:074BH         SYMBOL        XDATALOOP
  N:0000H         SYMBOL        XDATASTART
  C:0000H         LINE#         94
  C:073DH         LINE#         109
  C:073FH         LINE#         110
  C:0740H         LINE#         111
  C:0741H         LINE#         112
  C:0743H         LINE#         116
  C:0746H         LINE#         117
  C:0748H         LINE#         119
  C:074AH         LINE#         123
  C:074BH         LINE#         124
  C:074CH         LINE#         125
  C:074DH         LINE#         126
  C:074FH         LINE#         127
  C:0751H         LINE#         161
  C:0754H         LINE#         165
  -------         ENDMOD        ?C_STARTUP

  -------         MODULE        ?C?CLDPTR
  C:068BH         PUBLIC        ?C?CLDPTR
  -------         ENDMOD        ?C?CLDPTR

  -------         MODULE        ?C?CLDOPTR
  C:06A4H         PUBLIC        ?C?CLDOPTR
  -------         ENDMOD        ?C?CLDOPTR

  -------         MODULE        ?C?CSTOPTR
  C:06D1H         PUBLIC        ?C?CSTOPTR
  -------         ENDMOD        ?C?CSTOPTR

  -------         MODULE        ?C?ILDPTR
  C:06F3H         PUBLIC        ?C?ILDPTR
  -------         ENDMOD        ?C?ILDPTR

  -------         MODULE        ?C?ISTPTR
  C:071EH         PUBLIC        ?C?ISTPTR
  -------         ENDMOD        ?C?ISTPTR

*** WARNING L15: MULTIPLE CALL TO SEGMENT
    SEGMENT: ?PR?_IAP_INFO_READ?APP_IAP_INFO
    CALLER1: ?PR?UART0_IRQHANDLER?SYS_UART0_IRQ
    CALLER2: ?C_C51STARTUP

*** WARNING L15: MULTIPLE CALL TO SEGMENT
    SEGMENT: ?PR?_IAP_FLAG_READ?APP_IAP_INFO
    CALLER1: ?PR?UART0_IRQHANDLER?SYS_UART0_IRQ
    CALLER2: ?C_C51STARTUP

Program Size: data=116.5 xdata=55 code=4688
LINK/LOCATE RUN COMPLETE.  2 WARNING(S),  0 ERROR(S)
