BL51 BANKED LINKER/LOCATER V6.22.2.0                                                    03/08/2021  17:08:27  PAGE 1


BL51 BANKED LINKER/LOCATER V6.22.2.0, INVOKED BY:
C:\KEIL_V5\C51\BIN\BL51.EXE .\Output\Main.obj, .\Output\Sys_Init.obj, .\Output\Sys_Time0_IRQ.obj, .\Output\Sys_Adc.obj, 
>> .\Output\Sys_Uart0_IRQ.obj, .\Output\App_BT_Uart0.obj, .\Output\App_Key.obj, .\Output\App_Charge_bat.obj, .\Output\Ap
>> p_Hall.obj, .\Output\App_pwr_off.obj, .\Output\App_iap_info.obj, .\Output\App_led.obj, .\Output\APP_Adc.obj, .\Output
>> \App_Reset_BT.obj, .\Output\APP_EMR_Power.obj, .\Output\APP_Low_Power_Mode.obj, .\Output\APP_External_Interrupt_0.obj
>> , .\Output\APP_Pin_Interrupt.obj, .\Output\Delay.obj, .\Output\STARTUP.obj TO .\Output\Demo PRINT (.\LST\Demo.m51) RA
>> MSIZE (256) DISABLEWARNING (16)


MEMORY MODEL: SMALL


INPUT MODULES INCLUDED:
  .\Output\Main.obj (MAIN)
  .\Output\Sys_Init.obj (SYS_INIT)
  .\Output\Sys_Time0_IRQ.obj (SYS_TIME0_IRQ)
  .\Output\Sys_Adc.obj (SYS_ADC)
  .\Output\Sys_Uart0_IRQ.obj (SYS_UART0_IRQ)
  .\Output\App_BT_Uart0.obj (APP_BT_UART0)
  .\Output\App_Key.obj (APP_KEY)
  .\Output\App_Charge_bat.obj (APP_CHARGE_BAT)
  .\Output\App_Hall.obj (APP_HALL)
  .\Output\App_pwr_off.obj (APP_PWR_OFF)
  .\Output\App_iap_info.obj (APP_IAP_INFO)
  .\Output\App_led.obj (APP_LED)
  .\Output\APP_Adc.obj (APP_ADC)
  .\Output\App_Reset_BT.obj (APP_RESET_BT)
  .\Output\APP_EMR_Power.obj (APP_EMR_POWER)
  .\Output\APP_Low_Power_Mode.obj (APP_LOW_POWER_MODE)
  .\Output\APP_External_Interrupt_0.obj (APP_EXTERNAL_INTERRUPT_0)
  .\Output\APP_Pin_Interrupt.obj (APP_PIN_INTERRUPT)
  .\Output\Delay.obj (DELAY)
  .\Output\STARTUP.obj (?C_STARTUP)
  C:\KEIL_V5\C51\LIB\C51S.LIB (?C_INIT)
  C:\KEIL_V5\C51\LIB\C51S.LIB (?C?CLDPTR)
  C:\KEIL_V5\C51\LIB\C51S.LIB (?C?CLDOPTR)
  C:\KEIL_V5\C51\LIB\C51S.LIB (?C?CSTOPTR)
  C:\KEIL_V5\C51\LIB\C51S.LIB (?C?ILDPTR)
  C:\KEIL_V5\C51\LIB\C51S.LIB (?C?ISTPTR)


LINK MAP OF MODULE:  .\Output\Demo (MAIN)


            TYPE    BASE      LENGTH    RELOCATION   SEGMENT NAME
            -----------------------------------------------------

            * * * * * * *   D A T A   M E M O R Y   * * * * * * *
            REG     0000H     0008H     ABSOLUTE     "REG BANK 0"
            DATA    0008H     0012H     UNIT         ?DT?SYS_UART0_IRQ
            DATA    001AH     0006H     UNIT         ?DT?APP_LED
            BIT     0020H.0   0000H.2   UNIT         ?BI?SYS_TIME0_IRQ
            BIT     0020H.2   0000H.1   UNIT         ?BI?SYS_UART0_IRQ
            BIT     0020H.3   0000H.1   UNIT         ?BI?APP_BT_UART0
            BIT     0020H.4   0000H.1   UNIT         ?BI?APP_KEY
                    0020H.5   0000H.3                *** GAP ***
            DATA    0021H     0019H     UNIT         _DATA_GROUP_
            DATA    003AH     0010H     UNIT         ?DT?APP_BT_UART0
BL51 BANKED LINKER/LOCATER V6.22.2.0                                                  03/08/2021  17:08:27  PAGE 2


            DATA    004AH     0005H     UNIT         ?DT?APP_ADC
            DATA    004FH     0004H     UNIT         ?DT?APP_CHARGE_BAT
            DATA    0053H     0004H     UNIT         ?DT?_DELAY_MS?DELAY
            DATA    0057H     0003H     UNIT         ?DT?SYS_TIME0_IRQ
            DATA    005AH     0003H     UNIT         ?DT?APP_KEY
            DATA    005DH     0003H     UNIT         ?DT?APP_HALL
            DATA    0060H     0003H     UNIT         ?DT?APP_PWR_OFF
            DATA    0063H     0003H     UNIT         ?DT?APP_LOW_POWER_MODE
            DATA    0066H     0002H     UNIT         ?DT?MAIN
            DATA    0068H     0002H     UNIT         ?DT?SYS_ADC
            DATA    006AH     0002H     UNIT         ?DT?_APP_BT_ADC_DATA?APP_BT_UART0
            DATA    006CH     0002H     UNIT         ?DT?APP_RESET_BT
            DATA    006EH     0002H     UNIT         ?DT?_DELAY_US?DELAY
            IDATA   0070H     0001H     UNIT         ?STACK

            * * * * * * *  X D A T A   M E M O R Y  * * * * * * *
            XDATA   0000H     001DH     UNIT         _XDATA_GROUP_
            XDATA   001DH     000BH     UNIT         ?XD?APP_CHARGE_BAT
            XDATA   0028H     0008H     UNIT         ?XD?CONNECT_CTRL?APP_BT_UART0
            XDATA   0030H     0008H     UNIT         ?XD?APP_LED
            XDATA   0038H     0004H     UNIT         ?XD?APP_HALL
            XDATA   003CH     0002H     UNIT         ?XD?APP_PWR_OFF

            * * * * * * *   C O D E   M E M O R Y   * * * * * * *
            CODE    0000H     0003H     ABSOLUTE     
            CODE    0003H     0003H     ABSOLUTE     
            CODE    0006H     0005H     UNIT         ?PR?ADC_DATA_GET?SYS_ADC
            CODE    000BH     0003H     ABSOLUTE     
            CODE    000EH     0013H     UNIT         ?PR?APP_BT_SHUT_DOWN_TIME_CLR?APP_BT_UART0
            CODE    0021H     0001H     UNIT         ?PR?MODULE_INIT?SYS_INIT
            CODE    0022H     0001H     UNIT         ?PR?APP_EXTERNAL_INTERRUPT_IRQHANDLER?APP_EXTERNAL_INTERRUPT_0
            CODE    0023H     0003H     ABSOLUTE     
            CODE    0026H     0013H     UNIT         ?PR?APP_PIN_INTERRUPT_INIT?APP_PIN_INTERRUPT
                    0039H     0002H                  *** GAP ***
            CODE    003BH     0003H     ABSOLUTE     
            CODE    003EH     014DH     UNIT         ?PR?_APP_BT_PROCESS_CMD?APP_BT_UART0
            CODE    018BH     0112H     UNIT         ?PR?BT_LED_CTRL?APP_LED
            CODE    029DH     00F8H     UNIT         ?PR?DC_INPUT_CHECK?APP_CHARGE_BAT
            CODE    0395H     00E1H     UNIT         ?PR?APP_KEY_SERVER?APP_KEY
            CODE    0476H     00B6H     UNIT         ?PR?DC_BAT_LED_CTRL?APP_LED
            CODE    052CH     00B2H     UNIT         ?C?LIB_CODE
            CODE    05DEH     009AH     UNIT         ?C_C51STARTUP
            CODE    0678H     0096H     UNIT         ?PR?_APP_BT_SEND?APP_BT_UART0
            CODE    070EH     0094H     UNIT         ?PR?PWR_OFF_SERVER?APP_PWR_OFF
            CODE    07A2H     0091H     UNIT         ?PR?MODIFY_HIRC_VLAUE?SYS_INIT
            CODE    0833H     0088H     UNIT         ?PR?APP_HALL_SERVER?APP_HALL
            CODE    08BBH     0080H     UNIT         ?PR?_IAP_FLAG_WRITE?APP_IAP_INFO
            CODE    093BH     007BH     UNIT         ?C_INITSEG
            CODE    09B6H     0071H     UNIT         ?PR?UART0_IRQHANDLER?SYS_UART0_IRQ
            CODE    0A27H     0070H     UNIT         ?PR?CONNECT_CTRL?APP_BT_UART0
            CODE    0A97H     006DH     UNIT         ?PR?_APP_BT_PROCESS?APP_BT_UART0
            CODE    0B04H     0062H     UNIT         ?PR?_TIME0_DLY?SYS_TIME0_IRQ
            CODE    0B66H     005DH     UNIT         ?PR?_IAP_FLAG_READ?APP_IAP_INFO
            CODE    0BC3H     005BH     UNIT         ?PR?BAT_ADC_DATA?APP_CHARGE_BAT
            CODE    0C1EH     005BH     UNIT         ?PR?_IAP_FLAG_ERASE?APP_IAP_INFO
            CODE    0C79H     0057H     UNIT         ?PR?MAIN?MAIN
            CODE    0CD0H     0056H     UNIT         ?PR?APP_PIN_IRQHANDLER?APP_PIN_INTERRUPT
BL51 BANKED LINKER/LOCATER V6.22.2.0                                                  03/08/2021  17:08:27  PAGE 3


            CODE    0D26H     0054H     UNIT         ?PR?APP_EXIT_LOW_POWER_MODE?APP_LOW_POWER_MODE
            CODE    0D7AH     004BH     UNIT         ?PR?APP_ADC_SERVER?APP_ADC
            CODE    0DC5H     004AH     UNIT         ?PR?PORT_INIT?SYS_INIT
            CODE    0E0FH     0049H     UNIT         ?PR?APP_ENTER_LOW_POWER_MODE?APP_LOW_POWER_MODE
            CODE    0E58H     0046H     UNIT         ?PR?_UART0_SEND_BYTE_PUSH?SYS_UART0_IRQ
            CODE    0E9EH     0042H     UNIT         ?PR?RCC_INIT?SYS_INIT
            CODE    0EE0H     0042H     UNIT         ?PR?_IAP_INFO_READ?APP_IAP_INFO
            CODE    0F22H     0040H     UNIT         ?PR?ADC_SERVER?SYS_ADC
            CODE    0F62H     003AH     UNIT         ?PR?_DELAY500MS?APP_LOW_POWER_MODE
            CODE    0F9CH     0032H     UNIT         ?PR?TMR0_IRQHANDLER?SYS_TIME0_IRQ
            CODE    0FCEH     0031H     UNIT         ?PR?IAP_INFO_WRITE?APP_IAP_INFO
            CODE    0FFFH     0031H     UNIT         ?PR?APP_LOW_POWER_MODE_SERVER?APP_LOW_POWER_MODE
            CODE    1030H     002FH     UNIT         ?PR?TRIGGER_IAP?APP_IAP_INFO
            CODE    105FH     002BH     UNIT         ?PR?UART0_INIT?SYS_UART0_IRQ
            CODE    108AH     0028H     UNIT         ?PR?_DEBUG_LED_CTRL?APP_LED
            CODE    10B2H     0026H     UNIT         ?PR?_DELAY_MS?DELAY
            CODE    10D8H     001EH     UNIT         ?PR?ADC_INIT?SYS_ADC
            CODE    10F6H     001EH     UNIT         ?PR?_APP_SYSTEM_SLEEP_STATE?APP_LOW_POWER_MODE
            CODE    1114H     001DH     UNIT         ?PR?REV_TIMEOUT?APP_BT_UART0
            CODE    1131H     001CH     UNIT         ?PR?APP_RESET_BT_SERVER?APP_RESET_BT
            CODE    114DH     001BH     UNIT         ?PR?_APP_BT_ADC_DATA?APP_BT_UART0
            CODE    1168H     001AH     UNIT         ?PR?APP_CHARGE_BAT_SERVER?APP_CHARGE_BAT
            CODE    1182H     0019H     UNIT         ?PR?TIME0_INIT?SYS_TIME0_IRQ
            CODE    119BH     0017H     UNIT         ?PR?APP_BT_SEND_KEY_ON?APP_BT_UART0
            CODE    11B2H     0017H     UNIT         ?PR?APP_BT_SEND_KEY_LONG?APP_BT_UART0
            CODE    11C9H     0016H     UNIT         ?PR?_APP_BT_HALL_SLEEP?APP_BT_UART0
            CODE    11DFH     0012H     UNIT         ?PR?LED_CTRL_INIT?APP_LED
            CODE    11F1H     0010H     UNIT         ?PR?_DELAY_US?DELAY
            CODE    1201H     000FH     UNIT         ?PR?SYS_INIT?SYS_INIT
            CODE    1210H     000FH     UNIT         ?PR?APP_BT_INIT?APP_BT_UART0
            CODE    121FH     000DH     UNIT         ?PR?_PUTCHAR?SYS_UART0_IRQ
            CODE    122CH     000CH     UNIT         ?PR?APP_KEY_INIT?APP_KEY
            CODE    1238H     000BH     UNIT         ?PR?APP_CHARGE_BAT_INIT?APP_CHARGE_BAT
            CODE    1243H     000AH     UNIT         ?PR?IAP_IAPA_INC?APP_IAP_INFO
            CODE    124DH     0009H     UNIT         ?PR?_BT_EMR_LED_MODE?APP_LED
            CODE    1256H     0009H     UNIT         ?PR?_BT_DATA_LED_MODE?APP_LED
            CODE    125FH     0009H     UNIT         ?PR?APP_RESET_BT_START?APP_RESET_BT
            CODE    1268H     0008H     UNIT         ?PR?_UART0_SEND_BYTE?SYS_UART0_IRQ
            CODE    1270H     0006H     UNIT         ?PR?APP_BT_SERVER?APP_BT_UART0
            CODE    1276H     0006H     UNIT         ?PR?CONNECT_CTRL_RST?APP_BT_UART0
            CODE    127CH     0006H     UNIT         ?PR?APP_SYSTEM_DEFAULT_LOW_POWER_MODE?APP_LOW_POWER_MODE
            CODE    1282H     0005H     UNIT         ?PR?APP_INT0_INIT?APP_EXTERNAL_INTERRUPT_0
            CODE    1287H     0004H     UNIT         ?PR?APP_HALL_INIT?APP_HALL
            CODE    128BH     0004H     UNIT         ?PR?PWR_OFF_INIT?APP_PWR_OFF
            CODE    128FH     0004H     UNIT         ?PR?PWR_OFF_SET?APP_PWR_OFF
            CODE    1293H     0003H     UNIT         ?PR?APP_DEBUG_MODE_GET?APP_BT_UART0
            CODE    1296H     0003H     UNIT         ?PR?PWR_ON_STATUS?APP_KEY
            CODE    1299H     0003H     UNIT         ?PR?_PWR_ON_SET?APP_KEY
            CODE    129CH     0003H     UNIT         ?PR?APP_KEY_PROCESS?APP_KEY
            CODE    129FH     0003H     UNIT         ?PR?BAT_LOW_STATUS?APP_CHARGE_BAT
            CODE    12A2H     0003H     UNIT         ?PR?DC_INPUT_STATUS?APP_CHARGE_BAT
            CODE    12A5H     0003H     UNIT         ?PR?APP_HALL_STATUS?APP_HALL
            CODE    12A8H     0003H     UNIT         ?PR?_DC_LED_MODE?APP_LED
            CODE    12ABH     0003H     UNIT         ?PR?_BAT_LED_MODE?APP_LED
            CODE    12AEH     0003H     UNIT         ?PR?APP_EMR_POWER_INIT?APP_EMR_POWER
            CODE    12B1H     0003H     UNIT         ?PR?APP_EMR_POWER_ON?APP_EMR_POWER
            CODE    12B4H     0003H     UNIT         ?PR?APP_EMR_POWER_OFF?APP_EMR_POWER
BL51 BANKED LINKER/LOCATER V6.22.2.0                                                  03/08/2021  17:08:27  PAGE 4


            CODE    12B7H     0003H     UNIT         ?PR?APP_GET_SYSTEM_SLEEP_CURRENT_STATUS?APP_LOW_POWER_MODE
            CODE    12BAH     0003H     UNIT         ?PR?_APP_SET_DEEP_SLEEP_TIME_VAL?APP_LOW_POWER_MODE
            CODE    12BDH     0003H     UNIT         ?PR?APP_GET_DEEP_SLEEP_TIME_VAL?APP_LOW_POWER_MODE



OVERLAY MAP OF MODULE:   .\Output\Demo (MAIN)


SEGMENT                                            DATA_GROUP          XDATA_GROUP
  +--> CALLED SEGMENT                            START    LENGTH     START    LENGTH
------------------------------------------------------------------------------------
?PR?UART0_IRQHANDLER?SYS_UART0_IRQ               -----    -----      -----    -----
  +--> ?PR?_APP_BT_PROCESS?APP_BT_UART0

?PR?_APP_BT_PROCESS?APP_BT_UART0                 -----    -----      -----    -----
  +--> ?PR?_APP_BT_PROCESS_CMD?APP_BT_UART0

?PR?_APP_BT_PROCESS_CMD?APP_BT_UART0             0021H    0003H      0000H    0008H
  +--> ?PR?_BT_EMR_LED_MODE?APP_LED
  +--> ?PR?_BT_DATA_LED_MODE?APP_LED
  +--> ?PR?PWR_OFF_SET?APP_PWR_OFF
  +--> ?PR?_IAP_INFO_READ?APP_IAP_INFO
  +--> ?PR?IAP_INFO_WRITE?APP_IAP_INFO
  +--> ?PR?APP_RESET_BT_START?APP_RESET_BT
  +--> ?PR?_DEBUG_LED_CTRL?APP_LED
  +--> ?PR?_APP_SYSTEM_SLEEP_STATE?APP_LOW_P...

?PR?_IAP_INFO_READ?APP_IAP_INFO                  0024H    0006H      0008H    0005H
  +--> ?PR?_IAP_FLAG_READ?APP_IAP_INFO

?PR?_IAP_FLAG_READ?APP_IAP_INFO                  002AH    0007H      -----    -----
  +--> ?PR?TRIGGER_IAP?APP_IAP_INFO
  +--> ?PR?IAP_IAPA_INC?APP_IAP_INFO

?PR?IAP_INFO_WRITE?APP_IAP_INFO                  -----    -----      0008H    0005H
  +--> ?PR?_IAP_FLAG_ERASE?APP_IAP_INFO
  +--> ?PR?_IAP_FLAG_WRITE?APP_IAP_INFO

?PR?_IAP_FLAG_ERASE?APP_IAP_INFO                 -----    -----      -----    -----
  +--> ?PR?TRIGGER_IAP?APP_IAP_INFO

?PR?_IAP_FLAG_WRITE?APP_IAP_INFO                 0024H    0007H      -----    -----
  +--> ?PR?TRIGGER_IAP?APP_IAP_INFO
  +--> ?PR?IAP_IAPA_INC?APP_IAP_INFO

*** NEW ROOT ***************************************************

?PR?APP_PIN_IRQHANDLER?APP_PIN_INTERRUPT         -----    -----      -----    -----
  +--> ?PR?APP_EXIT_LOW_POWER_MODE?APP_LOW_P...
  +--> ?PR?_APP_SYSTEM_SLEEP_STATE?APP_LOW_P...

?PR?APP_EXIT_LOW_POWER_MODE?APP_LOW_P...         -----    -----      -----    -----
  +--> ?PR?APP_GET_DEEP_SLEEP_TIME_VAL?APP_L...
  +--> ?PR?_APP_SET_DEEP_SLEEP_TIME_VAL?APP_...
  +--> ?PR?APP_EMR_POWER_ON?APP_EMR_POWER

BL51 BANKED LINKER/LOCATER V6.22.2.0                                                  03/08/2021  17:08:27  PAGE 5


*** NEW ROOT ***************************************************

?C_C51STARTUP                                    -----    -----      -----    -----
  +--> ?PR?MAIN?MAIN
  +--> ?C_INITSEG

?PR?MAIN?MAIN                                    -----    -----      -----    -----
  +--> ?PR?SYS_INIT?SYS_INIT
  +--> ?PR?APP_EMR_POWER_ON?APP_EMR_POWER
  +--> ?PR?APP_INT0_INIT?APP_EXTERNAL_INTERR...
  +--> ?PR?APP_PIN_INTERRUPT_INIT?APP_PIN_IN...
  +--> ?PR?APP_RESET_BT_START?APP_RESET_BT
  +--> ?PR?PWR_OFF_INIT?APP_PWR_OFF
  +--> ?PR?APP_SYSTEM_DEFAULT_LOW_POWER_MODE...
  +--> ?PR?APP_CHARGE_BAT_INIT?APP_CHARGE_BAT
  +--> ?PR?APP_KEY_INIT?APP_KEY
  +--> ?PR?APP_BT_INIT?APP_BT_UART0
  +--> ?PR?APP_HALL_INIT?APP_HALL
  +--> ?PR?ADC_SERVER?SYS_ADC
  +--> ?PR?_TIME0_DLY?SYS_TIME0_IRQ
  +--> ?PR?APP_KEY_SERVER?APP_KEY
  +--> ?PR?APP_CHARGE_BAT_SERVER?APP_CHARGE_BAT
  +--> ?PR?APP_HALL_SERVER?APP_HALL
  +--> ?PR?APP_BT_SERVER?APP_BT_UART0
  +--> ?PR?PWR_OFF_SERVER?APP_PWR_OFF
  +--> ?PR?APP_ADC_SERVER?APP_ADC
  +--> ?PR?APP_RESET_BT_SERVER?APP_RESET_BT
  +--> ?PR?APP_LOW_POWER_MODE_SERVER?APP_LOW...

?PR?SYS_INIT?SYS_INIT                            -----    -----      -----    -----
  +--> ?PR?RCC_INIT?SYS_INIT
  +--> ?PR?TIME0_INIT?SYS_TIME0_IRQ
  +--> ?PR?ADC_INIT?SYS_ADC
  +--> ?PR?PORT_INIT?SYS_INIT
  +--> ?PR?UART0_INIT?SYS_UART0_IRQ

?PR?RCC_INIT?SYS_INIT                            -----    -----      -----    -----
  +--> ?PR?MODIFY_HIRC_VLAUE?SYS_INIT

?PR?APP_BT_INIT?APP_BT_UART0                     -----    -----      -----    -----
  +--> ?PR?UART0_INIT?SYS_UART0_IRQ

?PR?_TIME0_DLY?SYS_TIME0_IRQ                     0031H    0004H      -----    -----

?PR?APP_KEY_SERVER?APP_KEY                       -----    -----      -----    -----
  +--> ?PR?DC_INPUT_STATUS?APP_CHARGE_BAT
  +--> ?PR?APP_EMR_POWER_ON?APP_EMR_POWER
  +--> ?PR?CONNECT_CTRL_RST?APP_BT_UART0
  +--> ?PR?APP_BT_SEND_KEY_LONG?APP_BT_UART0
  +--> ?PR?PWR_OFF_SET?APP_PWR_OFF
  +--> ?PR?APP_KEY_PROCESS?APP_KEY

?PR?APP_BT_SEND_KEY_LONG?APP_BT_UART0            0031H    0001H      -----    -----
  +--> ?PR?_APP_BT_SEND?APP_BT_UART0

?PR?_APP_BT_SEND?APP_BT_UART0                    0032H    0008H      000DH    0010H
  +--> ?PR?_UART0_SEND_BYTE_PUSH?SYS_UART0_IRQ
BL51 BANKED LINKER/LOCATER V6.22.2.0                                                  03/08/2021  17:08:27  PAGE 6



?PR?APP_KEY_PROCESS?APP_KEY                      -----    -----      -----    -----
  +--> ?PR?APP_BT_SEND_KEY_ON?APP_BT_UART0

?PR?APP_BT_SEND_KEY_ON?APP_BT_UART0              0031H    0001H      -----    -----
  +--> ?PR?_APP_BT_SEND?APP_BT_UART0

?PR?APP_CHARGE_BAT_SERVER?APP_CHARGE_BAT         -----    -----      -----    -----
  +--> ?PR?BAT_ADC_DATA?APP_CHARGE_BAT
  +--> ?PR?DC_INPUT_CHECK?APP_CHARGE_BAT
  +--> ?PR?PWR_ON_STATUS?APP_KEY
  +--> ?PR?DC_INPUT_STATUS?APP_CHARGE_BAT
  +--> ?PR?DC_BAT_LED_CTRL?APP_LED

?PR?BAT_ADC_DATA?APP_CHARGE_BAT                  -----    -----      -----    -----
  +--> ?PR?ADC_DATA_GET?SYS_ADC

?PR?DC_INPUT_CHECK?APP_CHARGE_BAT                -----    -----      -----    -----
  +--> ?PR?APP_BT_SHUT_DOWN_TIME_CLR?APP_BT_...
  +--> ?PR?_BAT_LED_MODE?APP_LED
  +--> ?PR?_DC_LED_MODE?APP_LED
  +--> ?PR?APP_BT_SEND_KEY_LONG?APP_BT_UART0
  +--> ?PR?PWR_OFF_SET?APP_PWR_OFF

?PR?APP_BT_SHUT_DOWN_TIME_CLR?APP_BT_...         0031H    0001H      -----    -----
  +--> ?PR?_APP_BT_SEND?APP_BT_UART0

?PR?DC_BAT_LED_CTRL?APP_LED                      -----    -----      -----    -----
  +--> ?PR?APP_DEBUG_MODE_GET?APP_BT_UART0
  +--> ?PR?PWR_ON_STATUS?APP_KEY
  +--> ?PR?APP_HALL_STATUS?APP_HALL

?PR?APP_HALL_SERVER?APP_HALL                     -----    -----      -----    -----
  +--> ?PR?_APP_SYSTEM_SLEEP_STATE?APP_LOW_P...
  +--> ?PR?_APP_BT_HALL_SLEEP?APP_BT_UART0
  +--> ?PR?APP_BT_SEND_KEY_LONG?APP_BT_UART0

?PR?_APP_BT_HALL_SLEEP?APP_BT_UART0              0031H    0001H      -----    -----
  +--> ?PR?_APP_BT_SEND?APP_BT_UART0

?PR?APP_BT_SERVER?APP_BT_UART0                   -----    -----      -----    -----
  +--> ?PR?BT_LED_CTRL?APP_LED
  +--> ?PR?REV_TIMEOUT?APP_BT_UART0

?PR?BT_LED_CTRL?APP_LED                          -----    -----      -----    -----
  +--> ?PR?APP_DEBUG_MODE_GET?APP_BT_UART0
  +--> ?PR?PWR_ON_STATUS?APP_KEY
  +--> ?PR?APP_HALL_STATUS?APP_HALL
  +--> ?PR?DC_INPUT_STATUS?APP_CHARGE_BAT
  +--> ?PR?BAT_LOW_STATUS?APP_CHARGE_BAT

?PR?PWR_OFF_SERVER?APP_PWR_OFF                   -----    -----      -----    -----
  +--> ?PR?APP_EMR_POWER_OFF?APP_EMR_POWER
  +--> ?PR?_TIME0_DLY?SYS_TIME0_IRQ
  +--> ?PR?_PWR_ON_SET?APP_KEY

?PR?APP_ADC_SERVER?APP_ADC                       -----    -----      -----    -----
BL51 BANKED LINKER/LOCATER V6.22.2.0                                                  03/08/2021  17:08:27  PAGE 7


  +--> ?PR?ADC_DATA_GET?SYS_ADC

?PR?APP_LOW_POWER_MODE_SERVER?APP_LOW...         -----    -----      -----    -----
  +--> ?PR?APP_EMR_POWER_ON?APP_EMR_POWER
  +--> ?PR?_APP_SET_DEEP_SLEEP_TIME_VAL?APP_...
  +--> ?PR?APP_ENTER_LOW_POWER_MODE?APP_LOW_...

?PR?APP_ENTER_LOW_POWER_MODE?APP_LOW_...         -----    -----      -----    -----
  +--> ?PR?APP_GET_DEEP_SLEEP_TIME_VAL?APP_L...
  +--> ?PR?APP_EMR_POWER_OFF?APP_EMR_POWER



SYMBOL TABLE OF MODULE:  .\Output\Demo (MAIN)

  VALUE           TYPE          NAME
  ----------------------------------

  -------         MODULE        MAIN
  C:0000H         SYMBOL        _ICE_DUMMY_
  D:0080H         PUBLIC        P0
  D:0090H         PUBLIC        P1
  D:00A0H         PUBLIC        P2
  D:00B0H         PUBLIC        P3
  B:00A8H.7       PUBLIC        EA
  D:00D8H         PUBLIC        PWMCON0
  D:00A8H         PUBLIC        IE
  D:00B8H         PUBLIC        IP
  C:0C79H         PUBLIC        main
  D:0098H         PUBLIC        SCON
  D:0088H         PUBLIC        TCON
  D:00F8H         PUBLIC        SCON_1
  D:00E8H         PUBLIC        ADCCON0
  D:00C0H         PUBLIC        I2CON
  D:00C8H         PUBLIC        T2CON
  D:00D0H         PUBLIC        PSW
  -------         PROC          MAIN
  -------         DO            
  D:0066H         SYMBOL        uwMain_Clk
  -------         ENDDO         
  C:0C79H         LINE#         20
  C:0C79H         LINE#         21
  C:0C79H         LINE#         24
  C:0C7BH         LINE#         25
  C:0C7EH         LINE#         26
  C:0C81H         LINE#         29
  C:0C84H         LINE#         30
  C:0C87H         LINE#         31
  C:0C89H         LINE#         34
  C:0C8CH         LINE#         35
  C:0C8FH         LINE#         36
  C:0C92H         LINE#         37
  C:0C95H         LINE#         38
  C:0C98H         LINE#         39
  C:0C9BH         LINE#         40
  C:0C9EH         LINE#         43
  C:0C9EH         LINE#         44
BL51 BANKED LINKER/LOCATER V6.22.2.0                                                  03/08/2021  17:08:27  PAGE 8


  C:0C9EH         LINE#         45
  C:0CA1H         LINE#         46
  C:0CA4H         LINE#         47
  C:0CA4H         LINE#         48
  C:0CA6H         LINE#         49
  C:0CA6H         LINE#         50
  C:0CB6H         LINE#         51
  C:0CB6H         LINE#         52
  C:0CB9H         LINE#         53
  C:0CBCH         LINE#         54
  C:0CBFH         LINE#         55
  C:0CC2H         LINE#         56
  C:0CC5H         LINE#         57
  C:0CC8H         LINE#         58
  C:0CCBH         LINE#         59
  C:0CCEH         LINE#         61
  C:0CCEH         LINE#         62
  -------         ENDPROC       MAIN
  -------         ENDMOD        MAIN

  -------         MODULE        SYS_INIT
  C:0000H         SYMBOL        _ICE_DUMMY_
  D:00B1H         PUBLIC        P0M1
  D:00B3H         PUBLIC        P1M1
  D:00B2H         PUBLIC        P0M2
  D:0080H         PUBLIC        P0
  D:00B4H         PUBLIC        P1M2
  D:0090H         PUBLIC        P1
  D:00ACH         PUBLIC        P3M1
  D:00A0H         PUBLIC        P2
  D:00B0H         PUBLIC        P3
  D:00ADH         PUBLIC        P3M2
  D:0084H         PUBLIC        RCTRIM0
  D:0085H         PUBLIC        RCTRIM1
  B:00A8H.7       PUBLIC        EA
  D:00D8H         PUBLIC        PWMCON0
  D:00A8H         PUBLIC        IE
  D:0096H         PUBLIC        CKSWT
  D:00C7H         PUBLIC        TA
  D:00B8H         PUBLIC        IP
  D:0097H         PUBLIC        CKEN
  C:07A2H         SYMBOL        MODIFY_HIRC_VLAUE
  D:0098H         PUBLIC        SCON
  D:0088H         PUBLIC        TCON
  D:009FH         PUBLIC        CHPCON
  C:0DC5H         SYMBOL        Port_init
  D:00F8H         PUBLIC        SCON_1
  D:00A4H         PUBLIC        IAPTRG
  C:0E9EH         SYMBOL        RCC_Init
  D:00E8H         PUBLIC        ADCCON0
  D:00C0H         PUBLIC        I2CON
  C:0021H         PUBLIC        Module_Init
  D:00A7H         PUBLIC        IAPAH
  D:00AEH         PUBLIC        IAPFD
  D:00C8H         PUBLIC        T2CON
  D:00A6H         PUBLIC        IAPAL
  D:00AFH         PUBLIC        IAPCN
BL51 BANKED LINKER/LOCATER V6.22.2.0                                                  03/08/2021  17:08:27  PAGE 9


  B:00D0H.5       PUBLIC        F0
  C:1201H         PUBLIC        SYS_Init
  D:00D0H         PUBLIC        PSW
  -------         PROC          MODIFY_HIRC_VLAUE
  -------         DO            
  D:0007H         SYMBOL        hircmap0
  D:0005H         SYMBOL        hircmap1
  D:0006H         SYMBOL        trimvalue16bit
  -------         ENDDO         
  C:07A2H         LINE#         37
  C:07A2H         LINE#         38
  C:07A2H         LINE#         42
  C:07B5H         LINE#         43
  C:07B8H         LINE#         44
  C:07BBH         LINE#         45
  C:07BEH         LINE#         46
  C:07D1H         LINE#         47
  C:07D3H         LINE#         48
  C:07D6H         LINE#         49
  C:07D8H         LINE#         50
  C:07EBH         LINE#         51
  C:07EDH         LINE#         52
  C:0800H         LINE#         53
  C:0811H         LINE#         54
  C:0819H         LINE#         55
  C:081DH         LINE#         56
  C:0822H         LINE#         57
  C:0825H         LINE#         58
  C:0828H         LINE#         59
  C:082AH         LINE#         60
  C:082DH         LINE#         61
  C:0830H         LINE#         62
  C:0832H         LINE#         63
  -------         ENDPROC       MODIFY_HIRC_VLAUE
  -------         PROC          RCC_INIT
  C:0E9EH         LINE#         72
  C:0E9EH         LINE#         73
  C:0E9EH         LINE#         77
  C:0EB1H         LINE#         78
  C:0EC4H         LINE#         79
  C:0ED7H         LINE#         81
  C:0EDDH         LINE#         83
  -------         ENDPROC       RCC_INIT
  -------         PROC          SYS_INIT
  C:1201H         LINE#         112
  C:1201H         LINE#         113
  C:1201H         LINE#         114
  C:1204H         LINE#         115
  C:1207H         LINE#         116
  C:120AH         LINE#         117
  C:120DH         LINE#         118
  -------         ENDPROC       SYS_INIT
  -------         PROC          MODULE_INIT
  C:0021H         LINE#         128
  C:0021H         LINE#         129
  C:0021H         LINE#         131
  -------         ENDPROC       MODULE_INIT
BL51 BANKED LINKER/LOCATER V6.22.2.0                                                  03/08/2021  17:08:27  PAGE 10


  -------         PROC          PORT_INIT
  C:0DC5H         LINE#         133
  C:0DC5H         LINE#         134
  C:0DC5H         LINE#         135
  C:0DD2H         LINE#         137
  C:0DD8H         LINE#         138
  C:0DDEH         LINE#         141
  C:0DE4H         LINE#         142
  C:0DEAH         LINE#         143
  C:0DF0H         LINE#         144
  C:0DF6H         LINE#         147
  C:0DFCH         LINE#         148
  C:0E02H         LINE#         151
  C:0E08H         LINE#         154
  C:0E0EH         LINE#         155
  -------         ENDPROC       PORT_INIT
  -------         ENDMOD        SYS_INIT

  -------         MODULE        SYS_TIME0_IRQ
  C:0000H         SYMBOL        _ICE_DUMMY_
  D:0080H         PUBLIC        P0
  D:0090H         PUBLIC        P1
  D:0058H         SYMBOL        uwTick_Cnt
  D:00A0H         PUBLIC        P2
  D:00B0H         PUBLIC        P3
  D:00D8H         PUBLIC        PWMCON0
  C:0B04H         PUBLIC        _Time0_DLY
  D:00A8H         PUBLIC        IE
  D:00B8H         PUBLIC        IP
  D:0098H         PUBLIC        SCON
  C:0F9CH         PUBLIC        TMR0_IRQHandler
  D:0089H         PUBLIC        TMOD
  D:0088H         PUBLIC        TCON
  C:1182H         PUBLIC        Time0_Init
  B:0020H.0       PUBLIC        fMain_INT
  D:00F8H         PUBLIC        SCON_1
  B:00A8H.1       PUBLIC        ET0
  B:0088H.5       PUBLIC        TF0
  D:008CH         PUBLIC        TH0
  D:008AH         PUBLIC        TL0
  B:00B8H.1       PUBLIC        PT0
  B:0088H.4       PUBLIC        TR0
  D:00E8H         PUBLIC        ADCCON0
  D:00C0H         PUBLIC        I2CON
  D:00B7H         PUBLIC        IPH
  D:00C8H         PUBLIC        T2CON
  D:008EH         PUBLIC        CKCON
  B:0020H.1       SYMBOL        fTick_Busy
  D:00D0H         PUBLIC        PSW
  -------         PROC          TIME0_INIT
  C:1182H         LINE#         21
  C:1182H         LINE#         22
  C:1182H         LINE#         23
  C:1188H         LINE#         25
  C:118BH         LINE#         26
  C:118EH         LINE#         28
  C:1191H         LINE#         29
BL51 BANKED LINKER/LOCATER V6.22.2.0                                                  03/08/2021  17:08:27  PAGE 11


  C:1193H         LINE#         31
  C:1196H         LINE#         32
  C:1198H         LINE#         34
  C:119AH         LINE#         35
  -------         ENDPROC       TIME0_INIT
  -------         PROC          _TIME0_DLY
  D:0001H         SYMBOL        puwReg
  D:0004H         SYMBOL        uwTime
  -------         DO            
  D:0031H         SYMBOL        uwTick
  D:0033H         SYMBOL        uwTmp
  -------         ENDDO         
  C:0B04H         LINE#         37
  C:0B04H         LINE#         38
  C:0B04H         LINE#         42
  C:0B0FH         LINE#         43
  C:0B0FH         LINE#         44
  C:0B12H         LINE#         45
  C:0B12H         LINE#         47
  C:0B14H         LINE#         48
  C:0B1AH         LINE#         49
  C:0B1CH         LINE#         51
  C:0B2AH         LINE#         52
  C:0B2AH         LINE#         53
  C:0B3CH         LINE#         54
  C:0B3EH         LINE#         56
  C:0B3EH         LINE#         57
  C:0B4FH         LINE#         58
  C:0B4FH         LINE#         61
  C:0B58H         LINE#         62
  C:0B58H         LINE#         63
  C:0B60H         LINE#         64
  C:0B63H         LINE#         65
  C:0B63H         LINE#         67
  C:0B65H         LINE#         68
  -------         ENDPROC       _TIME0_DLY
  -------         PROC          TMR0_IRQHANDLER
  -------         DO            
  D:0057H         SYMBOL        ubBusy_Cnt
  -------         ENDDO         
  C:0F9CH         LINE#         70
  C:0FA0H         LINE#         74
  C:0FA0H         LINE#         75
  C:0FA6H         LINE#         76
  C:0FA8H         LINE#         80
  C:0FAAH         LINE#         81
  C:0FADH         LINE#         82
  C:0FADH         LINE#         83
  C:0FAFH         LINE#         84
  C:0FB1H         LINE#         86
  C:0FB1H         LINE#         87
  C:0FB9H         LINE#         88
  C:0FBDH         LINE#         89
  C:0FBDH         LINE#         90
  C:0FC6H         LINE#         91
  C:0FC9H         LINE#         92
  C:0FC9H         LINE#         93
BL51 BANKED LINKER/LOCATER V6.22.2.0                                                  03/08/2021  17:08:27  PAGE 12


  C:0FC9H         LINE#         97
  -------         ENDPROC       TMR0_IRQHANDLER
  -------         ENDMOD        SYS_TIME0_IRQ

  -------         MODULE        SYS_ADC
  C:0000H         SYMBOL        _ICE_DUMMY_
  D:00F6H         PUBLIC        AINDIDS
  D:00B1H         PUBLIC        P0M1
  C:10D8H         PUBLIC        Adc_Init
  D:00B2H         PUBLIC        P0M2
  D:0080H         PUBLIC        P0
  D:0090H         PUBLIC        P1
  D:00A0H         PUBLIC        P2
  D:00B0H         PUBLIC        P3
  C:0F22H         PUBLIC        Adc_server
  D:00D8H         PUBLIC        PWMCON0
  D:00A8H         PUBLIC        IE
  B:00E8H.7       PUBLIC        ADCF
  D:00B8H         PUBLIC        IP
  B:00E8H.6       PUBLIC        ADCS
  D:0098H         PUBLIC        SCON
  D:0088H         PUBLIC        TCON
  D:00F8H         PUBLIC        SCON_1
  D:00E8H         PUBLIC        ADCCON0
  D:00E1H         PUBLIC        ADCCON1
  D:00C0H         PUBLIC        I2CON
  D:00C3H         PUBLIC        ADCRH
  C:0006H         PUBLIC        Adc_Data_Get
  D:00C8H         PUBLIC        T2CON
  D:00C2H         PUBLIC        ADCRL
  D:0068H         SYMBOL        uwAdc_data
  D:00D0H         PUBLIC        PSW
  -------         PROC          ADC_INIT
  C:10D8H         LINE#         19
  C:10D8H         LINE#         20
  C:10D8H         LINE#         21
  C:10EDH         LINE#         22
  C:10EFH         LINE#         23
  C:10F1H         LINE#         24
  C:10F5H         LINE#         25
  -------         ENDPROC       ADC_INIT
  -------         PROC          ADC_DATA_GET
  C:0006H         LINE#         27
  C:0006H         LINE#         28
  C:0006H         LINE#         29
  C:000AH         LINE#         30
  -------         ENDPROC       ADC_DATA_GET
  -------         PROC          ADC_SERVER
  -------         DO            
  D:0006H         SYMBOL        uwTmp
  -------         ENDDO         
  C:0F22H         LINE#         32
  C:0F22H         LINE#         33
  C:0F22H         LINE#         36
  C:0F25H         LINE#         37
  C:0F25H         LINE#         39
  C:0F25H         LINE#         40
BL51 BANKED LINKER/LOCATER V6.22.2.0                                                  03/08/2021  17:08:27  PAGE 13


  C:0F27H         LINE#         42
  C:0F38H         LINE#         44
  C:0F41H         LINE#         45
  C:0F4AH         LINE#         47
  C:0F5FH         LINE#         50
  C:0F61H         LINE#         51
  -------         ENDPROC       ADC_SERVER
  -------         ENDMOD        SYS_ADC

  -------         MODULE        SYS_UART0_IRQ
  C:0000H         SYMBOL        _ICE_DUMMY_
  D:00B1H         PUBLIC        P0M1
  D:00B2H         PUBLIC        P0M2
  D:0080H         PUBLIC        P0
  D:0090H         PUBLIC        P1
  D:00A0H         PUBLIC        P2
  D:00B0H         PUBLIC        P3
  D:00D8H         PUBLIC        PWMCON0
  D:00A8H         PUBLIC        IE
  B:00A8H.4       PUBLIC        ES
  B:0020H.2       SYMBOL        fTX_Busy
  D:00B8H         PUBLIC        IP
  B:0098H.0       PUBLIC        RI
  B:0098H.1       PUBLIC        TI
  B:00B8H.4       PUBLIC        PS
  D:0099H         PUBLIC        SBUF
  D:0087H         PUBLIC        PCON
  C:1268H         PUBLIC        _Uart0_Send_Byte
  D:0098H         PUBLIC        SCON
  C:0E58H         PUBLIC        _Uart0_Send_Byte_Push
  D:0089H         PUBLIC        TMOD
  D:0088H         PUBLIC        TCON
  D:0091H         PUBLIC        SFRS
  C:105FH         PUBLIC        Uart0_Init
  D:00F8H         PUBLIC        SCON_1
  D:008DH         PUBLIC        TH1
  B:0088H.6       PUBLIC        TR1
  D:00E8H         PUBLIC        ADCCON0
  D:00C0H         PUBLIC        I2CON
  C:09B6H         PUBLIC        Uart0_IRQHandler
  D:00B7H         PUBLIC        IPH
  D:0008H         SYMBOL        ubTX_Uart_Read
  D:00C8H         PUBLIC        T2CON
  D:00C4H         PUBLIC        T3CON
  D:0009H         SYMBOL        ubTX_Uart_Buff
  D:008EH         PUBLIC        CKCON
  D:0019H         SYMBOL        ubTX_Uart_Save
  D:00D0H         PUBLIC        PSW
  C:121FH         PUBLIC        _putchar
  -------         PROC          UART0_IRQHANDLER
  C:09B6H         LINE#         21
  C:09D3H         LINE#         23
  C:09D5H         LINE#         26
  C:09D8H         LINE#         27
  C:09D8H         LINE#         28
  C:09DAH         LINE#         29
  C:09DFH         LINE#         30
BL51 BANKED LINKER/LOCATER V6.22.2.0                                                  03/08/2021  17:08:27  PAGE 14


  C:09DFH         LINE#         33
  C:09E2H         LINE#         34
  C:09E2H         LINE#         35
  C:09E4H         LINE#         37
  C:09EAH         LINE#         38
  C:09EAH         LINE#         39
  C:09F3H         LINE#         40
  C:09F5H         LINE#         43
  C:09F7H         LINE#         44
  C:0A03H         LINE#         45
  C:0A03H         LINE#         46
  C:0A06H         LINE#         47
  C:0A06H         LINE#         48
  C:0A08H         LINE#         50
  C:0A08H         LINE#         51
  C:0A0AH         LINE#         52
  C:0A0AH         LINE#         53
  C:0A0AH         LINE#         55
  C:0A0CH         LINE#         56
  -------         ENDPROC       UART0_IRQHANDLER
  -------         PROC          UART0_INIT
  C:105FH         LINE#         65
  C:105FH         LINE#         66
  C:105FH         LINE#         70
  C:1065H         LINE#         73
  C:1068H         LINE#         74
  C:106BH         LINE#         76
  C:106EH         LINE#         77
  C:1071H         LINE#         78
  C:1074H         LINE#         81
  C:1077H         LINE#         83
  C:1079H         LINE#         114
  C:107CH         LINE#         115
  C:107EH         LINE#         117
  C:1080H         LINE#         119
  C:1082H         LINE#         122
  C:1084H         LINE#         123
  C:1087H         LINE#         124
  C:1089H         LINE#         125
  -------         ENDPROC       UART0_INIT
  -------         PROC          _UART0_SEND_BYTE
  D:0007H         SYMBOL        ch
  C:1268H         LINE#         135
  C:1268H         LINE#         136
  C:1268H         LINE#         137
  C:126AH         LINE#         138
  C:126CH         LINE#         139
  C:126FH         LINE#         140
  -------         ENDPROC       _UART0_SEND_BYTE
  -------         PROC          _UART0_SEND_BYTE_PUSH
  D:0007H         SYMBOL        ubData
  -------         DO            
  D:0006H         SYMBOL        ubTmp
  -------         ENDDO         
  C:0E58H         LINE#         154
  C:0E58H         LINE#         155
  C:0E58H         LINE#         159
BL51 BANKED LINKER/LOCATER V6.22.2.0                                                  03/08/2021  17:08:27  PAGE 15


  C:0E5FH         LINE#         160
  C:0E5FH         LINE#         161
  C:0E64H         LINE#         162
  C:0E66H         LINE#         163
  C:0E6DH         LINE#         164
  C:0E6DH         LINE#         165
  C:0E72H         LINE#         166
  C:0E75H         LINE#         167
  C:0E75H         LINE#         168
  C:0E7AH         LINE#         169
  C:0E7AH         LINE#         171
  C:0E7DH         LINE#         172
  C:0E7DH         LINE#         176
  C:0E85H         LINE#         179
  C:0E87H         LINE#         180
  C:0E93H         LINE#         181
  C:0E93H         LINE#         182
  C:0E96H         LINE#         183
  C:0E96H         LINE#         186
  C:0E99H         LINE#         187
  C:0E99H         LINE#         188
  C:0E9BH         LINE#         189
  C:0E9BH         LINE#         191
  C:0E9DH         LINE#         192
  -------         ENDPROC       _UART0_SEND_BYTE_PUSH
  -------         PROC          _PUTCHAR
  D:0004H         SYMBOL        c
  C:121FH         LINE#         197
  C:1221H         LINE#         198
  C:1221H         LINE#         202
  C:1229H         LINE#         205
  C:122BH         LINE#         206
  -------         ENDPROC       _PUTCHAR
  -------         ENDMOD        SYS_UART0_IRQ

  -------         MODULE        APP_BT_UART0
  C:0000H         SYMBOL        _ICE_DUMMY_
  D:0080H         PUBLIC        P0
  C:114DH         PUBLIC        _app_bt_adc_data
  D:0090H         PUBLIC        P1
  D:00A0H         PUBLIC        P2
  D:00B0H         PUBLIC        P3
  C:0A27H         SYMBOL        connect_ctrl
  C:0678H         PUBLIC        _app_bt_send
  D:00D8H         PUBLIC        PWMCON0
  D:00A8H         PUBLIC        IE
  C:1210H         PUBLIC        app_bt_init
  D:00B8H         PUBLIC        IP
  C:1114H         SYMBOL        rev_timeOut
  D:0098H         PUBLIC        SCON
  D:0088H         PUBLIC        TCON
  D:0045H         SYMBOL        ucRxSatus
  C:1276H         PUBLIC        connect_ctrl_rst
  C:11B2H         PUBLIC        app_bt_send_key_long
  D:00F8H         PUBLIC        SCON_1
  D:0046H         SYMBOL        ucDebug_mode
  B:0020H.3       SYMBOL        bConnect_one
BL51 BANKED LINKER/LOCATER V6.22.2.0                                                  03/08/2021  17:08:27  PAGE 16


  C:1293H         PUBLIC        app_debug_mode_get
  D:0047H         SYMBOL        ucConnect_num
  D:00E8H         PUBLIC        ADCCON0
  D:00C0H         PUBLIC        I2CON
  C:0A97H         PUBLIC        _app_bt_process
  D:00C8H         PUBLIC        T2CON
  D:0048H         SYMBOL        uwRev_time_out
  C:119BH         PUBLIC        app_bt_send_key_on
  C:000EH         PUBLIC        app_bt_shut_down_time_clr
  C:003EH         SYMBOL        _app_bt_process_cmd
  C:1270H         PUBLIC        app_bt_server
  C:11C9H         PUBLIC        _app_bt_hall_sleep
  D:00D0H         PUBLIC        PSW
  -------         PROC          APP_BT_INIT
  C:1210H         LINE#         51
  C:1210H         LINE#         52
  C:1210H         LINE#         53
  C:1213H         LINE#         55
  C:1216H         LINE#         56
  C:121AH         LINE#         57
  C:121CH         LINE#         58
  C:121EH         LINE#         59
  -------         ENDPROC       APP_BT_INIT
  -------         PROC          _APP_BT_PROCESS
  D:0007H         SYMBOL        ucData
  -------         DO            
  D:003AH         SYMBOL        ucRxLen
  D:003BH         SYMBOL        ucRxCount
  D:003CH         SYMBOL        ucRxBuffTemp
  D:0007H         SYMBOL        ucSum
  D:0006H         SYMBOL        i
  -------         ENDDO         
  C:0A97H         LINE#         61
  C:0A97H         LINE#         62
  C:0A97H         LINE#         69
  C:0A9CH         LINE#         71
  C:0AA8H         LINE#         72
  C:0AA8H         LINE#         73
  C:0AA8H         LINE#         74
  C:0AA8H         LINE#         75
  C:0AADH         LINE#         76
  C:0AADH         LINE#         77
  C:0AB0H         LINE#         78
  C:0AB0H         LINE#         79
  C:0AB1H         LINE#         81
  C:0AB1H         LINE#         82
  C:0AB1H         LINE#         83
  C:0AB3H         LINE#         84
  C:0AB6H         LINE#         85
  C:0AC0H         LINE#         86
  C:0AC3H         LINE#         87
  C:0AC4H         LINE#         89
  C:0AC4H         LINE#         90
  C:0AC4H         LINE#         91
  C:0ACEH         LINE#         92
  C:0AD5H         LINE#         93
  C:0AD5H         LINE#         94
BL51 BANKED LINKER/LOCATER V6.22.2.0                                                  03/08/2021  17:08:27  PAGE 17


  C:0AD7H         LINE#         95
  C:0AE1H         LINE#         96
  C:0AE1H         LINE#         97
  C:0AE8H         LINE#         98
  C:0AEBH         LINE#         99
  C:0AF3H         LINE#         100
  C:0AF3H         LINE#         104
  C:0AFEH         LINE#         105
  C:0AFEH         LINE#         106
  C:0AFEH         LINE#         107
  C:0AFEH         LINE#         108
  C:0B00H         LINE#         110
  C:0B00H         LINE#         111
  C:0B00H         LINE#         112
  C:0B03H         LINE#         113
  C:0B03H         LINE#         114
  C:0B03H         LINE#         115
  -------         ENDPROC       _APP_BT_PROCESS
  -------         PROC          _APP_BT_SEND
  D:0007H         SYMBOL        ucCmd
  D:0033H         SYMBOL        pData
  D:0036H         SYMBOL        uwLen
  D:0038H         SYMBOL        ucRW
  -------         DO            
  X:000DH         SYMBOL        ucRxSatusBuf
  D:0006H         SYMBOL        ucSum
  D:0039H         SYMBOL        i
  -------         ENDDO         
  C:0678H         LINE#         118
  C:067EH         LINE#         119
  C:067EH         LINE#         121
  C:0680H         LINE#         124
  C:0686H         LINE#         126
  C:068CH         LINE#         127
  C:068EH         LINE#         129
  C:0692H         LINE#         130
  C:0694H         LINE#         132
  C:0697H         LINE#         133
  C:0699H         LINE#         135
  C:06A6H         LINE#         136
  C:06A6H         LINE#         137
  C:06C5H         LINE#         138
  C:06D3H         LINE#         139
  C:06D7H         LINE#         140
  C:06E5H         LINE#         142
  C:06F9H         LINE#         143
  C:06F9H         LINE#         144
  C:0709H         LINE#         145
  C:070DH         LINE#         146
  -------         ENDPROC       _APP_BT_SEND
  -------         PROC          APP_BT_SERVER
  C:1270H         LINE#         148
  C:1270H         LINE#         149
  C:1270H         LINE#         150
  C:1273H         LINE#         152
  -------         ENDPROC       APP_BT_SERVER
  -------         PROC          _APP_BT_PROCESS_CMD
BL51 BANKED LINKER/LOCATER V6.22.2.0                                                  03/08/2021  17:08:27  PAGE 18


  D:0007H         SYMBOL        ucCmd
  D:0021H         SYMBOL        pData
  -------         DO            
  X:0000H         SYMBOL        uwRom_var
  X:0002H         SYMBOL        uwRom_crc
  X:0004H         SYMBOL        uwRx_var
  X:0006H         SYMBOL        uwRx_crc
  -------         ENDDO         
  C:003EH         LINE#         155
  C:0044H         LINE#         156
  C:0044H         LINE#         162
  C:0069H         LINE#         163
  C:0069H         LINE#         169
  C:0069H         LINE#         170
  C:0069H         LINE#         171
  C:007BH         LINE#         172
  C:007BH         LINE#         173
  C:007BH         LINE#         174
  C:007BH         LINE#         175
  C:0091H         LINE#         176
  C:0091H         LINE#         177
  C:0091H         LINE#         178
  C:0091H         LINE#         179
  C:0093H         LINE#         180
  C:0095H         LINE#         182
  C:0095H         LINE#         183
  C:0095H         LINE#         184
  C:0097H         LINE#         185
  C:0099H         LINE#         187
  C:0099H         LINE#         188
  C:0099H         LINE#         189
  C:009BH         LINE#         190
  C:009DH         LINE#         192
  C:009DH         LINE#         193
  C:009DH         LINE#         194
  C:00A2H         LINE#         195
  C:00A2H         LINE#         196
  C:00A2H         LINE#         197
  C:00A2H         LINE#         199
  C:00A2H         LINE#         200
  C:00A2H         LINE#         201
  C:00B7H         LINE#         202
  C:00B7H         LINE#         203
  C:00B7H         LINE#         204
  C:00B7H         LINE#         205
  C:00B9H         LINE#         206
  C:00BBH         LINE#         208
  C:00BBH         LINE#         209
  C:00BBH         LINE#         210
  C:00C0H         LINE#         211
  C:00C0H         LINE#         212
  C:00C0H         LINE#         213
  C:00C0H         LINE#         214
  C:00C0H         LINE#         215
  C:00C0H         LINE#         217
  C:00C0H         LINE#         218
  C:00C0H         LINE#         219
BL51 BANKED LINKER/LOCATER V6.22.2.0                                                  03/08/2021  17:08:27  PAGE 19


  C:00C3H         LINE#         220
  C:00C3H         LINE#         222
  C:00C3H         LINE#         223
  C:00C3H         LINE#         224
  C:00C5H         LINE#         226
  C:00DFH         LINE#         227
  C:00F7H         LINE#         228
  C:0109H         LINE#         231
  C:0131H         LINE#         232
  C:0131H         LINE#         233
  C:0134H         LINE#         234
  C:0134H         LINE#         235
  C:0134H         LINE#         237
  C:0134H         LINE#         238
  C:0134H         LINE#         239
  C:0137H         LINE#         240
  C:013AH         LINE#         241
  C:013AH         LINE#         243
  C:013AH         LINE#         244
  C:013AH         LINE#         245
  C:0145H         LINE#         246
  C:0149H         LINE#         247
  C:0149H         LINE#         248
  C:0149H         LINE#         249
  C:0149H         LINE#         250
  C:014BH         LINE#         252
  C:014BH         LINE#         253
  C:014BH         LINE#         254
  C:0158H         LINE#         255
  C:0158H         LINE#         257
  C:0158H         LINE#         258
  C:0158H         LINE#         259
  C:0165H         LINE#         260
  C:0165H         LINE#         261
  C:0165H         LINE#         262
  C:0167H         LINE#         263
  C:0174H         LINE#         264
  C:0174H         LINE#         265
  C:0176H         LINE#         266
  C:0178H         LINE#         267
  C:0185H         LINE#         268
  C:0185H         LINE#         269
  C:018AH         LINE#         270
  C:018AH         LINE#         271
  C:018AH         LINE#         272
  C:018AH         LINE#         273
  -------         ENDPROC       _APP_BT_PROCESS_CMD
  -------         PROC          REV_TIMEOUT
  C:1114H         LINE#         275
  C:1114H         LINE#         276
  C:1114H         LINE#         277
  C:1118H         LINE#         278
  C:1118H         LINE#         279
  C:1120H         LINE#         280
  C:1129H         LINE#         281
  C:1129H         LINE#         282
  C:112EH         LINE#         283
BL51 BANKED LINKER/LOCATER V6.22.2.0                                                  03/08/2021  17:08:27  PAGE 20


  C:1130H         LINE#         284
  C:1130H         LINE#         285
  C:1130H         LINE#         286
  -------         ENDPROC       REV_TIMEOUT
  -------         PROC          CONNECT_CTRL_RST
  C:1276H         LINE#         288
  C:1276H         LINE#         289
  C:1276H         LINE#         290
  C:1278H         LINE#         291
  C:127BH         LINE#         292
  -------         ENDPROC       CONNECT_CTRL_RST
  -------         PROC          CONNECT_CTRL
  -------         DO            
  D:0044H         SYMBOL        ucTime_cnt
  X:0028H         SYMBOL        ucTmp
  X:002CH         SYMBOL        uwRom_var
  X:002EH         SYMBOL        uwRom_crc
  -------         ENDDO         
  C:0A27H         LINE#         294
  C:0A27H         LINE#         295
  C:0A27H         LINE#         301
  C:0A2AH         LINE#         302
  C:0A2AH         LINE#         303
  C:0A2CH         LINE#         304
  C:0A37H         LINE#         305
  C:0A37H         LINE#         306
  C:0A3AH         LINE#         308
  C:0A4CH         LINE#         309
  C:0A59H         LINE#         310
  C:0A5CH         LINE#         311
  C:0A69H         LINE#         312
  C:0A6CH         LINE#         313
  C:0A80H         LINE#         316
  C:0A82H         LINE#         317
  C:0A8DH         LINE#         318
  C:0A8DH         LINE#         319
  C:0A90H         LINE#         320
  C:0A93H         LINE#         321
  C:0A93H         LINE#         322
  C:0A93H         LINE#         323
  C:0A93H         LINE#         325
  C:0A93H         LINE#         326
  C:0A96H         LINE#         327
  C:0A96H         LINE#         328
  -------         ENDPROC       CONNECT_CTRL
  -------         PROC          APP_DEBUG_MODE_GET
  C:1293H         LINE#         330
  C:1293H         LINE#         331
  C:1293H         LINE#         332
  C:1295H         LINE#         333
  -------         ENDPROC       APP_DEBUG_MODE_GET
  -------         PROC          APP_BT_SEND_KEY_ON
  -------         DO            
  D:0031H         SYMBOL        ucTemp
  -------         ENDDO         
  C:119BH         LINE#         335
  C:119BH         LINE#         336
BL51 BANKED LINKER/LOCATER V6.22.2.0                                                  03/08/2021  17:08:27  PAGE 21


  C:119BH         LINE#         339
  C:119EH         LINE#         340
  -------         ENDPROC       APP_BT_SEND_KEY_ON
  -------         PROC          APP_BT_SEND_KEY_LONG
  -------         DO            
  D:0031H         SYMBOL        ucTemp
  -------         ENDDO         
  C:11B2H         LINE#         343
  C:11B2H         LINE#         344
  C:11B2H         LINE#         347
  C:11B5H         LINE#         348
  -------         ENDPROC       APP_BT_SEND_KEY_LONG
  -------         PROC          APP_BT_SHUT_DOWN_TIME_CLR
  -------         DO            
  D:0031H         SYMBOL        ucTemp
  -------         ENDDO         
  C:000EH         LINE#         351
  C:000EH         LINE#         352
  C:000EH         LINE#         355
  -------         ENDPROC       APP_BT_SHUT_DOWN_TIME_CLR
  -------         PROC          _APP_BT_HALL_SLEEP
  D:0007H         SYMBOL        ucSet
  -------         DO            
  D:0031H         SYMBOL        ucTemp
  -------         ENDDO         
  C:11C9H         LINE#         358
  C:11C9H         LINE#         359
  C:11C9H         LINE#         361
  C:11CBH         LINE#         362
  -------         ENDPROC       _APP_BT_HALL_SLEEP
  -------         PROC          _APP_BT_ADC_DATA
  D:0004H         SYMBOL        uwAdc
  -------         DO            
  D:006AH         SYMBOL        TMP
  -------         ENDDO         
  C:114DH         LINE#         365
  C:114FH         LINE#         366
  C:114FH         LINE#         368
  C:1151H         LINE#         369
  C:1154H         LINE#         370
  -------         ENDPROC       _APP_BT_ADC_DATA
  -------         ENDMOD        APP_BT_UART0

  -------         MODULE        APP_KEY
  C:0000H         SYMBOL        _ICE_DUMMY_
  D:0080H         PUBLIC        P0
  D:0090H         PUBLIC        P1
  D:00A0H         PUBLIC        P2
  D:00B0H         PUBLIC        P3
  C:122CH         PUBLIC        app_key_init
  D:00D8H         PUBLIC        PWMCON0
  D:00A8H         PUBLIC        IE
  B:0090H.5       PUBLIC        a_iPwr_key
  B:0090H.1       PUBLIC        a_oLed_bat_low
  D:00B8H         PUBLIC        IP
  B:0090H.0       PUBLIC        a_oLed_data_w
  C:1296H         PUBLIC        pwr_on_status
BL51 BANKED LINKER/LOCATER V6.22.2.0                                                  03/08/2021  17:08:27  PAGE 22


  B:0080H.1       PUBLIC        a_oLed_dc_in
  B:0080H.5       PUBLIC        a_oPwr_on
  B:0080H.0       PUBLIC        a_oLed_emr_b
  D:0098H         PUBLIC        SCON
  D:0088H         PUBLIC        TCON
  D:00F8H         PUBLIC        SCON_1
  C:1299H         PUBLIC        _pwr_on_set
  C:129CH         SYMBOL        app_key_process
  D:00E8H         PUBLIC        ADCCON0
  D:005AH         PUBLIC        ucPwr_on_status
  D:00C0H         PUBLIC        I2CON
  D:005BH         PUBLIC        uwPwr_key_long
  B:0020H.4       PUBLIC        bPwr_on_frist
  D:00C8H         PUBLIC        T2CON
  C:0395H         PUBLIC        app_key_server
  D:00D0H         PUBLIC        PSW
  -------         PROC          APP_KEY_INIT
  C:122CH         LINE#         39
  C:122CH         LINE#         40
  C:122CH         LINE#         41
  C:122EH         LINE#         42
  C:1231H         LINE#         43
  C:1233H         LINE#         44
  C:1237H         LINE#         45
  -------         ENDPROC       APP_KEY_INIT
  -------         PROC          PWR_ON_STATUS
  C:1296H         LINE#         47
  C:1296H         LINE#         48
  C:1296H         LINE#         49
  C:1298H         LINE#         50
  -------         ENDPROC       PWR_ON_STATUS
  -------         PROC          _PWR_ON_SET
  D:0007H         SYMBOL        status
  C:1299H         LINE#         52
  C:1299H         LINE#         53
  C:1299H         LINE#         54
  C:129BH         LINE#         55
  -------         ENDPROC       _PWR_ON_SET
  -------         PROC          APP_KEY_PROCESS
  C:129CH         LINE#         57
  C:129CH         LINE#         58
  C:129CH         LINE#         59
  -------         ENDPROC       APP_KEY_PROCESS
  -------         PROC          APP_KEY_SERVER
  C:0395H         LINE#         62
  C:0395H         LINE#         63
  C:0395H         LINE#         64
  C:03A4H         LINE#         65
  C:03A4H         LINE#         66
  C:03A4H         LINE#         67
  C:03A4H         LINE#         71
  C:03ACH         LINE#         72
  C:03ACH         LINE#         73
  C:03AFH         LINE#         74
  C:03B2H         LINE#         75
  C:03B5H         LINE#         78
  C:03B5H         LINE#         81
BL51 BANKED LINKER/LOCATER V6.22.2.0                                                  03/08/2021  17:08:27  PAGE 23


  C:03B8H         LINE#         82
  C:03B8H         LINE#         84
  C:03C0H         LINE#         85
  C:03CCH         LINE#         86
  C:03CCH         LINE#         87
  C:03D1H         LINE#         90
  C:03D3H         LINE#         91
  C:03D6H         LINE#         92
  C:03D8H         LINE#         93
  C:03DBH         LINE#         94
  C:03DBH         LINE#         95
  C:03DBH         LINE#         97
  C:03DBH         LINE#         98
  C:03E9H         LINE#         99
  C:03F1H         LINE#         100
  C:03F1H         LINE#         101
  C:03F2H         LINE#         103
  C:03F2H         LINE#         104
  C:03F2H         LINE#         106
  C:03F4H         LINE#         107
  C:03F6H         LINE#         108
  C:03F8H         LINE#         109
  C:03FAH         LINE#         112
  C:0402H         LINE#         113
  C:040BH         LINE#         114
  C:040BH         LINE#         115
  C:0410H         LINE#         116
  C:0413H         LINE#         118
  C:0416H         LINE#         119
  C:0416H         LINE#         121
  C:0416H         LINE#         123
  C:0416H         LINE#         124
  C:0416H         LINE#         128
  C:0419H         LINE#         129
  C:0419H         LINE#         130
  C:041CH         LINE#         131
  C:041CH         LINE#         132
  C:0424H         LINE#         133
  C:042DH         LINE#         134
  C:042DH         LINE#         135
  C:0432H         LINE#         137
  C:0438H         LINE#         138
  C:0438H         LINE#         139
  C:043BH         LINE#         140
  C:043EH         LINE#         141
  C:043EH         LINE#         142
  C:043EH         LINE#         143
  C:043EH         LINE#         144
  C:043EH         LINE#         146
  C:043EH         LINE#         147
  C:0441H         LINE#         148
  C:0441H         LINE#         149
  C:0456H         LINE#         150
  C:0456H         LINE#         153
  C:0456H         LINE#         155
  C:045BH         LINE#         156
  C:045EH         LINE#         157
BL51 BANKED LINKER/LOCATER V6.22.2.0                                                  03/08/2021  17:08:27  PAGE 24


  C:045EH         LINE#         158
  C:045EH         LINE#         159
  C:0460H         LINE#         161
  C:0460H         LINE#         162
  C:0462H         LINE#         163
  C:0462H         LINE#         165
  C:046DH         LINE#         166
  C:0475H         LINE#         167
  C:0475H         LINE#         168
  C:0475H         LINE#         169
  C:0475H         LINE#         170
  -------         ENDPROC       APP_KEY_SERVER
  -------         ENDMOD        APP_KEY

  -------         MODULE        APP_CHARGE_BAT
  C:0000H         SYMBOL        _ICE_DUMMY_
  D:0080H         PUBLIC        P0
  D:0090H         PUBLIC        P1
  D:00A0H         PUBLIC        P2
  D:00B0H         PUBLIC        P3
  C:1168H         PUBLIC        App_charge_bat_server
  D:00D8H         PUBLIC        PWMCON0
  D:00A8H         PUBLIC        IE
  B:0090H.7       PUBLIC        a_iCHRG_Check
  D:004FH         SYMBOL        ucCHRG_full
  C:129FH         PUBLIC        BAT_low_status
  D:00B8H         PUBLIC        IP
  C:1238H         PUBLIC        App_charge_bat_init
  C:12A2H         PUBLIC        DC_input_status
  D:0050H         SYMBOL        ucBat_low
  B:0080H.3       PUBLIC        a_iDC_Input
  D:0098H         PUBLIC        SCON
  D:0088H         PUBLIC        TCON
  C:0BC3H         SYMBOL        bat_adc_data
  D:00F8H         PUBLIC        SCON_1
  D:00E8H         PUBLIC        ADCCON0
  D:00C0H         PUBLIC        I2CON
  D:00C8H         PUBLIC        T2CON
  D:0051H         SYMBOL        ucDC_input
  D:0052H         SYMBOL        ucAdc_bat_data
  D:00D0H         PUBLIC        PSW
  C:029DH         SYMBOL        DC_input_check
  -------         PROC          APP_CHARGE_BAT_INIT
  C:1238H         LINE#         28
  C:1238H         LINE#         29
  C:1238H         LINE#         30
  C:123BH         LINE#         32
  C:123EH         LINE#         33
  C:1240H         LINE#         34
  C:1242H         LINE#         35
  -------         ENDPROC       APP_CHARGE_BAT_INIT
  -------         PROC          BAT_ADC_DATA
  -------         DO            
  X:001DH         SYMBOL        ucTime
  X:001EH         SYMBOL        uwAdc_add
  X:0020H         SYMBOL        ucAdc_cnt
  D:0006H         SYMBOL        uwAdc_tmp
BL51 BANKED LINKER/LOCATER V6.22.2.0                                                  03/08/2021  17:08:27  PAGE 25


  -------         ENDDO         
  C:0BC3H         LINE#         37
  C:0BC3H         LINE#         38
  C:0BC3H         LINE#         44
  C:0BC9H         LINE#         45
  C:0BD3H         LINE#         46
  C:0BD3H         LINE#         47
  C:0BD5H         LINE#         49
  C:0BE6H         LINE#         51
  C:0BF2H         LINE#         52
  C:0BF8H         LINE#         53
  C:0C02H         LINE#         54
  C:0C02H         LINE#         55
  C:0C04H         LINE#         57
  C:0C16H         LINE#         58
  C:0C1DH         LINE#         59
  C:0C1DH         LINE#         60
  C:0C1DH         LINE#         61
  -------         ENDPROC       BAT_ADC_DATA
  -------         PROC          BAT_LOW_STATUS
  C:129FH         LINE#         63
  C:129FH         LINE#         64
  C:129FH         LINE#         65
  C:12A1H         LINE#         66
  -------         ENDPROC       BAT_LOW_STATUS
  -------         PROC          DC_INPUT_STATUS
  C:12A2H         LINE#         68
  C:12A2H         LINE#         69
  C:12A2H         LINE#         70
  C:12A4H         LINE#         71
  -------         ENDPROC       DC_INPUT_STATUS
  -------         PROC          DC_INPUT_CHECK
  -------         DO            
  X:0021H         SYMBOL        ucInput_Time_cnt1
  X:0022H         SYMBOL        ucInput_Time_cnt2
  X:0023H         SYMBOL        ucCHRG_Time_cnt1
  X:0024H         SYMBOL        ucCHRG_Time_cnt2
  X:0025H         SYMBOL        uwBat_Low_off_time
  X:0027H         SYMBOL        ucTime_cnt_1S
  -------         ENDDO         
  C:029DH         LINE#         73
  C:029DH         LINE#         74
  C:029DH         LINE#         83
  C:02A0H         LINE#         84
  C:02A0H         LINE#         86
  C:02A5H         LINE#         87
  C:02ABH         LINE#         88
  C:02B5H         LINE#         89
  C:02B5H         LINE#         90
  C:02B7H         LINE#         91
  C:02BAH         LINE#         92
  C:02BDH         LINE#         93
  C:02BDH         LINE#         94
  C:02BFH         LINE#         96
  C:02BFH         LINE#         98
  C:02C4H         LINE#         99
  C:02C8H         LINE#         100
BL51 BANKED LINKER/LOCATER V6.22.2.0                                                  03/08/2021  17:08:27  PAGE 26


  C:02D2H         LINE#         101
  C:02D2H         LINE#         102
  C:02D4H         LINE#         103
  C:02D6H         LINE#         104
  C:02D6H         LINE#         105
  C:02D6H         LINE#         108
  C:02D9H         LINE#         109
  C:02D9H         LINE#         111
  C:02DEH         LINE#         112
  C:02E4H         LINE#         113
  C:02EEH         LINE#         114
  C:02EEH         LINE#         115
  C:02F0H         LINE#         116
  C:02F2H         LINE#         117
  C:02F2H         LINE#         118
  C:02F4H         LINE#         120
  C:02F4H         LINE#         122
  C:02F9H         LINE#         123
  C:02FDH         LINE#         124
  C:0307H         LINE#         125
  C:0307H         LINE#         126
  C:0309H         LINE#         127
  C:030CH         LINE#         128
  C:030CH         LINE#         129
  C:030CH         LINE#         132
  C:0312H         LINE#         133
  C:0312H         LINE#         135
  C:0316H         LINE#         136
  C:031CH         LINE#         137
  C:031CH         LINE#         139
  C:031EH         LINE#         140
  C:0320H         LINE#         142
  C:0320H         LINE#         144
  C:0325H         LINE#         145
  C:0325H         LINE#         147
  C:0325H         LINE#         148
  C:0325H         LINE#         149
  C:0327H         LINE#         151
  C:0327H         LINE#         153
  C:032AH         LINE#         154
  C:032EH         LINE#         156
  C:0339H         LINE#         157
  C:0339H         LINE#         159
  C:033EH         LINE#         160
  C:0345H         LINE#         161
  C:0347H         LINE#         162
  C:0348H         LINE#         163
  C:0353H         LINE#         164
  C:0353H         LINE#         166
  C:0358H         LINE#         167
  C:035BH         LINE#         170
  C:0361H         LINE#         171
  C:036BH         LINE#         172
  C:036BH         LINE#         173
  C:036DH         LINE#         175
  C:037BH         LINE#         176
  C:038AH         LINE#         177
BL51 BANKED LINKER/LOCATER V6.22.2.0                                                  03/08/2021  17:08:27  PAGE 27


  C:038AH         LINE#         178
  C:038EH         LINE#         180
  C:0391H         LINE#         181
  C:0394H         LINE#         182
  C:0394H         LINE#         183
  C:0394H         LINE#         184
  C:0394H         LINE#         185
  C:0394H         LINE#         187
  -------         ENDPROC       DC_INPUT_CHECK
  -------         PROC          APP_CHARGE_BAT_SERVER
  C:1168H         LINE#         190
  C:1168H         LINE#         191
  C:1168H         LINE#         192
  C:116BH         LINE#         193
  C:116EH         LINE#         195
  C:117EH         LINE#         196
  C:117EH         LINE#         197
  C:1181H         LINE#         198
  C:1181H         LINE#         199
  -------         ENDPROC       APP_CHARGE_BAT_SERVER
  -------         ENDMOD        APP_CHARGE_BAT

  -------         MODULE        APP_HALL
  C:0000H         SYMBOL        _ICE_DUMMY_
  D:0080H         PUBLIC        P0
  D:0090H         PUBLIC        P1
  D:00A0H         PUBLIC        P2
  D:00B0H         PUBLIC        P3
  D:00D8H         PUBLIC        PWMCON0
  D:00A8H         PUBLIC        IE
  D:00B8H         PUBLIC        IP
  D:0098H         PUBLIC        SCON
  D:0088H         PUBLIC        TCON
  D:005DH         SYMBOL        uwAuto_off_time
  C:0833H         PUBLIC        app_hall_server
  D:00F8H         PUBLIC        SCON_1
  B:00B0H.0       PUBLIC        a_iHALL
  C:12A5H         PUBLIC        app_hall_status
  D:00E8H         PUBLIC        ADCCON0
  D:00C0H         PUBLIC        I2CON
  C:1287H         PUBLIC        app_hall_init
  D:005FH         SYMBOL        ucHall_status
  D:00C8H         PUBLIC        T2CON
  D:00D0H         PUBLIC        PSW
  -------         PROC          APP_HALL_INIT
  C:1287H         LINE#         14
  C:1287H         LINE#         15
  C:1287H         LINE#         16
  C:128AH         LINE#         17
  -------         ENDPROC       APP_HALL_INIT
  -------         PROC          APP_HALL_STATUS
  C:12A5H         LINE#         19
  C:12A5H         LINE#         20
  C:12A5H         LINE#         21
  C:12A7H         LINE#         22
  -------         ENDPROC       APP_HALL_STATUS
  -------         PROC          APP_HALL_SERVER
BL51 BANKED LINKER/LOCATER V6.22.2.0                                                  03/08/2021  17:08:27  PAGE 28


  -------         DO            
  X:0038H         SYMBOL        ucTime_cnt1
  X:0039H         SYMBOL        ucTime_cnt2
  X:003AH         SYMBOL        ucTime_cnt_1S
  X:003BH         SYMBOL        ucHall_status_bak
  -------         ENDDO         
  C:0833H         LINE#         24
  C:0833H         LINE#         25
  C:0833H         LINE#         32
  C:0836H         LINE#         33
  C:0836H         LINE#         35
  C:083BH         LINE#         36
  C:0841H         LINE#         37
  C:084BH         LINE#         38
  C:084BH         LINE#         39
  C:084DH         LINE#         40
  C:0850H         LINE#         84
  C:0850H         LINE#         85
  C:0852H         LINE#         87
  C:0852H         LINE#         90
  C:0857H         LINE#         91
  C:085BH         LINE#         92
  C:0865H         LINE#         93
  C:0865H         LINE#         94
  C:0867H         LINE#         95
  C:0869H         LINE#         96
  C:086DH         LINE#         97
  C:086DH         LINE#         98
  C:086DH         LINE#         101
  C:0875H         LINE#         102
  C:0875H         LINE#         103
  C:0878H         LINE#         105
  C:087CH         LINE#         106
  C:087CH         LINE#         108
  C:0881H         LINE#         109
  C:0881H         LINE#         115
  C:0881H         LINE#         118
  C:0887H         LINE#         119
  C:0887H         LINE#         120
  C:088DH         LINE#         121
  C:0897H         LINE#         122
  C:0897H         LINE#         123
  C:0899H         LINE#         125
  C:08A1H         LINE#         126
  C:08A9H         LINE#         127
  C:08A9H         LINE#         128
  C:08AEH         LINE#         129
  C:08B1H         LINE#         130
  C:08B1H         LINE#         131
  C:08B1H         LINE#         132
  C:08B1H         LINE#         134
  C:08B1H         LINE#         135
  C:08B6H         LINE#         136
  C:08BAH         LINE#         137
  C:08BAH         LINE#         138
  -------         ENDPROC       APP_HALL_SERVER
  -------         ENDMOD        APP_HALL
BL51 BANKED LINKER/LOCATER V6.22.2.0                                                  03/08/2021  17:08:27  PAGE 29



  -------         MODULE        APP_PWR_OFF
  C:0000H         SYMBOL        _ICE_DUMMY_
  D:0080H         PUBLIC        P0
  D:0090H         PUBLIC        P1
  D:00A0H         PUBLIC        P2
  D:00B0H         PUBLIC        P3
  D:00D8H         PUBLIC        PWMCON0
  D:00A8H         PUBLIC        IE
  C:128BH         PUBLIC        pwr_off_init
  B:0090H.1       PUBLIC        a_oLed_bat_low
  D:00B8H         PUBLIC        IP
  B:0090H.0       PUBLIC        a_oLed_data_w
  C:128FH         PUBLIC        pwr_off_set
  B:0080H.3       PUBLIC        a_iDC_Input
  B:0080H.1       PUBLIC        a_oLed_dc_in
  B:0080H.5       PUBLIC        a_oPwr_on
  B:0080H.0       PUBLIC        a_oLed_emr_b
  D:0098H         PUBLIC        SCON
  D:0088H         PUBLIC        TCON
  D:0062H         SYMBOL        ucPwr_off_status
  D:00F8H         PUBLIC        SCON_1
  D:00E8H         PUBLIC        ADCCON0
  D:00C0H         PUBLIC        I2CON
  D:00C8H         PUBLIC        T2CON
  C:070EH         PUBLIC        pwr_off_server
  D:00D0H         PUBLIC        PSW
  -------         PROC          PWR_OFF_INIT
  C:128BH         LINE#         12
  C:128BH         LINE#         13
  C:128BH         LINE#         14
  C:128EH         LINE#         15
  -------         ENDPROC       PWR_OFF_INIT
  -------         PROC          PWR_OFF_SET
  C:128FH         LINE#         17
  C:128FH         LINE#         18
  C:128FH         LINE#         19
  C:1292H         LINE#         20
  -------         ENDPROC       PWR_OFF_SET
  -------         PROC          PWR_OFF_SERVER
  -------         DO            
  X:003CH         SYMBOL        uwTime_cnt
  D:0060H         SYMBOL        uwDelay
  -------         ENDDO         
  C:070EH         LINE#         22
  C:070EH         LINE#         23
  C:070EH         LINE#         27
  C:0717H         LINE#         28
  C:0717H         LINE#         29
  C:0725H         LINE#         30
  C:0734H         LINE#         31
  C:0734H         LINE#         32
  C:0738H         LINE#         35
  C:073AH         LINE#         36
  C:073CH         LINE#         37
  C:073EH         LINE#         38
  C:0740H         LINE#         39
BL51 BANKED LINKER/LOCATER V6.22.2.0                                                  03/08/2021  17:08:27  PAGE 30


  C:0742H         LINE#         40
  C:0744H         LINE#         41
  C:0747H         LINE#         43
  C:0754H         LINE#         44
  C:0754H         LINE#         45
  C:0754H         LINE#         46
  C:0764H         LINE#         47
  C:0764H         LINE#         49
  C:0767H         LINE#         50
  C:0767H         LINE#         51
  C:0775H         LINE#         52
  C:0784H         LINE#         53
  C:0784H         LINE#         54
  C:0788H         LINE#         55
  C:078AH         LINE#         56
  C:078AH         LINE#         57
  C:078AH         LINE#         59
  C:078AH         LINE#         60
  C:0791H         LINE#         61
  C:0791H         LINE#         62
  C:0793H         LINE#         64
  C:0795H         LINE#         65
  C:079AH         LINE#         66
  C:079AH         LINE#         67
  C:079AH         LINE#         69
  C:079AH         LINE#         70
  C:07A1H         LINE#         71
  C:07A1H         LINE#         72
  -------         ENDPROC       PWR_OFF_SERVER
  -------         ENDMOD        APP_PWR_OFF

  -------         MODULE        APP_IAP_INFO
  C:0000H         SYMBOL        _ICE_DUMMY_
  D:0080H         PUBLIC        P0
  D:0090H         PUBLIC        P1
  D:00A0H         PUBLIC        P2
  D:00B0H         PUBLIC        P3
  B:00A8H.7       PUBLIC        EA
  D:00D8H         PUBLIC        PWMCON0
  D:00A8H         PUBLIC        IE
  C:1030H         SYMBOL        Trigger_IAP
  D:00C7H         PUBLIC        TA
  D:00B8H         PUBLIC        IP
  C:0C1EH         PUBLIC        _iap_flag_erase
  D:0098H         PUBLIC        SCON
  D:0088H         PUBLIC        TCON
  C:0B66H         PUBLIC        _iap_flag_read
  D:009FH         PUBLIC        CHPCON
  D:00A5H         PUBLIC        IAPUEN
  D:00F8H         PUBLIC        SCON_1
  C:08BBH         PUBLIC        _iap_flag_write
  C:0EE0H         PUBLIC        _iap_info_read
  D:00A4H         PUBLIC        IAPTRG
  C:1243H         SYMBOL        iap_iapa_inc
  C:0FCEH         PUBLIC        iap_info_write
  D:00E8H         PUBLIC        ADCCON0
  D:00C0H         PUBLIC        I2CON
BL51 BANKED LINKER/LOCATER V6.22.2.0                                                  03/08/2021  17:08:27  PAGE 31


  D:00A7H         PUBLIC        IAPAH
  D:00AEH         PUBLIC        IAPFD
  D:00C8H         PUBLIC        T2CON
  D:00A6H         PUBLIC        IAPAL
  D:00AFH         PUBLIC        IAPCN
  B:00D0H.5       PUBLIC        F0
  D:00D0H         PUBLIC        PSW
  -------         PROC          IAP_IAPA_INC
  C:1243H         LINE#         9
  C:1243H         LINE#         10
  C:1243H         LINE#         11
  C:1245H         LINE#         12
  C:124AH         LINE#         13
  C:124AH         LINE#         14
  C:124CH         LINE#         15
  C:124CH         LINE#         16
  -------         ENDPROC       IAP_IAPA_INC
  -------         PROC          _IAP_FLAG_READ
  D:0006H         SYMBOL        u16IAPStartAddress
  D:002CH         SYMBOL        buf
  D:002FH         SYMBOL        size
  -------         DO            
  D:0030H         SYMBOL        i
  -------         ENDDO         
  C:0B66H         LINE#         18
  C:0B6CH         LINE#         19
  C:0B6CH         LINE#         22
  C:0B7FH         LINE#         23
  C:0B82H         LINE#         24
  C:0B84H         LINE#         25
  C:0B87H         LINE#         26
  C:0B91H         LINE#         27
  C:0B91H         LINE#         28
  C:0B94H         LINE#         29
  C:0B97H         LINE#         31
  C:0BA8H         LINE#         33
  C:0BABH         LINE#         34
  C:0BAFH         LINE#         36
  C:0BC2H         LINE#         37
  -------         ENDPROC       _IAP_FLAG_READ
  -------         PROC          _IAP_FLAG_WRITE
  D:0006H         SYMBOL        u16IAPStartAddress
  D:0026H         SYMBOL        buf
  D:0029H         SYMBOL        size
  -------         DO            
  D:002AH         SYMBOL        i
  -------         ENDDO         
  C:08BBH         LINE#         39
  C:08C1H         LINE#         40
  C:08C1H         LINE#         43
  C:08D4H         LINE#         44
  C:08E7H         LINE#         45
  C:08EAH         LINE#         46
  C:08ECH         LINE#         47
  C:08EFH         LINE#         50
  C:08F9H         LINE#         51
  C:08F9H         LINE#         52
BL51 BANKED LINKER/LOCATER V6.22.2.0                                                  03/08/2021  17:08:27  PAGE 32


  C:090AH         LINE#         53
  C:090DH         LINE#         55
  C:0910H         LINE#         56
  C:0914H         LINE#         58
  C:0927H         LINE#         59
  C:093AH         LINE#         60
  -------         ENDPROC       _IAP_FLAG_WRITE
  -------         PROC          _IAP_FLAG_ERASE
  D:0006H         SYMBOL        u16IAPStartAddress
  C:0C1EH         LINE#         62
  C:0C1EH         LINE#         63
  C:0C1EH         LINE#         64
  C:0C31H         LINE#         65
  C:0C44H         LINE#         66
  C:0C47H         LINE#         67
  C:0C4AH         LINE#         69
  C:0C4DH         LINE#         70
  C:0C4FH         LINE#         71
  C:0C52H         LINE#         73
  C:0C65H         LINE#         74
  C:0C78H         LINE#         75
  -------         ENDPROC       _IAP_FLAG_ERASE
  -------         PROC          TRIGGER_IAP
  C:1030H         LINE#         77
  C:1030H         LINE#         78
  C:1030H         LINE#         79
  C:1043H         LINE#         80
  C:104BH         LINE#         81
  C:104BH         LINE#         82
  C:105EH         LINE#         83
  C:105EH         LINE#         84
  -------         ENDPROC       TRIGGER_IAP
  -------         PROC          _IAP_INFO_READ
  D:0024H         SYMBOL        puwRom_var
  D:0027H         SYMBOL        puwRom_crc
  -------         DO            
  X:0008H         SYMBOL        TMP
  -------         ENDDO         
  C:0EE0H         LINE#         86
  C:0EE6H         LINE#         87
  C:0EE6H         LINE#         89
  C:0EF6H         LINE#         91
  C:0F0CH         LINE#         92
  -------         ENDPROC       _IAP_INFO_READ
  -------         PROC          IAP_INFO_WRITE
  -------         DO            
  X:0008H         SYMBOL        TMP
  -------         ENDDO         
  C:0FCEH         LINE#         95
  C:0FCEH         LINE#         96
  C:0FCEH         LINE#         99
  C:0FD4H         LINE#         100
  C:0FD7H         LINE#         101
  C:0FD9H         LINE#         102
  C:0FDBH         LINE#         103
  C:0FDDH         LINE#         104
  C:0FE4H         LINE#         105
BL51 BANKED LINKER/LOCATER V6.22.2.0                                                  03/08/2021  17:08:27  PAGE 33


  C:0FF4H         LINE#         110
  C:0FF7H         LINE#         111
  C:0FFAH         LINE#         112
  C:0FFDH         LINE#         113
  -------         ENDPROC       IAP_INFO_WRITE
  -------         ENDMOD        APP_IAP_INFO

  -------         MODULE        APP_LED
  C:0000H         SYMBOL        _ICE_DUMMY_
  D:001AH         PUBLIC        ucDC_led_mode
  D:0080H         PUBLIC        P0
  D:0090H         PUBLIC        P1
  D:00A0H         PUBLIC        P2
  D:00B0H         PUBLIC        P3
  D:00D8H         PUBLIC        PWMCON0
  D:00A8H         PUBLIC        IE
  B:0090H.1       PUBLIC        a_oLed_bat_low
  D:00B8H         PUBLIC        IP
  B:0090H.0       PUBLIC        a_oLed_data_w
  C:12A8H         PUBLIC        _DC_led_mode
  B:0080H.1       PUBLIC        a_oLed_dc_in
  B:0080H.0       PUBLIC        a_oLed_emr_b
  C:1256H         PUBLIC        _BT_data_led_mode
  D:0098H         PUBLIC        SCON
  D:0088H         PUBLIC        TCON
  C:108AH         PUBLIC        _debug_led_ctrl
  D:001BH         SYMBOL        ucBat_low_led_mode
  C:018BH         PUBLIC        BT_led_ctrl
  D:00F8H         PUBLIC        SCON_1
  D:001CH         SYMBOL        uwDC_input_led_off_time
  D:00E8H         PUBLIC        ADCCON0
  C:124DH         PUBLIC        _BT_emr_led_mode
  D:00C0H         PUBLIC        I2CON
  D:001EH         SYMBOL        ucBT_led_mode_data_w
  C:11DFH         PUBLIC        led_ctrl_init
  D:00C8H         PUBLIC        T2CON
  C:0476H         PUBLIC        DC_BAT_led_ctrl
  C:12ABH         PUBLIC        _BAT_led_mode
  D:001FH         SYMBOL        ucBT_led_mode_emr_b
  D:00D0H         PUBLIC        PSW
  -------         PROC          LED_CTRL_INIT
  C:11DFH         LINE#         26
  C:11DFH         LINE#         27
  C:11DFH         LINE#         29
  C:11E1H         LINE#         30
  C:11E3H         LINE#         31
  C:11E6H         LINE#         32
  C:11E8H         LINE#         35
  C:11EAH         LINE#         36
  C:11ECH         LINE#         37
  C:11F0H         LINE#         38
  -------         ENDPROC       LED_CTRL_INIT
  -------         PROC          _DC_LED_MODE
[...]
  C:0D7AH         LINE#         24
  C:0D82H         LINE#         25
  C:0D8BH         LINE#         26
  C:0D8BH         LINE#         27
  C:0D90H         LINE#         29
  C:0D93H         LINE#         30
  C:0D9DH         LINE#         32
  C:0D9FH         LINE#         33
  C:0DAAH         LINE#         34
  C:0DAAH         LINE#         35
  C:0DADH         LINE#         37
  C:0DBFH         LINE#         39
  C:0DC4H         LINE#         40
  C:0DC4H         LINE#         41
  C:0DC4H         LINE#         42
  -------         ENDPROC       APP_ADC_SERVER
  -------         ENDMOD        APP_ADC

  -------         MODULE        APP_RESET_BT
  C:0000H         SYMBOL        _ICE_DUMMY_
  D:0080H         PUBLIC        P0
  D:0090H         PUBLIC        P1
  D:00A0H         PUBLIC        P2
  D:00B0H         PUBLIC        P3
  D:006CH         SYMBOL        uwReset_time
  D:00D8H         PUBLIC        PWMCON0
  D:00A8H         PUBLIC        IE
  C:125FH         PUBLIC        App_Reset_BT_start
  D:00B8H         PUBLIC        IP
  B:0090H.4       PUBLIC        a_oReset_BT
  D:0098H         PUBLIC        SCON
BL51 BANKED LINKER/LOCATER V6.22.2.0                                                  03/08/2021  17:08:27  PAGE 40


  D:0088H         PUBLIC        TCON
  D:00F8H         PUBLIC        SCON_1
  D:00E8H         PUBLIC        ADCCON0
  D:00C0H         PUBLIC        I2CON
  D:00C8H         PUBLIC        T2CON
  D:00D0H         PUBLIC        PSW
  C:1131H         PUBLIC        App_Reset_BT_server
  -------         PROC          APP_RESET_BT_START
  C:125FH         LINE#         12
  C:125FH         LINE#         13
  C:125FH         LINE#         14
  C:1261H         LINE#         15
  C:1267H         LINE#         16
  -------         ENDPROC       APP_RESET_BT_START
  -------         PROC          APP_RESET_BT_SERVER
  C:1131H         LINE#         18
  C:1131H         LINE#         19
  C:1131H         LINE#         20
  C:113CH         LINE#         21
  C:113CH         LINE#         22
  C:1144H         LINE#         23
  C:114AH         LINE#         24
  C:114AH         LINE#         25
  C:114CH         LINE#         26
  C:114CH         LINE#         27
  C:114CH         LINE#         28
  -------         ENDPROC       APP_RESET_BT_SERVER
  -------         ENDMOD        APP_RESET_BT

  -------         MODULE        APP_EMR_POWER
  C:0000H         SYMBOL        _ICE_DUMMY_
  D:0080H         PUBLIC        P0
  D:0090H         PUBLIC        P1
  D:00A0H         PUBLIC        P2
  D:00B0H         PUBLIC        P3
  D:00D8H         PUBLIC        PWMCON0
  D:00A8H         PUBLIC        IE
  C:12AEH         PUBLIC        APP_EMR_Power_Init
  C:12B1H         PUBLIC        APP_EMR_Power_ON
  D:00B8H         PUBLIC        IP
  D:0098H         PUBLIC        SCON
  D:0088H         PUBLIC        TCON
  B:0090H.2       PUBLIC        a_emr_pwr
  D:00F8H         PUBLIC        SCON_1
  C:12B4H         PUBLIC        APP_EMR_Power_OFF
  D:00E8H         PUBLIC        ADCCON0
  D:00C0H         PUBLIC        I2CON
  D:00C8H         PUBLIC        T2CON
  D:00D0H         PUBLIC        PSW
  -------         PROC          APP_EMR_POWER_INIT
  C:12AEH         LINE#         12
  C:12AEH         LINE#         13
  C:12AEH         LINE#         15
  -------         ENDPROC       APP_EMR_POWER_INIT
  -------         PROC          APP_EMR_POWER_ON
  C:12B1H         LINE#         23
  C:12B1H         LINE#         24
BL51 BANKED LINKER/LOCATER V6.22.2.0                                                  03/08/2021  17:08:27  PAGE 41


  C:12B1H         LINE#         25
  C:12B3H         LINE#         26
  -------         ENDPROC       APP_EMR_POWER_ON
  -------         PROC          APP_EMR_POWER_OFF
  C:12B4H         LINE#         33
  C:12B4H         LINE#         34
  C:12B4H         LINE#         35
  C:12B6H         LINE#         36
  -------         ENDPROC       APP_EMR_POWER_OFF
  -------         ENDMOD        APP_EMR_POWER

  -------         MODULE        APP_LOW_POWER_MODE
  C:0000H         SYMBOL        _ICE_DUMMY_
  D:00F6H         PUBLIC        AINDIDS
  D:00B1H         PUBLIC        P0M1
  D:00B2H         PUBLIC        P0M2
  D:0080H         PUBLIC        P0
  D:0090H         PUBLIC        P1
  D:00ACH         PUBLIC        P3M1
  D:00A0H         PUBLIC        P2
  D:00B0H         PUBLIC        P3
  D:00ADH         PUBLIC        P3M2
  D:00D8H         PUBLIC        PWMCON0
  C:0F62H         SYMBOL        _delay500ms
  C:10F6H         PUBLIC        _APP_System_Sleep_State
  D:00A8H         PUBLIC        IE
  B:0090H.1       PUBLIC        a_oLed_bat_low
  C:12BDH         SYMBOL        APP_Get_Deep_Sleep_Time_Val
  D:00B8H         PUBLIC        IP
  B:0090H.0       PUBLIC        a_oLed_data_w
  C:12BAH         SYMBOL        _APP_Set_Deep_Sleep_Time_Val
  B:0080H.1       PUBLIC        a_oLed_dc_in
  B:0080H.0       PUBLIC        a_oLed_emr_b
  C:0E0FH         PUBLIC        APP_Enter_Low_Power_Mode
  D:0087H         PUBLIC        PCON
  D:0063H         SYMBOL        deep_sleep_time_state
  D:0098H         PUBLIC        SCON
  D:0088H         PUBLIC        TCON
  D:0064H         PUBLIC        Deep_Sleep_State_Bat
  D:0065H         PUBLIC        Deep_Sleep_State
  D:00F8H         PUBLIC        SCON_1
  C:0D26H         PUBLIC        APP_Exit_Low_Power_Mode
  B:00B0H.0       PUBLIC        a_iHALL
  D:009BH         PUBLIC        EIE
  D:00E8H         PUBLIC        ADCCON0
  D:00E1H         PUBLIC        ADCCON1
  C:12B7H         PUBLIC        APP_Get_System_Sleep_Current_Status
  D:00C0H         PUBLIC        I2CON
  D:00ECH         PUBLIC        PIF
  C:127CH         PUBLIC        APP_System_Default_Low_Power_Mode
  D:00C8H         PUBLIC        T2CON
  C:0FFFH         PUBLIC        APP_LOW_Power_Mode_Server
  D:00E9H         PUBLIC        PICON
  D:00D0H         PUBLIC        PSW
  D:00EAH         PUBLIC        PINEN
  D:00EBH         PUBLIC        PIPEN
  -------         PROC          _DELAY500MS
BL51 BANKED LINKER/LOCATER V6.22.2.0                                                  03/08/2021  17:08:27  PAGE 42


  D:0001H         SYMBOL        ms
  -------         DO            
  D:0006H         SYMBOL        i
  D:0005H         SYMBOL        j
  D:0004H         SYMBOL        k
  D:0007H         SYMBOL        m
  -------         ENDDO         
  C:0F62H         LINE#         12
  C:0F64H         LINE#         13
  C:0F64H         LINE#         15
  C:0F6BH         LINE#         16
  C:0F6BH         LINE#         17
  C:0F77H         LINE#         18
  C:0F83H         LINE#         19
  C:0F98H         LINE#         20
  C:0F9BH         LINE#         21
  -------         ENDPROC       _DELAY500MS
  -------         PROC          APP_ENTER_LOW_POWER_MODE
  C:0E0FH         LINE#         29
  C:0E0FH         LINE#         30
  C:0E0FH         LINE#         31
  C:0E17H         LINE#         32
  C:0E17H         LINE#         33
  C:0E1DH         LINE#         34
  C:0E1FH         LINE#         36
  C:0E22H         LINE#         37
  C:0E25H         LINE#         38
  C:0E28H         LINE#         39
  C:0E2BH         LINE#         40
  C:0E2EH         LINE#         41
  C:0E31H         LINE#         42
  C:0E34H         LINE#         44
  C:0E37H         LINE#         45
  C:0E3AH         LINE#         46
  C:0E3DH         LINE#         47
  C:0E40H         LINE#         48
  C:0E43H         LINE#         49
  C:0E46H         LINE#         50
  C:0E48H         LINE#         51
  C:0E4AH         LINE#         52
  C:0E4CH         LINE#         53
  C:0E4EH         LINE#         54
  C:0E4EH         LINE#         55
  C:0E51H         LINE#         61
  C:0E54H         LINE#         65
  C:0E57H         LINE#         77
  -------         ENDPROC       APP_ENTER_LOW_POWER_MODE
  -------         PROC          APP_EXIT_LOW_POWER_MODE
  C:0D26H         LINE#         84
  C:0D26H         LINE#         85
  C:0D26H         LINE#         86
  C:0D29H         LINE#         95
  C:0D3EH         LINE#         98
  C:0D46H         LINE#         99
  C:0D46H         LINE#         100
  C:0D4AH         LINE#         101
  C:0D50H         LINE#         107
BL51 BANKED LINKER/LOCATER V6.22.2.0                                                  03/08/2021  17:08:27  PAGE 43


  C:0D53H         LINE#         108
  C:0D56H         LINE#         109
  C:0D59H         LINE#         110
  C:0D5CH         LINE#         111
  C:0D5FH         LINE#         112
  C:0D62H         LINE#         113
  C:0D65H         LINE#         115
  C:0D68H         LINE#         116
  C:0D6BH         LINE#         117
  C:0D6EH         LINE#         118
  C:0D71H         LINE#         119
  C:0D74H         LINE#         120
  C:0D77H         LINE#         121
  C:0D77H         LINE#         122
  -------         ENDPROC       APP_EXIT_LOW_POWER_MODE
  -------         PROC          APP_SYSTEM_DEFAULT_LOW_POWER_MODE
  C:127CH         LINE#         139
  C:127CH         LINE#         140
  C:127CH         LINE#         141
  C:127FH         LINE#         142
  C:1281H         LINE#         143
  -------         ENDPROC       APP_SYSTEM_DEFAULT_LOW_POWER_MODE
  -------         PROC          _APP_SYSTEM_SLEEP_STATE
  D:0007H         SYMBOL        SleepState
  C:10F6H         LINE#         150
  C:10F6H         LINE#         151
  C:10F6H         LINE#         152
  C:1104H         LINE#         153
  C:1104H         LINE#         154
  C:1104H         LINE#         155
  C:1107H         LINE#         156
  C:1108H         LINE#         157
  C:1108H         LINE#         158
  C:110BH         LINE#         159
  C:110CH         LINE#         160
  C:110CH         LINE#         161
  C:110FH         LINE#         162
  C:1110H         LINE#         163
  C:1110H         LINE#         164
  C:1113H         LINE#         165
  C:1113H         LINE#         166
  C:1113H         LINE#         167
  C:1113H         LINE#         168
  -------         ENDPROC       _APP_SYSTEM_SLEEP_STATE
  -------         PROC          APP_GET_SYSTEM_SLEEP_CURRENT_STATUS
  C:12B7H         LINE#         175
  C:12B7H         LINE#         176
  C:12B7H         LINE#         177
  C:12B9H         LINE#         178
  -------         ENDPROC       APP_GET_SYSTEM_SLEEP_CURRENT_STATUS
  -------         PROC          _APP_SET_DEEP_SLEEP_TIME_VAL
  D:0007H         SYMBOL        value
  C:12BAH         LINE#         185
  C:12BAH         LINE#         186
  C:12BAH         LINE#         187
  C:12BCH         LINE#         188
  -------         ENDPROC       _APP_SET_DEEP_SLEEP_TIME_VAL
BL51 BANKED LINKER/LOCATER V6.22.2.0                                                  03/08/2021  17:08:27  PAGE 44


  -------         PROC          APP_GET_DEEP_SLEEP_TIME_VAL
  C:12BDH         LINE#         195
  C:12BDH         LINE#         196
  C:12BDH         LINE#         197
  C:12BFH         LINE#         198
  -------         ENDPROC       APP_GET_DEEP_SLEEP_TIME_VAL
  -------         PROC          APP_LOW_POWER_MODE_SERVER
  C:0FFFH         LINE#         205
  C:0FFFH         LINE#         206
  C:0FFFH         LINE#         207
  C:1005H         LINE#         208
  C:1005H         LINE#         209
  C:1014H         LINE#         210
  C:1014H         LINE#         211
  C:1014H         LINE#         212
  C:1017H         LINE#         213
  C:101AH         LINE#         215
  C:101AH         LINE#         216
  C:101AH         LINE#         217
  C:101DH         LINE#         222
  C:101DH         LINE#         223
  C:101FH         LINE#         224
  C:101FH         LINE#         225
  C:1022H         LINE#         230
  C:1022H         LINE#         231
  C:1024H         LINE#         232
  C:1024H         LINE#         233
  C:1027H         LINE#         234
  C:102CH         LINE#         235
  C:102FH         LINE#         236
  C:102FH         LINE#         237
  C:102FH         LINE#         238
  C:102FH         LINE#         239
  C:102FH         LINE#         240
  C:102FH         LINE#         241
  -------         ENDPROC       APP_LOW_POWER_MODE_SERVER
  -------         ENDMOD        APP_LOW_POWER_MODE

  -------         MODULE        APP_EXTERNAL_INTERRUPT_0
  C:0000H         SYMBOL        _ICE_DUMMY_
  D:0080H         PUBLIC        P0
  D:0090H         PUBLIC        P1
  D:00A0H         PUBLIC        P2
  D:00B0H         PUBLIC        P3
  D:00D8H         PUBLIC        PWMCON0
  D:00A8H         PUBLIC        IE
  D:00B8H         PUBLIC        IP
  D:0098H         PUBLIC        SCON
  D:0088H         PUBLIC        TCON
  D:00F8H         PUBLIC        SCON_1
  B:0088H.0       PUBLIC        IT0
  B:00A8H.0       PUBLIC        EX0
  C:0022H         PUBLIC        APP_External_Interrupt_IRQHandler
  C:1282H         PUBLIC        APP_INT0_Init
  D:00E8H         PUBLIC        ADCCON0
  D:00C0H         PUBLIC        I2CON
  D:00C8H         PUBLIC        T2CON
BL51 BANKED LINKER/LOCATER V6.22.2.0                                                  03/08/2021  17:08:27  PAGE 45


  D:00D0H         PUBLIC        PSW
  -------         PROC          APP_INT0_INIT
  C:1282H         LINE#         5
  C:1282H         LINE#         6
  C:1282H         LINE#         7
  C:1284H         LINE#         9
  C:1286H         LINE#         10
  -------         ENDPROC       APP_INT0_INIT
  -------         PROC          APP_EXTERNAL_INTERRUPT_IRQHANDLER
  C:0022H         LINE#         12
  C:0022H         LINE#         18
  -------         ENDPROC       APP_EXTERNAL_INTERRUPT_IRQHANDLER
  -------         ENDMOD        APP_EXTERNAL_INTERRUPT_0

  -------         MODULE        APP_PIN_INTERRUPT
  C:0000H         SYMBOL        _ICE_DUMMY_
  D:0080H         PUBLIC        P0
  D:0090H         PUBLIC        P1
  D:00A0H         PUBLIC        P2
  D:00B0H         PUBLIC        P3
  D:00D8H         PUBLIC        PWMCON0
  D:00A8H         PUBLIC        IE
  C:0026H         PUBLIC        APP_Pin_Interrupt_Init
  D:00B8H         PUBLIC        IP
  D:0098H         PUBLIC        SCON
  D:0088H         PUBLIC        TCON
  C:0CD0H         PUBLIC        APP_PIN_IRQHandler
  D:00F8H         PUBLIC        SCON_1
  D:009BH         PUBLIC        EIE
  D:00E8H         PUBLIC        ADCCON0
  D:00C0H         PUBLIC        I2CON
  D:00ECH         PUBLIC        PIF
  D:00C8H         PUBLIC        T2CON
  D:00E9H         PUBLIC        PICON
  D:00D0H         PUBLIC        PSW
  D:00EBH         PUBLIC        PIPEN
  -------         PROC          APP_PIN_INTERRUPT_INIT
  C:0026H         LINE#         6
  C:0026H         LINE#         7
  C:0026H         LINE#         26
  C:0029H         LINE#         27
  C:002CH         LINE#         28
  C:002FH         LINE#         29
  C:0032H         LINE#         30
  C:0035H         LINE#         31
  C:0038H         LINE#         33
  -------         ENDPROC       APP_PIN_INTERRUPT_INIT
  -------         PROC          APP_PIN_IRQHANDLER
  C:0CD0H         LINE#         35
  C:0CEDH         LINE#         66
  C:0CEDH         LINE#         67
  C:0CFDH         LINE#         68
  C:0CFDH         LINE#         69
  C:0D00H         LINE#         70
  C:0D03H         LINE#         71
  C:0D06H         LINE#         72
  C:0D0BH         LINE#         74
BL51 BANKED LINKER/LOCATER V6.22.2.0                                                  03/08/2021  17:08:27  PAGE 46


  C:0D0BH         LINE#         75
  C:0D0BH         LINE#         91
  -------         ENDPROC       APP_PIN_IRQHANDLER
  -------         ENDMOD        APP_PIN_INTERRUPT

  -------         MODULE        DELAY
  C:11F1H         SEGMENT       ?PR?_DELAY_US?DELAY
  D:006EH         SEGMENT       ?DT?_DELAY_US?DELAY
  C:10B2H         SEGMENT       ?PR?_DELAY_MS?DELAY
  D:0053H         SEGMENT       ?DT?_DELAY_MS?DELAY
  C:10B2H         PUBLIC        _DELAY_MS
  C:11F1H         PUBLIC        _DELAY_US
  C:10BBH         SYMBOL        ?C0002
  C:10D7H         SYMBOL        ?C0005
  C:10D5H         SYMBOL        ?C0006
  D:0053H         SYMBOL        ?_DELAY_MS?BYTE
  D:006EH         SYMBOL        ?_DELAY_US?BYTE
  N:0000H         SYMBOL        DELAY
  D:0055H         SYMBOL        I?142
  C:11F6H         SYMBOL        LOOP
  D:006EH         SYMBOL        UWTIME?040
  D:0053H         SYMBOL        UWTIME?141
  C:11F1H         LINE#         33
  C:11F3H         LINE#         34
  C:11F5H         LINE#         42
  C:11F6H         LINE#         48
  C:11F8H         LINE#         50
  C:11F9H         LINE#         52
  C:11FAH         LINE#         54
  C:11FCH         LINE#         56
  C:11FEH         LINE#         60
  C:1200H         LINE#         64
  C:10B2H         LINE#         74
  C:10B4H         LINE#         75
  C:10B6H         LINE#         81
  C:10B7H         LINE#         82
  C:10B9H         LINE#         83
  C:10BBH         LINE#         85
  C:10BCH         LINE#         86
  C:10BEH         LINE#         87
  C:10C0H         LINE#         88
  C:10C2H         LINE#         89
  C:10C4H         LINE#         90
  C:10C6H         LINE#         95
  C:10C8H         LINE#         96
  C:10CAH         LINE#         97
  C:10CDH         LINE#         100
  C:10CFH         LINE#         101
  C:10D1H         LINE#         102
  C:10D3H         LINE#         103
  C:10D5H         LINE#         105
  C:10D7H         LINE#         108
  -------         ENDMOD        DELAY

  -------         MODULE        ?C_STARTUP
  C:05DEH         SEGMENT       ?C_C51STARTUP
  I:0070H         SEGMENT       ?STACK
BL51 BANKED LINKER/LOCATER V6.22.2.0                                                  03/08/2021  17:08:27  PAGE 47


  C:0000H         PUBLIC        ?C_STARTUP
  D:00E0H         SYMBOL        ACC
  D:00F0H         SYMBOL        B
  D:0083H         SYMBOL        DPH
  D:0082H         SYMBOL        DPL
  N:0000H         SYMBOL        IBPSTACK
  N:0100H         SYMBOL        IBPSTACKTOP
  N:0080H         SYMBOL        IDATALEN
  C:05E1H         SYMBOL        IDATALOOP
  N:0000H         SYMBOL        PBPSTACK
  N:0000H         SYMBOL        PBPSTACKTOP
  N:0000H         SYMBOL        PDATALEN
  N:0000H         SYMBOL        PDATASTART
  N:0000H         SYMBOL        PPAGE
  N:0000H         SYMBOL        PPAGEENABLE
  D:00A0H         SYMBOL        PPAGE_SFR
  D:0081H         SYMBOL        SP
  C:05DEH         SYMBOL        STARTUP1
  N:0000H         SYMBOL        XBPSTACK
  N:0000H         SYMBOL        XBPSTACKTOP
  N:02FFH         SYMBOL        XDATALEN
  C:05ECH         SYMBOL        XDATALOOP
  N:0000H         SYMBOL        XDATASTART
  C:0000H         LINE#         94
  C:05DEH         LINE#         109
  C:05E0H         LINE#         110
  C:05E1H         LINE#         111
  C:05E2H         LINE#         112
  C:05E4H         LINE#         116
  C:05E7H         LINE#         117
  C:05E9H         LINE#         119
  C:05EBH         LINE#         123
  C:05ECH         LINE#         124
  C:05EDH         LINE#         125
  C:05EEH         LINE#         126
  C:05F0H         LINE#         127
  C:05F2H         LINE#         161
  C:05F5H         LINE#         165
  -------         ENDMOD        ?C_STARTUP

  -------         MODULE        ?C?CLDPTR
  C:052CH         PUBLIC        ?C?CLDPTR
  -------         ENDMOD        ?C?CLDPTR

  -------         MODULE        ?C?CLDOPTR
  C:0545H         PUBLIC        ?C?CLDOPTR
  -------         ENDMOD        ?C?CLDOPTR

  -------         MODULE        ?C?CSTOPTR
  C:0572H         PUBLIC        ?C?CSTOPTR
  -------         ENDMOD        ?C?CSTOPTR

  -------         MODULE        ?C?ILDPTR
  C:0594H         PUBLIC        ?C?ILDPTR
  -------         ENDMOD        ?C?ILDPTR

  -------         MODULE        ?C?ISTPTR
BL51 BANKED LINKER/LOCATER V6.22.2.0                                                  03/08/2021  17:08:27  PAGE 48


  C:05BFH         PUBLIC        ?C?ISTPTR
  -------         ENDMOD        ?C?ISTPTR

Program Size: data=112.5 xdata=62 code=4798
LINK/LOCATE RUN COMPLETE.  0 WARNING(S),  0 ERROR(S)
