C51 COMPILER V9.60.0.0   MAIN                                                              03/08/2021 17:08:25 PAGE 1   


C51 COMPILER V9.60.0.0, COMPILATION OF MODULE MAIN
OBJECT MODULE PLACED IN .\Output\Main.obj
COMPILER INVOKED BY: C:\Keil_v5\C51\BIN\C51.EXE ..\Main\Main.c OPTIMIZE(8,SPEED) BROWSE INCDIR(..\Library;..\Main;..\Lib
                    -rary\Device\Include;..\Main\0AC;..\Main) DEFINE(FOSC_160000) DEBUG OBJECTEXTEND PRINT(.\LST\Main.lst) TABS(2) OBJECT(.\O
                    -utput\Main.obj)

line level    source

   1          #include "includes.h"
   2          #include "Sys_Init.h"
   3          #include "Sys_Time0_IRQ.h"
   4          #include "Sys_Adc.h"
   5          #include "App_BT_Uart0.h"
   6          #include "App_Key.h"
   7          #include "App_Charge_bat.h"
   8          #include "App_Hall.h"
   9          #include "App_pwr_off.h"
  10          #include "App_iap_info.h"
  11          #include "APP_Adc.h"
  12          #include "App_Reset_BT.h"
  13          #include "APP_EMR_Power.h"
  14          #include "APP_Low_Power_Mode.h"
  15          #include "APP_External_Interrupt_0.h"
  16          #include "APP_Pin_Interrupt.h"
  17          
  18          //u16 power_on_state = 0xff;
  19          
  20          void main (void)
  21          {
  22   1          static u16 uwMain_Clk = 0; 
  23   1          
  24   1          clr_IE_EA;
  25   1          SYS_Init();
  26   1          APP_EMR_Power_ON();
  27   1          //APP_EMR_Power_Init();
  28   1          //APP_EMR_Power_OFF();
  29   1          APP_INT0_Init();
  30   1          APP_Pin_Interrupt_Init();
  31   1          set_IE_EA;                                     //enable interrupts
  32   1          
  33   1          //app
  34   1          App_Reset_BT_start();
  35   1          pwr_off_init();
  36   1          APP_System_Default_Low_Power_Mode();
  37   1          App_charge_bat_init();
  38   1          app_key_init();
  39   1          app_bt_init();
  40   1          app_hall_init();
  41   1          //power_on_state = 1;
  42   1      
  43   1          while(1)
  44   1          {
  45   2              Adc_server();
  46   2              if(fMain_INT)
  47   2          {
  48   3            fMain_INT = 0;
  49   3          }
  50   2              if(mTime0_DLY_US(&uwMain_Clk, 5000))
  51   2              {   
  52   3                  app_key_server();
  53   3                  App_charge_bat_server();
C51 COMPILER V9.60.0.0   MAIN                                                              03/08/2021 17:08:25 PAGE 2   

  54   3                  app_hall_server();
  55   3                  app_bt_server();
  56   3                  pwr_off_server();
  57   3                  APP_Adc_server();
  58   3                  App_Reset_BT_server();
  59   3                  APP_LOW_Power_Mode_Server();
  60   3                  //power_on_state = 2;
  61   3              }
  62   2          }
  63   1      }
  64            


MODULE INFORMATION:   STATIC OVERLAYABLE
   CODE SIZE        =     87    ----
   CONSTANT SIZE    =   ----    ----
   XDATA SIZE       =   ----    ----
   PDATA SIZE       =   ----    ----
   DATA SIZE        =      2    ----
   IDATA SIZE       =   ----    ----
   BIT SIZE         =   ----    ----
END OF MODULE INFORMATION.


C51 COMPILATION COMPLETE.  0 WARNING(S),  0 ERROR(S)
