C51 COMPILER V9.60.0.0   SYS_INIT                                                          03/08/2021 17:08:25 PAGE 1   


C51 COMPILER V9.60.0.0, COMPILATION OF MODULE SYS_INIT
OBJECT MODULE PLACED IN .\Output\Sys_Init.obj
COMPILER INVOKED BY: C:\Keil_v5\C51\BIN\C51.EXE ..\Main\Sys_Init.c OPTIMIZE(8,SPEED) BROWSE INCDIR(..\Library;..\Main;..
                    -\Library\Device\Include;..\Main\0AC;..\Main) DEFINE(FOSC_160000) DEBUG OBJECTEXTEND PRINT(.\LST\Sys_Init.lst) TABS(2) OB
                    -JECT(.\Output\Sys_Init.obj)

line level    source

   1          //*****************文*件*信*息********************************************
   2          // *文 件 名：Init.c
   3          // *版　  本：V1.0
   4          // *创 建 人：
   5          // *日　  期：
   6          // *描　  述：
   7          // *
   8          // *当前版本：V1.0
   9          // *修 改 人：
  10          // *日　  期：
  11          // *描　  述：
  12          //************************************************************************
  13          #include "Includes.h"
  14          
  15          #include "Sys_Init.h"
  16          #include "Sys_Time0_IRQ.h"
  17          #include "Sys_Uart0_IRQ.h"
  18          #include "Sys_Adc.h"
  19          #include "App_Flash.h"
  20          #include "App_BT_Uart0.h"
  21          #include "App_Key.h"
  22          #include "App_Charge_bat.h"
  23          #include "App_Hall.h"
  24          
  25          static void MODIFY_HIRC_VLAUE(void);
  26          static void RCC_Init( void );
  27          static void Port_init(void);
  28          
  29          
  30          //************************************************************************
  31          // *功    能：修改HIRC 为16.6MHZ   
  32          // *入    口：
  33          // *出    口：
  34          // *备    注：
  35          // *函数性质：
  36          //************************************************************************
  37          static void MODIFY_HIRC_VLAUE(void)
  38          {
  39   1          u8 hircmap0,hircmap1;
  40   1          u16 trimvalue16bit;
  41   1          
  42   1        set_IAPEN;
  43   1        IAPAL = 0x30;
  44   1          IAPAH = 0x00;
  45   1          IAPCN = READ_UID;
  46   1          set_IAPGO;
  47   1        hircmap0 = IAPFD;
  48   1        IAPAL = 0x31;
  49   1          IAPAH = 0x00;
  50   1          set_IAPGO;
  51   1        hircmap1 = IAPFD;
  52   1        clr_IAPEN;
  53   1        trimvalue16bit = ((hircmap0<<1)+(hircmap1&0x01));
C51 COMPILER V9.60.0.0   SYS_INIT                                                          03/08/2021 17:08:25 PAGE 2   

  54   1        trimvalue16bit = trimvalue16bit - 15;
  55   1        hircmap1 = trimvalue16bit&0x01;
  56   1        hircmap0 = trimvalue16bit>>1;
  57   1        TA=0XAA;
  58   1        TA=0X55;
  59   1        RCTRIM0 = hircmap0;
  60   1        TA=0XAA;
  61   1        TA=0X55;
  62   1        RCTRIM1 = hircmap1;
  63   1      }
  64          
  65          //************************************************************************
  66          // *功    能：时钟初始化
  67          // *入    口：
  68          // *出    口：
  69          // *备    注：
  70          // *函数性质：
  71          //************************************************************************
  72          static void RCC_Init( void )
  73          {
  74   1          
  75   1      #if 1
  76   1          
  77   1          set_HIRCEN;     //使能内部时钟
  78   1          clr_EXTEN1;     //禁止外部时间,P30为普通IO
  79   1          clr_EXTEN0;     //禁止外部时间,P30为普通IO
  80   1          
  81   1          while((CKSWT & SET_BIT5) == 0);     //等待内部时钟稳定
  82   1          
  83   1          MODIFY_HIRC_VLAUE();                //修改HIRC 为16.6MHZ   
  84   1          
  85   1      #else
                  set_EXTEN1;     //使能外部时钟
                  set_EXTEN0;
                  clr_HIRCEN;     //禁止内部时钟
                  while((CKSWT & SET_BIT3) == 0);     //等待外部时钟稳定
                  
                  clr_OSC1;
                  set_OSC0;       //选在外部时钟
                  
                  while(CKEN & SET_BIT0);             //等待切换完成
                  
              #endif
  97   1          
  98   1      #if 0
                  P11_Quasi_Mode;
                  set_CLOEN;      //P1.1 输出时针
              #endif
 102   1      
 103   1      }
 104          
 105          //************************************************************************
 106          // *功    能：系统初始化
 107          // *入    口：
 108          // *出    口：
 109          // *备    注：
 110          // *函数性质：
 111          //************************************************************************
 112          void SYS_Init( void )
 113          {
 114   1          RCC_Init();  
 115   1          Time0_Init();
C51 COMPILER V9.60.0.0   SYS_INIT                                                          03/08/2021 17:08:25 PAGE 3   

 116   1          Adc_Init();
 117   1          Port_init();
 118   1          Uart0_Init();
 119   1      }
 120          
 121          //************************************************************************
 122          // *功    能：外部模块初始化
 123          // *入    口：
 124          // *出    口：
 125          // *备    注：
 126          // *函数性质：
 127          //************************************************************************
 128          void Module_Init(void)
 129          {
 130   1        
 131   1      }
 132          
 133          static void Port_init(void)
 134          {
 135   1          ALL_GPIO_QUASI_MODE;
 136   1      
 137   1          P05_PUSHPULL_MODE;
 138   1        P15_INPUT_MODE;
 139   1      
 140   1          //
 141   1          P00_PUSHPULL_MODE;
 142   1          P01_PUSHPULL_MODE;
 143   1          P10_PUSHPULL_MODE;
 144   1          P11_PUSHPULL_MODE;
 145   1      
 146   1          //
 147   1          P03_INPUT_MODE;
 148   1          P17_INPUT_MODE;
 149   1      
 150   1          //
 151   1          P30_INPUT_MODE;
 152   1          
 153   1          //
 154   1          P14_PUSHPULL_MODE;
 155   1      }
 156          


MODULE INFORMATION:   STATIC OVERLAYABLE
   CODE SIZE        =    301    ----
   CONSTANT SIZE    =   ----    ----
   XDATA SIZE       =   ----    ----
   PDATA SIZE       =   ----    ----
   DATA SIZE        =   ----    ----
   IDATA SIZE       =   ----    ----
   BIT SIZE         =   ----    ----
END OF MODULE INFORMATION.


C51 COMPILATION COMPLETE.  0 WARNING(S),  0 ERROR(S)
